###############################################################################
#
# IAR ELF Linker V8.20.1.14183/W32 for ARM                24/Nov/2018  16:45:51
# Copyright 2007-2017 IAR Systems AB.
#
#    Output file  =  
#        C:\GIT\RevvyDemoKit\STM32F411\EWARM\RevvyDemo\Exe\RevvyDemo.out
#    Map file     =  
#        C:\GIT\RevvyDemoKit\STM32F411\EWARM\RevvyDemo\List\RevvyDemo.map
#    Command line =  
#        -f C:\Users\david\AppData\Local\Temp\EW5C8.tmp
#        (C:\GIT\RevvyDemoKit\STM32F411\EWARM\RevvyDemo\Obj\cmsis_os.o
#        C:\GIT\RevvyDemoKit\STM32F411\EWARM\RevvyDemo\Obj\croutine.o
#        C:\GIT\RevvyDemoKit\STM32F411\EWARM\RevvyDemo\Obj\event_groups.o
#        C:\GIT\RevvyDemoKit\STM32F411\EWARM\RevvyDemo\Obj\freertos.o
#        C:\GIT\RevvyDemoKit\STM32F411\EWARM\RevvyDemo\Obj\heap_4.o
#        C:\GIT\RevvyDemoKit\STM32F411\EWARM\RevvyDemo\Obj\list.o
#        C:\GIT\RevvyDemoKit\STM32F411\EWARM\RevvyDemo\Obj\lsm303dlhc.o
#        C:\GIT\RevvyDemoKit\STM32F411\EWARM\RevvyDemo\Obj\main.o
#        C:\GIT\RevvyDemoKit\STM32F411\EWARM\RevvyDemo\Obj\port.o
#        C:\GIT\RevvyDemoKit\STM32F411\EWARM\RevvyDemo\Obj\portasm.o
#        C:\GIT\RevvyDemoKit\STM32F411\EWARM\RevvyDemo\Obj\queue.o
#        C:\GIT\RevvyDemoKit\STM32F411\EWARM\RevvyDemo\Obj\startup_stm32f411xe.o
#        C:\GIT\RevvyDemoKit\STM32F411\EWARM\RevvyDemo\Obj\stm32f411e_discovery.o
#        C:\GIT\RevvyDemoKit\STM32F411\EWARM\RevvyDemo\Obj\stm32f411e_discovery_accelerometer.o
#        C:\GIT\RevvyDemoKit\STM32F411\EWARM\RevvyDemo\Obj\stm32f4xx_hal.o
#        C:\GIT\RevvyDemoKit\STM32F411\EWARM\RevvyDemo\Obj\stm32f4xx_hal_adc.o
#        C:\GIT\RevvyDemoKit\STM32F411\EWARM\RevvyDemo\Obj\stm32f4xx_hal_adc_ex.o
#        C:\GIT\RevvyDemoKit\STM32F411\EWARM\RevvyDemo\Obj\stm32f4xx_hal_cortex.o
#        C:\GIT\RevvyDemoKit\STM32F411\EWARM\RevvyDemo\Obj\stm32f4xx_hal_crc.o
#        C:\GIT\RevvyDemoKit\STM32F411\EWARM\RevvyDemo\Obj\stm32f4xx_hal_dma.o
#        C:\GIT\RevvyDemoKit\STM32F411\EWARM\RevvyDemo\Obj\stm32f4xx_hal_dma_ex.o
#        C:\GIT\RevvyDemoKit\STM32F411\EWARM\RevvyDemo\Obj\stm32f4xx_hal_flash.o
#        C:\GIT\RevvyDemoKit\STM32F411\EWARM\RevvyDemo\Obj\stm32f4xx_hal_flash_ex.o
#        C:\GIT\RevvyDemoKit\STM32F411\EWARM\RevvyDemo\Obj\stm32f4xx_hal_flash_ramfunc.o
#        C:\GIT\RevvyDemoKit\STM32F411\EWARM\RevvyDemo\Obj\stm32f4xx_hal_gpio.o
#        C:\GIT\RevvyDemoKit\STM32F411\EWARM\RevvyDemo\Obj\stm32f4xx_hal_i2c.o
#        C:\GIT\RevvyDemoKit\STM32F411\EWARM\RevvyDemo\Obj\stm32f4xx_hal_i2c_ex.o
#        C:\GIT\RevvyDemoKit\STM32F411\EWARM\RevvyDemo\Obj\stm32f4xx_hal_msp.o
#        C:\GIT\RevvyDemoKit\STM32F411\EWARM\RevvyDemo\Obj\stm32f4xx_hal_pcd.o
#        C:\GIT\RevvyDemoKit\STM32F411\EWARM\RevvyDemo\Obj\stm32f4xx_hal_pcd_ex.o
#        C:\GIT\RevvyDemoKit\STM32F411\EWARM\RevvyDemo\Obj\stm32f4xx_hal_pwr.o
#        C:\GIT\RevvyDemoKit\STM32F411\EWARM\RevvyDemo\Obj\stm32f4xx_hal_pwr_ex.o
#        C:\GIT\RevvyDemoKit\STM32F411\EWARM\RevvyDemo\Obj\stm32f4xx_hal_rcc.o
#        C:\GIT\RevvyDemoKit\STM32F411\EWARM\RevvyDemo\Obj\stm32f4xx_hal_rcc_ex.o
#        C:\GIT\RevvyDemoKit\STM32F411\EWARM\RevvyDemo\Obj\stm32f4xx_hal_spi.o
#        C:\GIT\RevvyDemoKit\STM32F411\EWARM\RevvyDemo\Obj\stm32f4xx_hal_tim.o
#        C:\GIT\RevvyDemoKit\STM32F411\EWARM\RevvyDemo\Obj\stm32f4xx_hal_tim_ex.o
#        C:\GIT\RevvyDemoKit\STM32F411\EWARM\RevvyDemo\Obj\stm32f4xx_hal_timebase_tim.o
#        C:\GIT\RevvyDemoKit\STM32F411\EWARM\RevvyDemo\Obj\stm32f4xx_hal_uart.o
#        C:\GIT\RevvyDemoKit\STM32F411\EWARM\RevvyDemo\Obj\stm32f4xx_it.o
#        C:\GIT\RevvyDemoKit\STM32F411\EWARM\RevvyDemo\Obj\stm32f4xx_ll_usb.o
#        C:\GIT\RevvyDemoKit\STM32F411\EWARM\RevvyDemo\Obj\system_stm32f4xx.o
#        C:\GIT\RevvyDemoKit\STM32F411\EWARM\RevvyDemo\Obj\tasks.o
#        C:\GIT\RevvyDemoKit\STM32F411\EWARM\RevvyDemo\Obj\timers.o
#        C:\GIT\RevvyDemoKit\STM32F411\EWARM\RevvyDemo\Obj\WS2812_Lib.o
#        --redirect _Printf=_PrintfFull --redirect _Scanf=_ScanfFull -o
#        C:\GIT\RevvyDemoKit\STM32F411\EWARM\RevvyDemo\Exe\RevvyDemo.out --map
#        C:\GIT\RevvyDemoKit\STM32F411\EWARM\RevvyDemo\List\RevvyDemo.map
#        --config C:\GIT\RevvyDemoKit\STM32F411\EWARM/stm32f411xe_flash.icf
#        --semihosting --entry __iar_program_start --vfe --text_out locale)
#
###############################################################################

*******************************************************************************
*** RUNTIME MODEL ATTRIBUTES
***

CppFlavor       = *
__SystemLibrary = DLib
__dlib_version  = 6


*******************************************************************************
*** HEAP SELECTION
***

The basic heap was selected because no calls to memory allocation
functions were found in the application outside of system library
functions, and there are calls to deallocation functions in the
application.


*******************************************************************************
*** PLACEMENT SUMMARY
***

"A0":  place at 0x08000000 { ro section .intvec };
"P1":  place in [from 0x08000000 to 0x0807ffff] { ro };
define block CSTACK with size = 1K, alignment = 8 { };
define block HEAP with size = 512, alignment = 8 { };
"P2":  place in [from 0x20000000 to 0x2001ffff] {
          rw, block CSTACK, block HEAP };
initialize by copy { rw };

  Section            Kind        Address    Size  Object
  -------            ----        -------    ----  ------
"A0":                                      0x198
  .intvec            ro code  0x08000000   0x198  startup_stm32f411xe.o [1]
                            - 0x08000198   0x198

"P1":                                     0x74c1
  .text              ro code  0x08000198  0x1d5c  main.o [1]
  .text              ro code  0x08001ef4    0x34  stm32f4xx_hal.o [1]
  .text              ro code  0x08001f28    0x94  stm32f4xx_hal_cortex.o [1]
  .text              ro code  0x08001fbc   0x4fc  stm32f4xx_hal_tim.o [1]
  .text              ro code  0x080024b8    0xd2  stm32f4xx_hal_tim_ex.o [1]
  .text              ro code  0x0800258c   0x78c  stm32f4xx_hal_msp.o [1]
  .text              ro code  0x08002d18   0x95a  stm32f4xx_hal_i2c.o [1]
  .text              ro code  0x08003672    0x24  stm32f4xx_hal_crc.o [1]
  .text              ro code  0x08003698   0x514  stm32f4xx_hal_uart.o [1]
  .text              ro code  0x08003bac    0xb0  stm32f4xx_hal_pcd.o [1]
  .text              ro code  0x08003c5c   0x226  stm32f4xx_hal_spi.o [1]
  .text              ro code  0x08003e84   0x2e0  stm32f4xx_hal_gpio.o [1]
  .text              ro code  0x08004164   0x194  stm32f411e_discovery_accelerometer.o [1]
  .text              ro code  0x080042f8    0x48  cmsis_os.o [1]
  .text              ro code  0x08004340     0x6  ABImemclr4.o [5]
  .text              ro code  0x08004348   0x2fc  stm32f4xx_hal_rcc.o [1]
  .text              ro code  0x08004644   0x1dc  stm32f4xx_hal_rcc.o [1]
  .text              ro code  0x08004820   0x42a  stm32f4xx_hal_adc.o [1]
  .text              ro code  0x08004c4c    0x48  FltToDbl.o [4]
  .text              ro code  0x08004c94   0x1a2  DblMul.o [4]
  .text              ro code  0x08004e38   0x246  DblDiv.o [4]
  .text              ro code  0x08005080    0x68  DblToFlt.o [4]
  .text              ro code  0x080050e8   0x1dc  cos_sin32.o [4]
  .text              ro code  0x080052c4    0x12  math_wrappers64.o [4]
  .text              ro code  0x080052d8   0x178  DblAdd.o [4]
  .text              ro code  0x08005450    0x1a  U32ToDbl.o [4]
  .text              ro code  0x0800546c   0x102  sqrt.o [4]
  .text              ro code  0x08005570    0xe2  DblSub.o [4]
  .text              ro code  0x08005654     0xc  stm32f4xx_hal.o [1]
  .text              ro code  0x08005660   0x168  WS2812_Lib.o [1]
  .text              ro code  0x080057c8    0x10  stm32f4xx_hal.o [1]
  .text              ro code  0x080057d8    0x80  stm32f4xx_hal_timebase_tim.o [1]
  .text              ro code  0x08005858     0x2  stm32f4xx_hal_tim.o [1]
  .text              ro code  0x0800585a     0x2  stm32f4xx_hal_tim.o [1]
  .text              ro code  0x0800585c     0x2  stm32f4xx_hal_tim.o [1]
  .text              ro code  0x0800585e     0x2  stm32f4xx_hal_tim_ex.o [1]
  .text              ro code  0x08005860     0x2  stm32f4xx_hal_tim.o [1]
  .text              ro code  0x08005862     0x2  stm32f4xx_hal_tim_ex.o [1]
  .text              ro code  0x08005864   0x390  stm32f4xx_hal_dma.o [1]
  .text              ro code  0x08005bf4     0x2  stm32f4xx_hal_uart.o [1]
  .text              ro code  0x08005bf6     0x2  stm32f4xx_hal_uart.o [1]
  .text              ro code  0x08005bf8     0x2  stm32f4xx_hal_uart.o [1]
  .text              ro code  0x08005bfc   0x218  stm32f4xx_ll_usb.o [1]
  .text              ro code  0x08005e14    0xa6  ABImemcpy.o [5]
  .text              ro code  0x08005eba     0x2  stm32f4xx_hal_spi.o [1]
  .text              ro code  0x08005ebc     0x2  stm32f4xx_hal_spi.o [1]
  .text              ro code  0x08005ec0   0x1c0  stm32f411e_discovery.o [1]
  .text              ro code  0x08006080   0x534  tasks.o [1]
  .text              ro code  0x080065b4    0x32  ABImemset48.o [5]
  .text              ro code  0x080065e8   0x22e  I64DivMod.o [5]
  .text              ro code  0x08006816     0x2  stm32f4xx_hal_adc.o [1]
  .text              ro code  0x08006818     0x2  stm32f4xx_hal_adc.o [1]
  .text              ro code  0x0800681c    0xc4  acos64.o [4]
  .text              ro code  0x080068e0    0x28  stm32f4xx_hal.o [1]
  .text              ro code  0x08006908   0x1c4  heap_4.o [1]
  .text              ro code  0x08006acc    0x90  list.o [1]
  .text              ro code  0x08006b5c   0x1b4  port.o [1]
  .text              ro code  0x08006d10     0x2  I64DivZer.o [5]
  .text              ro code  0x08006d14    0x2e  DblCmpLe.o [4]
  .rodata            const    0x08006d44    0x44  main.o [1]
  .text              ro code  0x08006d88   0x208  iar_Atan64.o [4]
  CODE               ro code  0x08006f90    0xa8  portasm.o [1]
  .text              ro code  0x08007038    0x20  DblCmpEq.o [4]
  .text              ro code  0x08007058    0x2e  DblCmpGe.o [4]
  .text              ro code  0x08007088   0x25e  lsm303dlhc.o [1]
  .text              ro code  0x080072e8    0x22  S32ToDbl.o [4]
  .text              ro code  0x0800730c    0x88  stm32f4xx_it.o [1]
  .text              ro code  0x08007394    0x60  system_stm32f4xx.o [1]
  .text              ro code  0x080073f4    0x40  zero_init3.o [5]
  .text              ro code  0x08007434    0x38  packbits_init_single.o [5]
  .text              ro code  0x0800746c    0x28  data_init.o [5]
  .text              ro code  0x08007494    0x22  fpinit_M.o [4]
  .iar.init_table    const    0x080074b8    0x20  - Linker created -
  .text              ro code  0x080074d8    0x1e  cmain.o [5]
  .text              ro code  0x080074f6     0x4  low_level_init.o [3]
  .text              ro code  0x080074fa     0x4  exit.o [3]
  .text              ro code  0x08007500     0xa  cexit.o [5]
  .text              ro code  0x0800750c    0x14  exit.o [6]
  .text              ro code  0x08007520    0x10  startup_stm32f411xe.o [1]
  .text              ro code  0x08007530     0xc  cstartup_M.o [5]
  .rodata            const    0x0800753c     0x8  system_stm32f4xx.o [1]
  .text              ro code  0x08007544     0x4  startup_stm32f411xe.o [1]
  .text              ro code  0x08007548     0x4  startup_stm32f411xe.o [1]
  .text              ro code  0x0800754c     0x4  startup_stm32f411xe.o [1]
  .text              ro code  0x08007550     0x4  startup_stm32f411xe.o [1]
  .text              ro code  0x08007554     0x4  startup_stm32f411xe.o [1]
  .text              ro code  0x08007558     0x4  startup_stm32f411xe.o [1]
  .text              ro code  0x0800755c     0x4  startup_stm32f411xe.o [1]
  .text              ro code  0x08007560     0x4  startup_stm32f411xe.o [1]
  .text              ro code  0x08007564     0x4  startup_stm32f411xe.o [1]
  .text              ro code  0x08007568     0x4  startup_stm32f411xe.o [1]
  .text              ro code  0x0800756c     0x4  startup_stm32f411xe.o [1]
  .text              ro code  0x08007570     0x4  startup_stm32f411xe.o [1]
  .text              ro code  0x08007574     0x4  startup_stm32f411xe.o [1]
  .text              ro code  0x08007578     0x4  startup_stm32f411xe.o [1]
  .text              ro code  0x0800757c     0x4  startup_stm32f411xe.o [1]
  .text              ro code  0x08007580     0x4  startup_stm32f411xe.o [1]
  .text              ro code  0x08007584     0x4  startup_stm32f411xe.o [1]
  .text              ro code  0x08007588     0x4  startup_stm32f411xe.o [1]
  .text              ro code  0x0800758c     0x4  startup_stm32f411xe.o [1]
  .text              ro code  0x08007590     0x4  startup_stm32f411xe.o [1]
  .text              ro code  0x08007594     0x4  startup_stm32f411xe.o [1]
  .text              ro code  0x08007598     0x4  startup_stm32f411xe.o [1]
  .text              ro code  0x0800759c     0x4  startup_stm32f411xe.o [1]
  .text              ro code  0x080075a0     0x4  startup_stm32f411xe.o [1]
  .text              ro code  0x080075a4     0x4  startup_stm32f411xe.o [1]
  .text              ro code  0x080075a8     0x4  startup_stm32f411xe.o [1]
  .text              ro code  0x080075ac     0x4  startup_stm32f411xe.o [1]
  .text              ro code  0x080075b0     0x4  startup_stm32f411xe.o [1]
  .text              ro code  0x080075b4     0x4  startup_stm32f411xe.o [1]
  .text              ro code  0x080075b8     0x4  startup_stm32f411xe.o [1]
  .text              ro code  0x080075bc     0x4  startup_stm32f411xe.o [1]
  .text              ro code  0x080075c0     0x4  startup_stm32f411xe.o [1]
  .text              ro code  0x080075c4     0x4  startup_stm32f411xe.o [1]
  .text              ro code  0x080075c8     0x4  startup_stm32f411xe.o [1]
  .text              ro code  0x080075cc     0x4  startup_stm32f411xe.o [1]
  .text              ro code  0x080075d0     0x4  startup_stm32f411xe.o [1]
  .text              ro code  0x080075d4     0x4  startup_stm32f411xe.o [1]
  .text              ro code  0x080075d8     0x4  startup_stm32f411xe.o [1]
  .text              ro code  0x080075dc     0x4  startup_stm32f411xe.o [1]
  .text              ro code  0x080075e0     0x4  startup_stm32f411xe.o [1]
  .text              ro code  0x080075e4     0x4  startup_stm32f411xe.o [1]
  .text              ro code  0x080075e8     0x4  startup_stm32f411xe.o [1]
  .text              ro code  0x080075ec     0x4  startup_stm32f411xe.o [1]
  .text              ro code  0x080075f0     0x4  startup_stm32f411xe.o [1]
  .text              ro code  0x080075f4     0x4  startup_stm32f411xe.o [1]
  .text              ro code  0x080075f8     0x4  startup_stm32f411xe.o [1]
  .text              ro code  0x080075fc     0x4  startup_stm32f411xe.o [1]
  .text              ro code  0x08007600     0x4  startup_stm32f411xe.o [1]
  .text              ro code  0x08007604     0x4  startup_stm32f411xe.o [1]
  .text              ro code  0x08007608     0x4  startup_stm32f411xe.o [1]
  .text              ro code  0x0800760c     0x4  startup_stm32f411xe.o [1]
  .text              ro code  0x08007610     0x4  startup_stm32f411xe.o [1]
  .rodata            const    0x08007614     0x0  zero_init3.o [5]
  .rodata            const    0x08007614     0x0  packbits_init_single.o [5]
  Initializer bytes  const    0x08007614    0x45  <for P2-1>
                            - 0x08007659  0x74c1

"P2", part 1 of 3:                         0x199
  P2-1                        0x20000000   0x199  <Init block>
    .data            inited   0x20000000    0x2c  lsm303dlhc.o [1]
    .data            inited   0x2000002c    0xf8  main.o [1]
    .data            inited   0x20000124     0xc  port.o [1]
    .data            inited   0x20000130    0x58  stm32f411e_discovery.o [1]
    .data            inited   0x20000188     0xc  stm32f4xx_hal.o [1]
    .data            inited   0x20000194     0x4  system_stm32f4xx.o [1]
    .data            inited   0x20000198     0x1  WS2812_Lib.o [1]
                            - 0x20000199   0x199

"P2", part 2 of 3:                        0x475c
  .bss               zero     0x2000019c  0x3c18  heap_4.o [1]
  .bss               zero     0x20003db4   0x678  main.o [1]
  .bss               zero     0x2000442c    0xa4  WS2812_Lib.o [1]
  .bss               zero     0x200044d0    0xa0  tasks.o [1]
  .bss               zero     0x20004570    0x8c  tasks.o [1]
  .bss               zero     0x200045fc    0x7c  main.o [1]
  .bss               zero     0x20004678    0x60  main.o [1]
  .bss               zero     0x200046d8    0x60  main.o [1]
  .bss               zero     0x20004738    0x60  main.o [1]
  .bss               zero     0x20004798    0x54  main.o [1]
  .bss               zero     0x200047ec    0x48  main.o [1]
  .bss               zero     0x20004834    0x3c  main.o [1]
  .bss               zero     0x20004870    0x3c  stm32f4xx_hal_timebase_tim.o [1]
  .bss               zero     0x200048ac    0x30  WS2812_Lib.o [1]
  .bss               zero     0x200048dc     0x8  main.o [1]
  .bss               zero     0x200048e4     0x8  stm32f411e_discovery_accelerometer.o [1]
  .bss               zero     0x200048ec     0x4  stm32f411e_discovery_accelerometer.o [1]
  .bss               zero     0x200048f0     0x3  lsm303dlhc.o [1]
  .bss               zero     0x200048f3     0x2  lsm303dlhc.o [1]
  .bss               zero     0x200048f5     0x1  lsm303dlhc.o [1]
                            - 0x200048f6  0x475a

"P2", part 3 of 3:                         0x400
  CSTACK                      0x200048f8   0x400  <Block>
    CSTACK           uninit   0x200048f8   0x400  <Block tail>
                            - 0x20004cf8   0x400


*******************************************************************************
*** INIT TABLE
***

          Address     Size
          -------     ----
Zero (__iar_zero_init3)
    1 destination range, total size 0x475a:
          0x2000019c  0x475a

Copy/packbits (__iar_packbits_init_single3)
    1 source range, total size 0x45 (16% of destination):
          0x08007614    0x45
    1 destination range, total size 0x199:
          0x20000000   0x199



*******************************************************************************
*** MODULE SUMMARY
***

    Module                                ro code  ro data  rw data
    ------                                -------  -------  -------
C:\GIT\RevvyDemoKit\STM32F411\EWARM\RevvyDemo\Obj: [1]
    WS2812_Lib.o                              360        1      213
    cmsis_os.o                                 72
    heap_4.o                                  452            15 384
    list.o                                    144
    lsm303dlhc.o                              606        7       50
    main.o                                  7 516      110    2 540
    port.o                                    436        2       12
    portasm.o                                 168
    startup_stm32f411xe.o                     632
    stm32f411e_discovery.o                    448       15       88
    stm32f411e_discovery_accelerometer.o      404                12
    stm32f4xx_hal.o                           120        2       12
    stm32f4xx_hal_adc.o                     1 070
    stm32f4xx_hal_cortex.o                    148
    stm32f4xx_hal_crc.o                        36
    stm32f4xx_hal_dma.o                       912
    stm32f4xx_hal_gpio.o                      736
    stm32f4xx_hal_i2c.o                     2 394
    stm32f4xx_hal_msp.o                     1 932
    stm32f4xx_hal_pcd.o                       176
    stm32f4xx_hal_rcc.o                     1 240
    stm32f4xx_hal_spi.o                       554
    stm32f4xx_hal_tim.o                     1 284
    stm32f4xx_hal_tim_ex.o                    214
    stm32f4xx_hal_timebase_tim.o              128                60
    stm32f4xx_hal_uart.o                    1 306
    stm32f4xx_it.o                            136
    stm32f4xx_ll_usb.o                        536
    system_stm32f4xx.o                         96        8        4
    tasks.o                                 1 332               300
    ---------------------------------------------------------------
    Total:                                 25 588      145   18 675

command line: [2]
    ---------------------------------------------------------------
    Total:

dl7M_tlf.a: [3]
    exit.o                                      4
    low_level_init.o                            4
    ---------------------------------------------------------------
    Total:                                      8

m7M_tls.a: [4]
    DblAdd.o                                  376
    DblCmpEq.o                                 32
    DblCmpGe.o                                 46
    DblCmpLe.o                                 46
    DblDiv.o                                  582
    DblMul.o                                  418
    DblSub.o                                  226
    DblToFlt.o                                104
    FltToDbl.o                                 72
    S32ToDbl.o                                 34
    U32ToDbl.o                                 26
    acos64.o                                  196
    cos_sin32.o                               476
    fpinit_M.o                                 34
    iar_Atan64.o                              520
    math_wrappers64.o                          18
    sqrt.o                                    258
    ---------------------------------------------------------------
    Total:                                  3 464

rt7M_tl.a: [5]
    ABImemclr4.o                                6
    ABImemcpy.o                               166
    ABImemset48.o                              50
    I64DivMod.o                               558
    I64DivZer.o                                 2
    cexit.o                                    10
    cmain.o                                    30
    cstartup_M.o                               12
    data_init.o                                40
    packbits_init_single.o                     56
    zero_init3.o                               64
    ---------------------------------------------------------------
    Total:                                    994

shb_l.a: [6]
    exit.o                                     20
    ---------------------------------------------------------------
    Total:                                     20

    Gaps                                       42        4
    Linker created                                      32    1 024
-------------------------------------------------------------------
    Grand Total:                           30 116      181   19 699


*******************************************************************************
*** ENTRY LIST
***

Entry                      Address    Size  Type      Object
-----                      -------    ----  ----      ------
.iar.init_table$$Base   0x080074b8           --   Gb  - Linker created -
.iar.init_table$$Limit  0x080074d8           --   Gb  - Linker created -
?main                   0x080074d9          Code  Gb  cmain.o [5]
ADC_Buf                 0x20004608    0x18  Data  Lc  main.o [1]
ADC_DMAConvCplt         0x08004bd5    0x5a  Code  Lc  stm32f4xx_hal_adc.o [1]
ADC_DMAError            0x08004c39    0x12  Code  Lc  stm32f4xx_hal_adc.o [1]
ADC_DMAHalfConvCplt     0x08004c31     0x6  Code  Lc  stm32f4xx_hal_adc.o [1]
ADC_Init                0x08004ac1    0xf4  Code  Lc  stm32f4xx_hal_adc.o [1]
ADC_Values              0x20004620    0x18  Data  Lc  main.o [1]
AHBPrescTable           0x080073e4    0x10  Data  Gb  system_stm32f4xx.o [1]
APBPrescTable           0x0800753c     0x8  Data  Gb  system_stm32f4xx.o [1]
AccelerometerDrv        0x200048ec     0x4  Data  Lc  stm32f411e_discovery_accelerometer.o [1]
BSP_ACCELERO_GetXYZ     0x0800418d    0x12  Code  Gb  stm32f411e_discovery_accelerometer.o [1]
BSP_ACCELERO_Init       0x08004165    0x28  Code  Gb  stm32f411e_discovery_accelerometer.o [1]
COMPASSACCELERO_IO_ITConfig
                        0x08006015    0x48  Code  Gb  stm32f411e_discovery.o [1]
COMPASSACCELERO_IO_Init
                        0x08005fdb    0x3a  Code  Gb  stm32f411e_discovery.o [1]
COMPASSACCELERO_IO_Read
                        0x0800607f     0x2  Code  Gb  stm32f411e_discovery.o [1]
COMPASSACCELERO_IO_Write
                        0x0800607d     0x2  Code  Gb  stm32f411e_discovery.o [1]
CSTACK$$Base            0x200048f8           --   Gb  - Linker created -
CSTACK$$Limit           0x20004cf8           --   Gb  - Linker created -
DMA1_Stream3_IRQHandler
                        0x0800732b     0x6  Code  Gb  stm32f4xx_it.o [1]
DMA2_Stream4_IRQHandler
                        0x0800736b     0x6  Code  Gb  stm32f4xx_it.o [1]
DMA2_Stream5_IRQHandler
                        0x08007371     0x6  Code  Gb  stm32f4xx_it.o [1]
DMA_CalcBaseAndBitshift
                        0x08005bad    0x2e  Code  Lc  stm32f4xx_hal_dma.o [1]
DMA_CalcBaseAndBitshift::flagBitshiftOffset
                        0x08005bec     0x8  Data  Lc  stm32f4xx_hal_dma.o [1]
EXTI0_IRQHandler        0x0800730d     0x6  Code  Gb  stm32f4xx_it.o [1]
EXTI1_IRQHandler        0x08007313     0x6  Code  Gb  stm32f4xx_it.o [1]
EXTI2_IRQHandler        0x08007319     0x6  Code  Gb  stm32f4xx_it.o [1]
EXTI3_IRQHandler        0x0800731f     0x6  Code  Gb  stm32f4xx_it.o [1]
EXTI4_IRQHandler        0x08007325     0x6  Code  Gb  stm32f4xx_it.o [1]
EXTI9_5_IRQHandler      0x08007331    0x28  Code  Gb  stm32f4xx_it.o [1]
Error_Handler           0x08001ee5     0x2  Code  Gb  main.o [1]
HAL_ADC_ConfigChannel   0x0800497d   0x144  Code  Gb  stm32f4xx_hal_adc.o [1]
HAL_ADC_ConvCpltCallback
                        0x08000199    0x28  Code  Gb  main.o [1]
HAL_ADC_Init            0x08004821    0x50  Code  Gb  stm32f4xx_hal_adc.o [1]
HAL_ADC_MspInit         0x080025cb    0xce  Code  Gb  stm32f4xx_hal_msp.o [1]
HAL_ADC_Start_DMA       0x08004871   0x10c  Code  Gb  stm32f4xx_hal_adc.o [1]
HAL_CRC_Init            0x08003673    0x24  Code  Gb  stm32f4xx_hal_crc.o [1]
HAL_CRC_MspInit         0x08002699    0x2a  Code  Gb  stm32f4xx_hal_msp.o [1]
HAL_DMA_Abort_IT        0x080059df    0x24  Code  Gb  stm32f4xx_hal_dma.o [1]
HAL_DMA_IRQHandler      0x08005a03   0x1a8  Code  Gb  stm32f4xx_hal_dma.o [1]
HAL_DMA_Init            0x08005865    0xec  Code  Gb  stm32f4xx_hal_dma.o [1]
HAL_DMA_Start_IT        0x08005951    0x8e  Code  Gb  stm32f4xx_hal_dma.o [1]
HAL_Delay               0x080068e1    0x28  Code  Wk  stm32f4xx_hal.o [1]
HAL_GPIO_DeInit         0x0800401d    0xf0  Code  Gb  stm32f4xx_hal_gpio.o [1]
HAL_GPIO_EXTI_Callback  0x08000d2d   0x1c4  Code  Gb  main.o [1]
HAL_GPIO_EXTI_IRQHandler
                        0x0800412f    0x10  Code  Gb  stm32f4xx_hal_gpio.o [1]
HAL_GPIO_Init           0x08003e85   0x198  Code  Gb  stm32f4xx_hal_gpio.o [1]
HAL_GPIO_ReadPin        0x0800410d     0xe  Code  Gb  stm32f4xx_hal_gpio.o [1]
HAL_GPIO_TogglePin      0x08004127     0x8  Code  Gb  stm32f4xx_hal_gpio.o [1]
HAL_GPIO_WritePin       0x0800411b     0xc  Code  Gb  stm32f4xx_hal_gpio.o [1]
HAL_GetTick             0x08005655     0xc  Code  Wk  stm32f4xx_hal.o [1]
HAL_I2C_DeInit          0x08002df1    0x30  Code  Gb  stm32f4xx_hal_i2c.o [1]
HAL_I2C_GetState        0x0800327b     0x6  Code  Gb  stm32f4xx_hal_i2c.o [1]
HAL_I2C_Init            0x08002d19    0xd8  Code  Gb  stm32f4xx_hal_i2c.o [1]
HAL_I2C_Mem_Read        0x08002fe5   0x290  Code  Gb  stm32f4xx_hal_i2c.o [1]
HAL_I2C_Mem_Write       0x08002e45   0x182  Code  Gb  stm32f4xx_hal_i2c.o [1]
HAL_I2C_MspDeInit       0x080027d3    0x54  Code  Gb  stm32f4xx_hal_msp.o [1]
HAL_I2C_MspInit         0x080026c3   0x110  Code  Gb  stm32f4xx_hal_msp.o [1]
HAL_IncTick             0x080057c9    0x10  Code  Wk  stm32f4xx_hal.o [1]
HAL_Init                0x08001ef5    0x30  Code  Gb  stm32f4xx_hal.o [1]
HAL_InitTick            0x080057d9    0x6e  Code  Gb  stm32f4xx_hal_timebase_tim.o [1]
HAL_MspInit             0x0800258d    0x3e  Code  Gb  stm32f4xx_hal_msp.o [1]
HAL_NVIC_EnableIRQ      0x08001f95     0xa  Code  Gb  stm32f4xx_hal_cortex.o [1]
HAL_NVIC_SetPriority    0x08001f43    0x52  Code  Gb  stm32f4xx_hal_cortex.o [1]
HAL_NVIC_SetPriorityGrouping
                        0x08001f29    0x1a  Code  Gb  stm32f4xx_hal_cortex.o [1]
HAL_PCD_Init            0x08003bad    0xb0  Code  Gb  stm32f4xx_hal_pcd.o [1]
HAL_PCD_MspInit         0x08002c47    0x6c  Code  Gb  stm32f4xx_hal_msp.o [1]
HAL_RCC_ClockConfig     0x08004645   0x110  Code  Gb  stm32f4xx_hal_rcc.o [1]
HAL_RCC_GetClockConfig  0x08004779    0x38  Code  Gb  stm32f4xx_hal_rcc.o [1]
HAL_RCC_GetPCLK1Freq    0x08004755    0x10  Code  Gb  stm32f4xx_hal_rcc.o [1]
HAL_RCC_GetPCLK2Freq    0x08004765     0xe  Code  Gb  stm32f4xx_hal_rcc.o [1]
HAL_RCC_OscConfig       0x08004349   0x2fc  Code  Wk  stm32f4xx_hal_rcc.o [1]
HAL_SPI_Init            0x08003c5d    0x7e  Code  Gb  stm32f4xx_hal_spi.o [1]
HAL_SPI_MspInit         0x08002827    0xe0  Code  Gb  stm32f4xx_hal_msp.o [1]
HAL_SPI_Transmit_DMA    0x08003cdb    0xac  Code  Gb  stm32f4xx_hal_spi.o [1]
HAL_SPI_TxCpltCallback  0x08005661     0xa  Code  Gb  WS2812_Lib.o [1]
HAL_TIMEx_BreakCallback
                        0x0800585f     0x2  Code  Wk  stm32f4xx_hal_tim_ex.o [1]
HAL_TIMEx_CommutationCallback
                        0x08005863     0x2  Code  Wk  stm32f4xx_hal_tim_ex.o [1]
HAL_TIMEx_ConfigBreakDeadTime
                        0x0800252f    0x5c  Code  Gb  stm32f4xx_hal_tim_ex.o [1]
HAL_TIMEx_MasterConfigSynchronization
                        0x080024e3    0x4c  Code  Gb  stm32f4xx_hal_tim_ex.o [1]
HAL_TIMEx_PWMN_Start    0x080024b9     0xc  Code  Gb  stm32f4xx_hal_tim_ex.o [1]
HAL_TIM_Base_Init       0x08001fbd    0x1e  Code  Gb  stm32f4xx_hal_tim.o [1]
HAL_TIM_Base_MspInit    0x08002a3f    0x2a  Code  Gb  stm32f4xx_hal_msp.o [1]
HAL_TIM_Base_Start      0x08001fdb    0x12  Code  Gb  stm32f4xx_hal_tim.o [1]
HAL_TIM_Base_Start_IT   0x08001fed    0x16  Code  Gb  stm32f4xx_hal_tim.o [1]
HAL_TIM_IRQHandler      0x080020c9   0x14a  Code  Gb  stm32f4xx_hal_tim.o [1]
HAL_TIM_MspPostInit     0x08002a69   0x16c  Code  Gb  stm32f4xx_hal_msp.o [1]
HAL_TIM_PWM_ConfigChannel
                        0x08002213    0xd0  Code  Gb  stm32f4xx_hal_tim.o [1]
HAL_TIM_PWM_Init        0x08002033    0x1e  Code  Gb  stm32f4xx_hal_tim.o [1]
HAL_TIM_PWM_MspInit     0x08002907   0x138  Code  Gb  stm32f4xx_hal_msp.o [1]
HAL_TIM_PWM_Start       0x08002051     0x2  Code  Gb  stm32f4xx_hal_tim.o [1]
HAL_TIM_PeriodElapsedCallback
                        0x08001e8d     0xe  Code  Gb  main.o [1]
HAL_UART_IRQHandler     0x08003751   0x158  Code  Gb  stm32f4xx_hal_uart.o [1]
HAL_UART_Init           0x08003699    0x44  Code  Gb  stm32f4xx_hal_uart.o [1]
HAL_UART_MspInit        0x08002bd5    0x72  Code  Gb  stm32f4xx_hal_msp.o [1]
HAL_UART_Receive_IT     0x080036f7    0x46  Code  Gb  stm32f4xx_hal_uart.o [1]
I2C_RequestMemoryRead   0x0800339b   0x1e0  Code  Lc  stm32f4xx_hal_i2c.o [1]
I2C_RequestMemoryWrite  0x0800328d   0x10e  Code  Lc  stm32f4xx_hal_i2c.o [1]
I2C_WaitOnBTFFlagUntilTimeout
                        0x080035b5    0x34  Code  Lc  stm32f4xx_hal_i2c.o [1]
I2C_WaitOnRXNEFlagUntilTimeout
                        0x08003619    0x5a  Code  Lc  stm32f4xx_hal_i2c.o [1]
I2C_WaitOnTXEFlagUntilTimeout
                        0x08003581    0x34  Code  Lc  stm32f4xx_hal_i2c.o [1]
I2Cx_Init               0x08005ec1    0xb4  Code  Lc  stm32f411e_discovery.o [1]
I2Cx_ReadData           0x08005fa3    0x38  Code  Lc  stm32f411e_discovery.o [1]
I2Cx_WriteData          0x08005f75    0x2e  Code  Lc  stm32f411e_discovery.o [1]
I2cHandle               0x20000130    0x54  Data  Lc  stm32f411e_discovery.o [1]
I2cxTimeout             0x20000184     0x4  Data  Gb  stm32f411e_discovery.o [1]
LSM303DLHC_AccClickITEnable
                        0x0800728d    0x40  Code  Gb  lsm303dlhc.o [1]
LSM303DLHC_AccFilterClickCmd
                        0x08007255    0x10  Code  Gb  lsm303dlhc.o [1]
LSM303DLHC_AccFilterCmd
                        0x08007101    0x12  Code  Gb  lsm303dlhc.o [1]
LSM303DLHC_AccFilterConfig
                        0x080070d5    0x2c  Code  Gb  lsm303dlhc.o [1]
LSM303DLHC_AccFilterConfig::tmpreg
                        0x200048f5     0x1  Data  Lc  lsm303dlhc.o [1]
LSM303DLHC_AccIT1Enable
                        0x08007275    0x18  Code  Gb  lsm303dlhc.o [1]
LSM303DLHC_AccInit      0x08007089    0x24  Code  Gb  lsm303dlhc.o [1]
LSM303DLHC_AccInit::ctrl1
                        0x200048f3     0x1  Data  Lc  lsm303dlhc.o [1]
LSM303DLHC_AccInit::ctrl4
                        0x200048f4     0x1  Data  Lc  lsm303dlhc.o [1]
LSM303DLHC_AccReadID    0x080070ad    0x12  Code  Gb  lsm303dlhc.o [1]
LSM303DLHC_AccReadXYZ   0x08007115   0x12c  Code  Gb  lsm303dlhc.o [1]
LSM303DLHC_AccReadXYZ::ctrlx
                        0x200048f0     0x2  Data  Lc  lsm303dlhc.o [1]
LSM303DLHC_AccReadXYZ::sensitivity
                        0x200048f2     0x1  Data  Lc  lsm303dlhc.o [1]
LSM303DLHC_AccRebootCmd
                        0x080070bf    0x16  Code  Gb  lsm303dlhc.o [1]
LSM303DLHC_AccZClickITConfig
                        0x080072cd    0x1a  Code  Gb  lsm303dlhc.o [1]
LSM303DLHC_MagReadXYZ   0x080041c5   0x122  Code  Gb  stm32f411e_discovery_accelerometer.o [1]
LSM303DLHC_MagReadXYZ::buffer
                        0x200048e4     0x8  Data  Lc  stm32f411e_discovery_accelerometer.o [1]
Lsm303dlhcDrv           0x20000000    0x2c  Data  Gb  lsm303dlhc.o [1]
MAGNET_Init             0x0800419f    0x1e  Code  Gb  stm32f411e_discovery_accelerometer.o [1]
MX_ADC1_Init            0x08000983    0xc8  Code  Lc  main.o [1]
MX_GPIO_Init            0x08000b25   0x204  Code  Lc  main.o [1]
MX_TIM1_Init            0x08000a4b    0xd2  Code  Lc  main.o [1]
PendSV_Handler          0x08006f91          Code  Gb  portasm.o [1]
Region$$Table$$Base     0x080074b8           --   Gb  - Linker created -
Region$$Table$$Limit    0x080074d8           --   Gb  - Linker created -
SPI_DMAError            0x08003e51    0x1e  Code  Lc  stm32f4xx_hal_spi.o [1]
SPI_DMAHalfTransmitCplt
                        0x08003e49     0x6  Code  Lc  stm32f4xx_hal_spi.o [1]
SPI_DMATransmitCplt     0x08003d89    0xbe  Code  Lc  stm32f4xx_hal_spi.o [1]
SVC_Handler             0x08006fe9          Code  Gb  portasm.o [1]
StartCommTask           0x08001d95    0x7c  Code  Gb  main.o [1]
StartControlTask        0x08001d8b     0xa  Code  Gb  main.o [1]
StartDefaultTask        0x08001089     0xa  Code  Gb  main.o [1]
StartIdleTask           0x08001e11    0x18  Code  Gb  main.o [1]
StartLedTask            0x08001e39    0x50  Code  Gb  main.o [1]
StartSensorTask         0x08001095   0xcf6  Code  Gb  main.o [1]
SysTick_Handler         0x08006ca5    0x26  Code  Gb  port.o [1]
SystemClock_Config      0x080008ed    0x96  Code  Gb  main.o [1]
SystemCoreClock         0x20000194     0x4  Data  Gb  system_stm32f4xx.o [1]
SystemInit              0x08007395    0x3a  Code  Gb  system_stm32f4xx.o [1]
TIM1_TRG_COM_TIM11_IRQHandler
                        0x08007359    0x12  Code  Gb  stm32f4xx_it.o [1]
TIM_Base_SetConfig      0x080022ed    0x7a  Code  Gb  stm32f4xx_hal_tim.o [1]
TIM_OC1_SetConfig       0x080023b7    0x4c  Code  Lc  stm32f4xx_hal_tim.o [1]
TIM_OC2_SetConfig       0x08002367    0x50  Code  Gb  stm32f4xx_hal_tim.o [1]
TIM_OC3_SetConfig       0x08002403    0x4c  Code  Lc  stm32f4xx_hal_tim.o [1]
TIM_OC4_SetConfig       0x08002455    0x42  Code  Lc  stm32f4xx_hal_tim.o [1]
UART_DMAAbortOnError    0x080038c5     0xc  Code  Lc  stm32f4xx_hal_uart.o [1]
UART_EndRxTransfer      0x080038a9    0x1c  Code  Lc  stm32f4xx_hal_uart.o [1]
UART_Receive_IT         0x080038d1    0x8c  Code  Lc  stm32f4xx_hal_uart.o [1]
UART_SetConfig          0x0800395d   0x23e  Code  Lc  stm32f4xx_hal_uart.o [1]
USART6_IRQHandler       0x08007377     0x6  Code  Gb  stm32f4xx_it.o [1]
USB_CoreInit            0x08005bfd    0x6e  Code  Gb  stm32f4xx_ll_usb.o [1]
USB_CoreReset           0x08005ddd    0x28  Code  Lc  stm32f4xx_ll_usb.o [1]
USB_DevDisconnect       0x08005dc5     0xc  Code  Gb  stm32f4xx_ll_usb.o [1]
USB_DevInit             0x08005c9d   0x128  Code  Gb  stm32f4xx_ll_usb.o [1]
USB_DisableGlobalInt    0x08005c6b     0x6  Code  Gb  stm32f4xx_ll_usb.o [1]
USB_SetCurrentMode      0x08005c77    0x26  Code  Gb  stm32f4xx_ll_usb.o [1]
WS2812_Internal_Shift_Left_Using
                        0x0800574b    0x50  Code  Lc  WS2812_Lib.o [1]
WS2812_LED_BUF_CH1      0x200048ac    0x30  Data  Lc  WS2812_Lib.o [1]
WS2812_One_RGB          0x08005723    0x28  Code  Gb  WS2812_Lib.o [1]
WS2812_Refresh          0x080056d5    0x4e  Code  Gb  WS2812_Lib.o [1]
WS2812_Rotate_Left      0x080057a1     0x4  Code  Gb  WS2812_Lib.o [1]
WS2812_SPI_BUF          0x2000442c    0xa4  Data  Lc  WS2812_Lib.o [1]
__aeabi_cdcmpeq         0x08007039          Code  Gb  DblCmpEq.o [4]
__aeabi_cdcmple         0x08006d15          Code  Gb  DblCmpLe.o [4]
__aeabi_cdrcmple        0x08007059          Code  Gb  DblCmpGe.o [4]
__aeabi_d2f             0x08005081          Code  Gb  DblToFlt.o [4]
__aeabi_dadd            0x080052d9          Code  Gb  DblAdd.o [4]
__aeabi_ddiv            0x08004e39          Code  Gb  DblDiv.o [4]
__aeabi_dmul            0x08004c95          Code  Gb  DblMul.o [4]
__aeabi_dsub            0x08005571          Code  Gb  DblSub.o [4]
__aeabi_f2d             0x08004c4d          Code  Gb  FltToDbl.o [4]
__aeabi_i2d             0x080072e9          Code  Gb  S32ToDbl.o [4]
__aeabi_ldiv0           0x08006d11          Code  Gb  I64DivZer.o [5]
__aeabi_memclr4         0x08004341          Code  Gb  ABImemclr4.o [5]
__aeabi_memcpy          0x08005e15          Code  Gb  ABImemcpy.o [5]
__aeabi_memcpy4         0x08005e35          Code  Gb  ABImemcpy.o [5]
__aeabi_memcpy8         0x08005e35          Code  Gb  ABImemcpy.o [5]
__aeabi_ui2d            0x08005451          Code  Gb  U32ToDbl.o [4]
__aeabi_uldivmod        0x080065e9          Code  Gb  I64DivMod.o [5]
__cmain                 0x080074d9          Code  Gb  cmain.o [5]
__exit                  0x0800750d    0x14  Code  Gb  exit.o [6]
__iar_Atan64            0x08006d89   0x170  Code  Gb  iar_Atan64.o [4]
__iar_Memset4_word      0x080065b5          Code  Gb  ABImemset48.o [5]
__iar_Memset8_word      0x080065b5          Code  Gb  ABImemset48.o [5]
__iar_Sin32             0x080050e9   0x198  Code  Lc  cos_sin32.o [4]
__iar_acos64            0x0800681d    0xc4  Code  Gb  acos64.o [4]
__iar_cos32             0x080052c1     0x4  Code  Gb  cos_sin32.o [4]
__iar_cos_medium32      0x080052c1     0x4  Code  Gb  cos_sin32.o [4]
__iar_cos_mediumf       0x080052c1     0x4  Code  Gb  cos_sin32.o [4]
__iar_dadd              0x08005581          Code  Gb  DblSub.o [4]
__iar_data_init3        0x0800746d    0x28  Code  Gb  data_init.o [5]
__iar_dsub              0x080052e9          Code  Gb  DblAdd.o [4]
__iar_dsubStart         0x080052fb          Code  Gb  DblAdd.o [4]
__iar_init_vfp          0x08007495          Code  Gb  fpinit_M.o [4]
__iar_packbits_init_single3
                        0x08007435    0x38  Code  Gb  packbits_init_single.o [5]
__iar_program_start     0x08007531          Code  Gb  cstartup_M.o [5]
__iar_sqrt64            0x0800547d          Code  Gb  sqrt.o [4]
__iar_systems$$module {Abs}
                        0x00000001          Data  Gb  command line/config [2]
__iar_vfp___iar_sqrt64  0x0800546d          Code  Gb  sqrt.o [4]
__iar_vfp_acos          0x080052cb     0xc  Code  Gb  math_wrappers64.o [4]
__iar_vfp_sqrt          0x0800546d          Code  Gb  sqrt.o [4]
__iar_vfp_sqrtl         0x0800546d          Code  Gb  sqrt.o [4]
__iar_zero_init3        0x080073f5    0x40  Code  Gb  zero_init3.o [5]
__low_level_init        0x080074f7     0x4  Code  Gb  low_level_init.o [3]
__vector_table          0x08000000          Data  Gb  startup_stm32f411xe.o [1]
_call_main              0x080074e5          Code  Gb  cmain.o [5]
_exit                   0x08007501          Code  Gb  cexit.o [5]
_main                   0x080074f3          Code  Gb  cmain.o [5]
a                       0x08006f50    0x40  Data  Lc  iar_Atan64.o [4]
accX                    0x20000084     0x4  Data  Lc  main.o [1]
accXFiltered            0x20000090     0x4  Data  Lc  main.o [1]
accY                    0x20000088     0x4  Data  Lc  main.o [1]
accYFiltered            0x20000094     0x4  Data  Lc  main.o [1]
accZ                    0x2000008c     0x4  Data  Lc  main.o [1]
accZFiltered            0x20000098     0x4  Data  Lc  main.o [1]
acos                    0x0800681d    0xc4  Code  Gb  acos64.o [4]
acosl                   0x0800681d    0xc4  Code  Gb  acos64.o [4]
batteryVoltage1         0x2000005c     0x4  Data  Lc  main.o [1]
batteryVoltage2         0x20000060     0x4  Data  Lc  main.o [1]
calculateLRSpeeds       0x08000f15    0xf8  Code  Gb  main.o [1]
commTaskHandle          0x20004420     0x4  Data  Gb  main.o [1]
compassX                0x2000009c     0x4  Data  Lc  main.o [1]
compassY                0x200000a0     0x4  Data  Lc  main.o [1]
compassZ                0x200000a4     0x4  Data  Lc  main.o [1]
controlTaskHandle       0x2000441c     0x4  Data  Gb  main.o [1]
cosf                    0x080052c1     0x4  Code  Gb  cos_sin32.o [4]
defaultTaskHandle       0x20004414     0x4  Data  Gb  main.o [1]
encoderSignalsPerRound  0x20000046     0x2  Data  Lc  main.o [1]
exit                    0x080074fb     0x4  Code  Gb  exit.o [3]
fCosPitch               0x20000080     0x4  Data  Lc  main.o [1]
fCosRoll                0x20000078     0x4  Data  Lc  main.o [1]
fNormAcc                0x20000070     0x4  Data  Lc  main.o [1]
fSinPitch               0x2000007c     0x4  Data  Lc  main.o [1]
fSinRoll                0x20000074     0x4  Data  Lc  main.o [1]
hadc1                   0x200047ec    0x48  Data  Gb  main.o [1]
hcrc                    0x2000440c     0x8  Data  Gb  main.o [1]
hdma_adc1               0x20004678    0x60  Data  Gb  main.o [1]
hdma_spi5_tx            0x200046d8    0x60  Data  Gb  main.o [1]
hdma_tim4_ch2           0x20004738    0x60  Data  Gb  main.o [1]
hi2c1                   0x200041fc    0x54  Data  Gb  main.o [1]
hi2c3                   0x20004250    0x54  Data  Gb  main.o [1]
hpcd_USB_OTG_FS         0x20003db4   0x3f0  Data  Gb  main.o [1]
hspi5                   0x200041a4    0x58  Data  Gb  main.o [1]
htim1                   0x20004834    0x3c  Data  Gb  main.o [1]
htim10                  0x200043d0    0x3c  Data  Gb  main.o [1]
htim11                  0x20004870    0x3c  Data  Gb  stm32f4xx_hal_timebase_tim.o [1]
htim2                   0x200042a4    0x3c  Data  Gb  main.o [1]
htim3                   0x200042e0    0x3c  Data  Gb  main.o [1]
htim4                   0x2000431c    0x3c  Data  Gb  main.o [1]
htim5                   0x20004358    0x3c  Data  Gb  main.o [1]
htim9                   0x20004394    0x3c  Data  Gb  main.o [1]
huart6                  0x2000479c    0x40  Data  Gb  main.o [1]
idleTaskHandle          0x20004424     0x4  Data  Gb  main.o [1]
internalCounter         0x20000064     0x4  Data  Lc  main.o [1]
ledTaskHandle           0x20004428     0x4  Data  Gb  main.o [1]
main                    0x080001c1   0x692  Code  Gb  main.o [1]
mot1Cntr                0x200045fc     0x2  Data  Lc  main.o [1]
mot1CntrPrev            0x20000032     0x2  Data  Lc  main.o [1]
mot1Dir                 0x2000002c     0x1  Data  Lc  main.o [1]
mot2Cntr                0x200045fe     0x2  Data  Lc  main.o [1]
mot2CntrPrev            0x20000034     0x2  Data  Lc  main.o [1]
mot2Dir                 0x2000002d     0x1  Data  Lc  main.o [1]
mot3Cntr                0x20004600     0x2  Data  Lc  main.o [1]
mot3CntrPrev            0x20000036     0x2  Data  Lc  main.o [1]
mot3Dir                 0x2000002e     0x1  Data  Lc  main.o [1]
mot4Cntr                0x20004602     0x2  Data  Lc  main.o [1]
mot4CntrPrev            0x20000038     0x2  Data  Lc  main.o [1]
mot4Dir                 0x2000002f     0x1  Data  Lc  main.o [1]
mot5Cntr                0x20004604     0x2  Data  Lc  main.o [1]
mot5CntrPrev            0x2000003a     0x2  Data  Lc  main.o [1]
mot5Dir                 0x20000030     0x1  Data  Lc  main.o [1]
mot6Cntr                0x20004606     0x2  Data  Lc  main.o [1]
mot6CntrPrev            0x2000003c     0x2  Data  Lc  main.o [1]
mot6Dir                 0x20000031     0x1  Data  Lc  main.o [1]
osDelay                 0x08004333     0xe  Code  Gb  cmsis_os.o [1]
osKernelStart           0x080042f9     0xa  Code  Gb  cmsis_os.o [1]
osThreadCreate          0x08004303    0x30  Code  Gb  cmsis_os.o [1]
pitch                   0x2000006c     0x4  Data  Lc  main.o [1]
prvAddCurrentTaskToDelayedList
                        0x08006541    0x64  Code  Lc  tasks.o [1]
prvAddNewTaskToReadyList
                        0x08006143    0xe4  Code  Lc  tasks.o [1]
prvIdleTask             0x080064a5    0x6c  Code  Lc  tasks.o [1]
prvInsertBlockIntoFreeList
                        0x08006a7f    0x48  Code  Lc  heap_4.o [1]
prvResetNextTaskUnblockTime
                        0x08006511    0x1c  Code  Lc  tasks.o [1]
prvTaskExitError        0x08006b85    0x28  Code  Lc  port.o [1]
pvPortMalloc            0x08006909   0x11e  Code  Gb  heap_4.o [1]
pxCurrentTCB            0x200044f8     0x4  Data  Gb  tasks.o [1]
pxDelayedTaskList       0x200044fc     0x4  Data  Lc  tasks.o [1]
pxEnd                   0x200001a4     0x4  Data  Lc  heap_4.o [1]
pxOverflowDelayedTaskList
                        0x20004500     0x4  Data  Lc  tasks.o [1]
pxPortInitialiseStack   0x08006b5d    0x26  Code  Gb  port.o [1]
pxReadyTasksLists       0x20004570    0x8c  Data  Lc  tasks.o [1]
receiveBuffer           0x20004798     0x4  Data  Lc  main.o [1]
referenceAngle          0x200047e8     0x4  Data  Lc  main.o [1]
referenceSpeed          0x200047e4     0x4  Data  Lc  main.o [1]
referenceSpeedLeft      0x200048dc     0x4  Data  Lc  main.o [1]
referenceSpeedRight     0x200048e0     0x4  Data  Lc  main.o [1]
roll                    0x20000068     0x4  Data  Lc  main.o [1]
sen1AnalogValue         0x2000003e     0x2  Data  Lc  main.o [1]
sen1Cntr                0x20004638     0x4  Data  Lc  main.o [1]
sen1Distance            0x2000004c     0x4  Data  Lc  main.o [1]
sen1End                 0x20004640     0x4  Data  Lc  main.o [1]
sen1Length              0x20004644     0x4  Data  Lc  main.o [1]
sen1Start               0x2000463c     0x4  Data  Lc  main.o [1]
sen2AnalogValue         0x20000040     0x2  Data  Lc  main.o [1]
sen2Cntr                0x20004648     0x4  Data  Lc  main.o [1]
sen2Distance            0x20000050     0x4  Data  Lc  main.o [1]
sen2End                 0x20004650     0x4  Data  Lc  main.o [1]
sen2Length              0x20004654     0x4  Data  Lc  main.o [1]
sen2Start               0x2000464c     0x4  Data  Lc  main.o [1]
sen3AnalogValue         0x20000042     0x2  Data  Lc  main.o [1]
sen3Cntr                0x20004658     0x4  Data  Lc  main.o [1]
sen3Distance            0x20000054     0x4  Data  Lc  main.o [1]
sen3End                 0x20004660     0x4  Data  Lc  main.o [1]
sen3Length              0x20004664     0x4  Data  Lc  main.o [1]
sen3Start               0x2000465c     0x4  Data  Lc  main.o [1]
sen4AnalogValue         0x20000044     0x2  Data  Lc  main.o [1]
sen4Cntr                0x20004668     0x4  Data  Lc  main.o [1]
sen4Distance            0x20000058     0x4  Data  Lc  main.o [1]
sen4End                 0x20004670     0x4  Data  Lc  main.o [1]
sen4Length              0x20004674     0x4  Data  Lc  main.o [1]
sen4Start               0x2000466c     0x4  Data  Lc  main.o [1]
sensorTaskHandle        0x20004418     0x4  Data  Gb  main.o [1]
speedSensingTaskCycle_ms
                        0x20000048     0x2  Data  Lc  main.o [1]
spi_dma_ready           0x20000198     0x1  Data  Lc  WS2812_Lib.o [1]
spi_set_bit::highBitPatternLUT
                        0x080057b8     0x8  Data  Lc  WS2812_Lib.o [1]
spi_set_bit::lowBitPatternLUT
                        0x080057c0     0x8  Data  Lc  WS2812_Lib.o [1]
spi_set_byte            0x0800566b    0x6a  Code  Gb  WS2812_Lib.o [1]
sqrt                    0x0800547d          Code  Gb  sqrt.o [4]
sqrtl                   0x0800547d          Code  Gb  sqrt.o [4]
timeOutGuard            0x200047e0     0x4  Data  Lc  main.o [1]
timeStamp               0x200047dc     0x4  Data  Lc  main.o [1]
ucHeap                  0x200001b4  0x3c00  Data  Lc  heap_4.o [1]
ucMaxSysCallPriority    0x20000124     0x1  Data  Lc  port.o [1]
ulMaxPRIGROUPValue      0x2000012c     0x4  Data  Lc  port.o [1]
uwTick                  0x2000018c     0x4  Data  Gb  stm32f4xx_hal.o [1]
uwTickFreq              0x20000188     0x1  Data  Gb  stm32f4xx_hal.o [1]
uwTickPrio              0x20000190     0x4  Data  Gb  stm32f4xx_hal.o [1]
uxCriticalNesting       0x20000128     0x4  Data  Lc  port.o [1]
uxCurrentNumberOfTasks  0x2000451c     0x4  Data  Lc  tasks.o [1]
uxDeletedTasksWaitingCleanUp
                        0x20004504     0x4  Data  Lc  tasks.o [1]
uxListRemove            0x08006b39    0x24  Code  Gb  list.o [1]
uxPendedTicks           0x2000452c     0x4  Data  Lc  tasks.o [1]
uxSchedulerSuspended    0x20004540     0x4  Data  Lc  tasks.o [1]
uxTaskNumber            0x20004538     0x4  Data  Lc  tasks.o [1]
uxTopReadyPriority      0x20004524     0x4  Data  Lc  tasks.o [1]
vListInitialise         0x08006acd    0x1a  Code  Gb  list.o [1]
vListInitialiseItem     0x08006ae7     0x6  Code  Gb  list.o [1]
vListInsert             0x08006b05    0x34  Code  Gb  list.o [1]
vListInsertEnd          0x08006aed    0x18  Code  Gb  list.o [1]
vPortEnableVFP          0x0800701d          Code  Gb  portasm.o [1]
vPortEnterCritical      0x08006c51    0x32  Code  Gb  port.o [1]
vPortExitCritical       0x08006c83    0x22  Code  Gb  port.o [1]
vPortFree               0x08006a27    0x58  Code  Gb  heap_4.o [1]
vPortStartFirstTask     0x08007005          Code  Gb  portasm.o [1]
vTaskDelay              0x08006227    0x42  Code  Gb  tasks.o [1]
vTaskStartScheduler     0x08006269    0x62  Code  Gb  tasks.o [1]
vTaskSuspendAll         0x080062cb     0xc  Code  Gb  tasks.o [1]
vTaskSwitchContext      0x08006449    0x5a  Code  Gb  tasks.o [1]
wheelL1Angle_deg        0x200000d8     0x4  Data  Lc  main.o [1]
wheelL1FiltVelocity_mps
                        0x200000f4     0x4  Data  Lc  main.o [1]
wheelL1Odometer_m       0x200000a8     0x4  Data  Lc  main.o [1]
wheelL1Odometer_m_prev  0x200000ac     0x4  Data  Lc  main.o [1]
wheelL1RawVelocity_mps  0x200000f0     0x4  Data  Lc  main.o [1]
wheelL2Angle_deg        0x200000dc     0x4  Data  Lc  main.o [1]
wheelL2FiltVelocity_mps
                        0x200000fc     0x4  Data  Lc  main.o [1]
wheelL2Odometer_m       0x200000b0     0x4  Data  Lc  main.o [1]
wheelL2Odometer_m_prev  0x200000b4     0x4  Data  Lc  main.o [1]
wheelL2RawVelocity_mps  0x200000f8     0x4  Data  Lc  main.o [1]
wheelL3Angle_deg        0x200000e0     0x4  Data  Lc  main.o [1]
wheelL3FiltVelocity_mps
                        0x20000104     0x4  Data  Lc  main.o [1]
wheelL3Odometer_m       0x200000b8     0x4  Data  Lc  main.o [1]
wheelL3Odometer_m_prev  0x200000bc     0x4  Data  Lc  main.o [1]
wheelL3RawVelocity_mps  0x20000100     0x4  Data  Lc  main.o [1]
wheelR1Angle_deg        0x200000e4     0x4  Data  Lc  main.o [1]
wheelR1FiltVelocity_mps
                        0x2000010c     0x4  Data  Lc  main.o [1]
wheelR1Odometer_m       0x200000c0     0x4  Data  Lc  main.o [1]
wheelR1Odometer_m_prev  0x200000c4     0x4  Data  Lc  main.o [1]
wheelR1RawVelocity_mps  0x20000108     0x4  Data  Lc  main.o [1]
wheelR2Angle_deg        0x200000e8     0x4  Data  Lc  main.o [1]
wheelR2FiltVelocity_mps
                        0x20000114     0x4  Data  Lc  main.o [1]
wheelR2Odometer_m       0x200000c8     0x4  Data  Lc  main.o [1]
wheelR2Odometer_m_prev  0x200000cc     0x4  Data  Lc  main.o [1]
wheelR2RawVelocity_mps  0x20000110     0x4  Data  Lc  main.o [1]
wheelR3Angle_deg        0x200000ec     0x4  Data  Lc  main.o [1]
wheelR3FiltVelocity_mps
                        0x2000011c     0x4  Data  Lc  main.o [1]
wheelR3Odometer_m       0x200000d0     0x4  Data  Lc  main.o [1]
wheelR3Odometer_m_prev  0x200000d4     0x4  Data  Lc  main.o [1]
wheelR3RawVelocity_mps  0x20000118     0x4  Data  Lc  main.o [1]
wheelSize_m             0x20000120     0x4  Data  Lc  main.o [1]
xBlockAllocatedBit      0x200001b0     0x4  Data  Lc  heap_4.o [1]
xDelayedTaskList1       0x20004544    0x14  Data  Lc  tasks.o [1]
xDelayedTaskList2       0x20004558    0x14  Data  Lc  tasks.o [1]
xFreeBytesRemaining     0x200001a8     0x4  Data  Lc  heap_4.o [1]
xIdleTaskHandle         0x2000456c     0x4  Data  Lc  tasks.o [1]
xMinimumEverFreeBytesRemaining
                        0x200001ac     0x4  Data  Lc  heap_4.o [1]
xNextTaskUnblockTime    0x2000453c     0x4  Data  Lc  tasks.o [1]
xNumOfOverflows         0x20004534     0x4  Data  Lc  tasks.o [1]
xPendingReadyList       0x200044d0    0x14  Data  Lc  tasks.o [1]
xPortStartScheduler     0x08006bad    0xa4  Code  Gb  port.o [1]
xSchedulerRunning       0x20004528     0x4  Data  Lc  tasks.o [1]
xStart                  0x2000019c     0x8  Data  Lc  heap_4.o [1]
xSuspendedTaskList      0x20004508    0x14  Data  Lc  tasks.o [1]
xTaskCreate             0x08006081    0xc2  Code  Gb  tasks.o [1]
xTaskIncrementTick      0x08006383    0xc6  Code  Gb  tasks.o [1]
xTaskResumeAll          0x080062d7    0xac  Code  Gb  tasks.o [1]
xTasksWaitingTermination
                        0x200044e4    0x14  Data  Lc  tasks.o [1]
xTickCount              0x20004520     0x4  Data  Lc  tasks.o [1]
xYieldPending           0x20004530     0x4  Data  Lc  tasks.o [1]


[1] = C:\GIT\RevvyDemoKit\STM32F411\EWARM\RevvyDemo\Obj
[2] = command line
[3] = dl7M_tlf.a
[4] = m7M_tls.a
[5] = rt7M_tl.a
[6] = shb_l.a

  30 116 bytes of readonly  code memory
     181 bytes of readonly  data memory
  19 699 bytes of readwrite data memory

Errors: none
Warnings: none
