###############################################################################
#
# IAR ELF Linker V8.20.1.14183/W32 for ARM                04/Nov/2018  16:28:02
# Copyright 2007-2017 IAR Systems AB.
#
#    Output file  =  
#        C:\GIT\RevvyDemoKit\STM32F411\EWARM\RevvyDemo\Exe\RevvyDemo.out
#    Map file     =  
#        C:\GIT\RevvyDemoKit\STM32F411\EWARM\RevvyDemo\List\RevvyDemo.map
#    Command line =  
#        -f C:\Users\david\AppData\Local\Temp\EW95F4.tmp
#        (C:\GIT\RevvyDemoKit\STM32F411\EWARM\RevvyDemo\Obj\cmsis_os.o
#        C:\GIT\RevvyDemoKit\STM32F411\EWARM\RevvyDemo\Obj\croutine.o
#        C:\GIT\RevvyDemoKit\STM32F411\EWARM\RevvyDemo\Obj\event_groups.o
#        C:\GIT\RevvyDemoKit\STM32F411\EWARM\RevvyDemo\Obj\freertos.o
#        C:\GIT\RevvyDemoKit\STM32F411\EWARM\RevvyDemo\Obj\heap_4.o
#        C:\GIT\RevvyDemoKit\STM32F411\EWARM\RevvyDemo\Obj\list.o
#        C:\GIT\RevvyDemoKit\STM32F411\EWARM\RevvyDemo\Obj\lsm303dlhc.o
#        C:\GIT\RevvyDemoKit\STM32F411\EWARM\RevvyDemo\Obj\main.o
#        C:\GIT\RevvyDemoKit\STM32F411\EWARM\RevvyDemo\Obj\port.o
#        C:\GIT\RevvyDemoKit\STM32F411\EWARM\RevvyDemo\Obj\portasm.o
#        C:\GIT\RevvyDemoKit\STM32F411\EWARM\RevvyDemo\Obj\queue.o
#        C:\GIT\RevvyDemoKit\STM32F411\EWARM\RevvyDemo\Obj\startup_stm32f411xe.o
#        C:\GIT\RevvyDemoKit\STM32F411\EWARM\RevvyDemo\Obj\stm32f411e_discovery.o
#        C:\GIT\RevvyDemoKit\STM32F411\EWARM\RevvyDemo\Obj\stm32f411e_discovery_accelerometer.o
#        C:\GIT\RevvyDemoKit\STM32F411\EWARM\RevvyDemo\Obj\stm32f4xx_hal.o
#        C:\GIT\RevvyDemoKit\STM32F411\EWARM\RevvyDemo\Obj\stm32f4xx_hal_adc.o
#        C:\GIT\RevvyDemoKit\STM32F411\EWARM\RevvyDemo\Obj\stm32f4xx_hal_adc_ex.o
#        C:\GIT\RevvyDemoKit\STM32F411\EWARM\RevvyDemo\Obj\stm32f4xx_hal_cortex.o
#        C:\GIT\RevvyDemoKit\STM32F411\EWARM\RevvyDemo\Obj\stm32f4xx_hal_crc.o
#        C:\GIT\RevvyDemoKit\STM32F411\EWARM\RevvyDemo\Obj\stm32f4xx_hal_dma.o
#        C:\GIT\RevvyDemoKit\STM32F411\EWARM\RevvyDemo\Obj\stm32f4xx_hal_dma_ex.o
#        C:\GIT\RevvyDemoKit\STM32F411\EWARM\RevvyDemo\Obj\stm32f4xx_hal_flash.o
#        C:\GIT\RevvyDemoKit\STM32F411\EWARM\RevvyDemo\Obj\stm32f4xx_hal_flash_ex.o
#        C:\GIT\RevvyDemoKit\STM32F411\EWARM\RevvyDemo\Obj\stm32f4xx_hal_flash_ramfunc.o
#        C:\GIT\RevvyDemoKit\STM32F411\EWARM\RevvyDemo\Obj\stm32f4xx_hal_gpio.o
#        C:\GIT\RevvyDemoKit\STM32F411\EWARM\RevvyDemo\Obj\stm32f4xx_hal_i2c.o
#        C:\GIT\RevvyDemoKit\STM32F411\EWARM\RevvyDemo\Obj\stm32f4xx_hal_i2c_ex.o
#        C:\GIT\RevvyDemoKit\STM32F411\EWARM\RevvyDemo\Obj\stm32f4xx_hal_msp.o
#        C:\GIT\RevvyDemoKit\STM32F411\EWARM\RevvyDemo\Obj\stm32f4xx_hal_pcd.o
#        C:\GIT\RevvyDemoKit\STM32F411\EWARM\RevvyDemo\Obj\stm32f4xx_hal_pcd_ex.o
#        C:\GIT\RevvyDemoKit\STM32F411\EWARM\RevvyDemo\Obj\stm32f4xx_hal_pwr.o
#        C:\GIT\RevvyDemoKit\STM32F411\EWARM\RevvyDemo\Obj\stm32f4xx_hal_pwr_ex.o
#        C:\GIT\RevvyDemoKit\STM32F411\EWARM\RevvyDemo\Obj\stm32f4xx_hal_rcc.o
#        C:\GIT\RevvyDemoKit\STM32F411\EWARM\RevvyDemo\Obj\stm32f4xx_hal_rcc_ex.o
#        C:\GIT\RevvyDemoKit\STM32F411\EWARM\RevvyDemo\Obj\stm32f4xx_hal_tim.o
#        C:\GIT\RevvyDemoKit\STM32F411\EWARM\RevvyDemo\Obj\stm32f4xx_hal_tim_ex.o
#        C:\GIT\RevvyDemoKit\STM32F411\EWARM\RevvyDemo\Obj\stm32f4xx_hal_timebase_TIM.o
#        C:\GIT\RevvyDemoKit\STM32F411\EWARM\RevvyDemo\Obj\stm32f4xx_hal_uart.o
#        C:\GIT\RevvyDemoKit\STM32F411\EWARM\RevvyDemo\Obj\stm32f4xx_it.o
#        C:\GIT\RevvyDemoKit\STM32F411\EWARM\RevvyDemo\Obj\stm32f4xx_ll_usb.o
#        C:\GIT\RevvyDemoKit\STM32F411\EWARM\RevvyDemo\Obj\system_stm32f4xx.o
#        C:\GIT\RevvyDemoKit\STM32F411\EWARM\RevvyDemo\Obj\tasks.o
#        C:\GIT\RevvyDemoKit\STM32F411\EWARM\RevvyDemo\Obj\timers.o
#        C:\GIT\RevvyDemoKit\STM32F411\EWARM\RevvyDemo\Obj\WS2812_Lib.o
#        --redirect _Printf=_PrintfFull --redirect _Scanf=_ScanfFull -o
#        C:\GIT\RevvyDemoKit\STM32F411\EWARM\RevvyDemo\Exe\RevvyDemo.out --map
#        C:\GIT\RevvyDemoKit\STM32F411\EWARM\RevvyDemo\List\RevvyDemo.map
#        --config C:\GIT\RevvyDemoKit\STM32F411\EWARM/stm32f411xe_flash.icf
#        --semihosting --entry __iar_program_start --vfe --text_out locale)
#
###############################################################################

*******************************************************************************
*** RUNTIME MODEL ATTRIBUTES
***

CppFlavor       = *
__SystemLibrary = DLib
__dlib_version  = 6


*******************************************************************************
*** HEAP SELECTION
***

The basic heap was selected because no calls to memory allocation
functions were found in the application outside of system library
functions, and there are calls to deallocation functions in the
application.


*******************************************************************************
*** PLACEMENT SUMMARY
***

"A0":  place at 0x08000000 { ro section .intvec };
"P1":  place in [from 0x08000000 to 0x0807ffff] { ro };
define block CSTACK with size = 1K, alignment = 8 { };
define block HEAP with size = 512, alignment = 8 { };
"P2":  place in [from 0x20000000 to 0x2001ffff] {
          rw, block CSTACK, block HEAP };
initialize by copy { rw };

  Section            Kind        Address    Size  Object
  -------            ----        -------    ----  ------
"A0":                                      0x198
  .intvec            ro code  0x08000000   0x198  startup_stm32f411xe.o [1]
                            - 0x08000198   0x198

"P1":                                     0x7267
  .text              ro code  0x08000198  0x1c04  main.o [1]
  .text              ro code  0x08001d9c    0x34  stm32f4xx_hal.o [1]
  .text              ro code  0x08001dd0    0xdc  stm32f4xx_hal_cortex.o [1]
  .text              ro code  0x08001eac   0x660  stm32f4xx_hal_tim.o [1]
  .text              ro code  0x0800250c    0xd2  stm32f4xx_hal_tim_ex.o [1]
  .text              ro code  0x080025e0   0x5dc  stm32f4xx_hal_msp.o [1]
  .text              ro code  0x08002bbc   0x95a  stm32f4xx_hal_i2c.o [1]
  .text              ro code  0x08003516    0x24  stm32f4xx_hal_crc.o [1]
  .text              ro code  0x0800353c   0x514  stm32f4xx_hal_uart.o [1]
  .text              ro code  0x08003a50    0xb0  stm32f4xx_hal_pcd.o [1]
  .text              ro code  0x08003b00   0x2e0  stm32f4xx_hal_gpio.o [1]
  .text              ro code  0x08003de0   0x194  stm32f411e_discovery_accelerometer.o [1]
  .text              ro code  0x08003f74    0x5c  cmsis_os.o [1]
  .text              ro code  0x08003fd0   0x2fc  stm32f4xx_hal_rcc.o [1]
  .text              ro code  0x080042cc   0x1e4  stm32f4xx_hal_rcc.o [1]
  .text              ro code  0x080044b0   0x42a  stm32f4xx_hal_adc.o [1]
  .text              ro code  0x080048dc    0x48  FltToDbl.o [4]
  .text              ro code  0x08004924   0x1a2  DblMul.o [4]
  .text              ro code  0x08004ac8   0x246  DblDiv.o [4]
  .text              ro code  0x08004d10    0x68  DblToFlt.o [4]
  .text              ro code  0x08004d78   0x1dc  cos_sin32.o [4]
  .text              ro code  0x08004f54    0x12  math_wrappers64.o [4]
  .text              ro code  0x08004f68   0x178  DblAdd.o [4]
  .text              ro code  0x080050e0    0x1a  U32ToDbl.o [4]
  .text              ro code  0x080050fc   0x102  sqrt.o [4]
  .text              ro code  0x08005200    0xe2  DblSub.o [4]
  .text              ro code  0x080052e4     0xc  stm32f4xx_hal.o [1]
  .text              ro code  0x080052f0   0x22c  WS2812_Lib.o [1]
  .text              ro code  0x0800551c    0x10  stm32f4xx_hal.o [1]
  .text              ro code  0x0800552c    0x80  stm32f4xx_hal_timebase_TIM.o [1]
  .text              ro code  0x080055ac   0x390  stm32f4xx_hal_dma.o [1]
  .text              ro code  0x0800593c     0x2  stm32f4xx_hal_tim.o [1]
  .text              ro code  0x0800593e     0x2  stm32f4xx_hal_tim.o [1]
  .text              ro code  0x08005940     0x2  stm32f4xx_hal_tim.o [1]
  .text              ro code  0x08005942     0x2  stm32f4xx_hal_tim_ex.o [1]
  .text              ro code  0x08005944     0x2  stm32f4xx_hal_tim.o [1]
  .text              ro code  0x08005946     0x2  stm32f4xx_hal_tim_ex.o [1]
  .text              ro code  0x08005948     0x2  stm32f4xx_hal_tim.o [1]
  .text              ro code  0x0800594a     0x2  stm32f4xx_hal_uart.o [1]
  .text              ro code  0x0800594c     0x2  stm32f4xx_hal_uart.o [1]
  .text              ro code  0x0800594e     0x2  stm32f4xx_hal_uart.o [1]
  .text              ro code  0x08005950   0x218  stm32f4xx_ll_usb.o [1]
  .text              ro code  0x08005b68    0xa6  ABImemcpy.o [5]
  .text              ro code  0x08005c10   0x1c0  stm32f411e_discovery.o [1]
  .text              ro code  0x08005dd0   0x54c  tasks.o [1]
  .text              ro code  0x0800631c   0x1b4  port.o [1]
  .text              ro code  0x080064d0   0x22e  I64DivMod.o [5]
  .text              ro code  0x080066fe     0x2  stm32f4xx_hal_adc.o [1]
  .text              ro code  0x08006700     0x2  stm32f4xx_hal_adc.o [1]
  .text              ro code  0x08006704    0xc4  acos64.o [4]
  .text              ro code  0x080067c8     0x6  ABImemclr.o [5]
  .text              ro code  0x080067d0    0x28  stm32f4xx_hal.o [1]
  .text              ro code  0x080067f8   0x1c4  heap_4.o [1]
  .text              ro code  0x080069bc    0x90  list.o [1]
  CODE               ro code  0x08006a4c    0xa8  portasm.o [1]
  .text              ro code  0x08006af4     0x2  I64DivZer.o [5]
  .text              ro code  0x08006af8    0x2e  DblCmpLe.o [4]
  .text              ro code  0x08006b28   0x208  iar_Atan64.o [4]
  .text              ro code  0x08006d30    0x5e  ABImemset.o [5]
  .text              ro code  0x08006d90    0x20  DblCmpEq.o [4]
  .text              ro code  0x08006db0    0x2e  DblCmpGe.o [4]
  .text              ro code  0x08006de0   0x25e  lsm303dlhc.o [1]
  .text              ro code  0x08007040    0x22  S32ToDbl.o [4]
  .text              ro code  0x08007064    0x8c  stm32f4xx_it.o [1]
  .text              ro code  0x080070f0    0x60  system_stm32f4xx.o [1]
  .rodata            const    0x08007150    0x44  main.o [1]
  .text              ro code  0x08007194    0x40  zero_init3.o [5]
  .text              ro code  0x080071d4    0x38  packbits_init_single.o [5]
  .text              ro code  0x0800720c    0x28  data_init.o [5]
  .text              ro code  0x08007234    0x22  fpinit_M.o [4]
  .iar.init_table    const    0x08007258    0x20  - Linker created -
  .text              ro code  0x08007278    0x1e  cmain.o [5]
  .text              ro code  0x08007296     0x4  low_level_init.o [3]
  .text              ro code  0x0800729a     0x4  exit.o [3]
  .text              ro code  0x080072a0     0xa  cexit.o [5]
  .text              ro code  0x080072ac    0x14  exit.o [6]
  .text              ro code  0x080072c0    0x10  startup_stm32f411xe.o [1]
  .text              ro code  0x080072d0     0xc  cstartup_M.o [5]
  .rodata            const    0x080072dc     0x8  system_stm32f4xx.o [1]
  .text              ro code  0x080072e4     0x4  startup_stm32f411xe.o [1]
  .text              ro code  0x080072e8     0x4  startup_stm32f411xe.o [1]
  .text              ro code  0x080072ec     0x4  startup_stm32f411xe.o [1]
  .text              ro code  0x080072f0     0x4  startup_stm32f411xe.o [1]
  .text              ro code  0x080072f4     0x4  startup_stm32f411xe.o [1]
  .text              ro code  0x080072f8     0x4  startup_stm32f411xe.o [1]
  .text              ro code  0x080072fc     0x4  startup_stm32f411xe.o [1]
  .text              ro code  0x08007300     0x4  startup_stm32f411xe.o [1]
  .text              ro code  0x08007304     0x4  startup_stm32f411xe.o [1]
  .text              ro code  0x08007308     0x4  startup_stm32f411xe.o [1]
  .text              ro code  0x0800730c     0x4  startup_stm32f411xe.o [1]
  .text              ro code  0x08007310     0x4  startup_stm32f411xe.o [1]
  .text              ro code  0x08007314     0x4  startup_stm32f411xe.o [1]
  .text              ro code  0x08007318     0x4  startup_stm32f411xe.o [1]
  .text              ro code  0x0800731c     0x4  startup_stm32f411xe.o [1]
  .text              ro code  0x08007320     0x4  startup_stm32f411xe.o [1]
  .text              ro code  0x08007324     0x4  startup_stm32f411xe.o [1]
  .text              ro code  0x08007328     0x4  startup_stm32f411xe.o [1]
  .text              ro code  0x0800732c     0x4  startup_stm32f411xe.o [1]
  .text              ro code  0x08007330     0x4  startup_stm32f411xe.o [1]
  .text              ro code  0x08007334     0x4  startup_stm32f411xe.o [1]
  .text              ro code  0x08007338     0x4  startup_stm32f411xe.o [1]
  .text              ro code  0x0800733c     0x4  startup_stm32f411xe.o [1]
  .text              ro code  0x08007340     0x4  startup_stm32f411xe.o [1]
  .text              ro code  0x08007344     0x4  startup_stm32f411xe.o [1]
  .text              ro code  0x08007348     0x4  startup_stm32f411xe.o [1]
  .text              ro code  0x0800734c     0x4  startup_stm32f411xe.o [1]
  .text              ro code  0x08007350     0x4  startup_stm32f411xe.o [1]
  .text              ro code  0x08007354     0x4  startup_stm32f411xe.o [1]
  .text              ro code  0x08007358     0x4  startup_stm32f411xe.o [1]
  .text              ro code  0x0800735c     0x4  startup_stm32f411xe.o [1]
  .text              ro code  0x08007360     0x4  startup_stm32f411xe.o [1]
  .text              ro code  0x08007364     0x4  startup_stm32f411xe.o [1]
  .text              ro code  0x08007368     0x4  startup_stm32f411xe.o [1]
  .text              ro code  0x0800736c     0x4  startup_stm32f411xe.o [1]
  .text              ro code  0x08007370     0x4  startup_stm32f411xe.o [1]
  .text              ro code  0x08007374     0x4  startup_stm32f411xe.o [1]
  .text              ro code  0x08007378     0x4  startup_stm32f411xe.o [1]
  .text              ro code  0x0800737c     0x4  startup_stm32f411xe.o [1]
  .text              ro code  0x08007380     0x4  startup_stm32f411xe.o [1]
  .text              ro code  0x08007384     0x4  startup_stm32f411xe.o [1]
  .text              ro code  0x08007388     0x4  startup_stm32f411xe.o [1]
  .text              ro code  0x0800738c     0x4  startup_stm32f411xe.o [1]
  .text              ro code  0x08007390     0x4  startup_stm32f411xe.o [1]
  .text              ro code  0x08007394     0x4  startup_stm32f411xe.o [1]
  .text              ro code  0x08007398     0x4  startup_stm32f411xe.o [1]
  .text              ro code  0x0800739c     0x4  startup_stm32f411xe.o [1]
  .text              ro code  0x080073a0     0x4  startup_stm32f411xe.o [1]
  .text              ro code  0x080073a4     0x4  startup_stm32f411xe.o [1]
  .text              ro code  0x080073a8     0x4  startup_stm32f411xe.o [1]
  .text              ro code  0x080073ac     0x4  startup_stm32f411xe.o [1]
  .text              ro code  0x080073b0     0x4  startup_stm32f411xe.o [1]
  .text              ro code  0x080073b4     0x4  startup_stm32f411xe.o [1]
  .rodata            const    0x080073b8     0x0  zero_init3.o [5]
  .rodata            const    0x080073b8     0x0  packbits_init_single.o [5]
  Initializer bytes  const    0x080073b8    0x47  <for P2-1>
                            - 0x080073ff  0x7267

"P2", part 1 of 3:                         0x1a5
  P2-1                        0x20000000   0x1a5  <Init block>
    .data            inited   0x20000000    0x2c  lsm303dlhc.o [1]
    .data            inited   0x2000002c    0xf8  main.o [1]
    .data            inited   0x20000124     0xc  port.o [1]
    .data            inited   0x20000130    0x58  stm32f411e_discovery.o [1]
    .data            inited   0x20000188     0xc  stm32f4xx_hal.o [1]
    .data            inited   0x20000194     0x4  system_stm32f4xx.o [1]
    .data            inited   0x20000198     0xd  WS2812_Lib.o [1]
                            - 0x200001a5   0x1a5

"P2", part 2 of 3:                        0x46f0
  .bss               zero     0x200001a8  0x3c18  heap_4.o [1]
  .bss               zero     0x20003dc0   0x620  main.o [1]
  .bss               zero     0x200043e0   0x120  WS2812_Lib.o [1]
  .bss               zero     0x20004500    0xa0  tasks.o [1]
  .bss               zero     0x200045a0    0x8c  tasks.o [1]
  .bss               zero     0x2000462c    0x7c  main.o [1]
  .bss               zero     0x200046a8    0x60  main.o [1]
  .bss               zero     0x20004708    0x60  main.o [1]
  .bss               zero     0x20004768    0x54  main.o [1]
  .bss               zero     0x200047bc    0x48  main.o [1]
  .bss               zero     0x20004804    0x3c  main.o [1]
  .bss               zero     0x20004840    0x3c  stm32f4xx_hal_timebase_TIM.o [1]
  .bss               zero     0x2000487c     0x8  main.o [1]
  .bss               zero     0x20004884     0x8  stm32f411e_discovery_accelerometer.o [1]
  .bss               zero     0x2000488c     0x4  stm32f411e_discovery_accelerometer.o [1]
  .bss               zero     0x20004890     0x3  lsm303dlhc.o [1]
  .bss               zero     0x20004893     0x2  lsm303dlhc.o [1]
  .bss               zero     0x20004895     0x1  lsm303dlhc.o [1]
                            - 0x20004896  0x46ee

"P2", part 3 of 3:                         0x400
  CSTACK                      0x20004898   0x400  <Block>
    CSTACK           uninit   0x20004898   0x400  <Block tail>
                            - 0x20004c98   0x400


*******************************************************************************
*** INIT TABLE
***

          Address     Size
          -------     ----
Zero (__iar_zero_init3)
    1 destination range, total size 0x46ee:
          0x200001a8  0x46ee

Copy/packbits (__iar_packbits_init_single3)
    1 source range, total size 0x47 (16% of destination):
          0x080073b8    0x47
    1 destination range, total size 0x1a5:
          0x20000000   0x1a5



*******************************************************************************
*** MODULE SUMMARY
***

    Module                                ro code  ro data  rw data
    ------                                -------  -------  -------
C:\GIT\RevvyDemoKit\STM32F411\EWARM\RevvyDemo\Obj: [1]
    WS2812_Lib.o                              556        3      301
    cmsis_os.o                                 92
    heap_4.o                                  452            15 384
    list.o                                    144
    lsm303dlhc.o                              606        7       50
    main.o                                  7 172      110    2 356
    port.o                                    436        2       12
    portasm.o                                 168
    startup_stm32f411xe.o                     636
    stm32f411e_discovery.o                    448       15       88
    stm32f411e_discovery_accelerometer.o      404                12
    stm32f4xx_hal.o                           120        2       12
    stm32f4xx_hal_adc.o                     1 070
    stm32f4xx_hal_cortex.o                    220
    stm32f4xx_hal_crc.o                        36
    stm32f4xx_hal_dma.o                       912
    stm32f4xx_hal_gpio.o                      736
    stm32f4xx_hal_i2c.o                     2 394
    stm32f4xx_hal_msp.o                     1 500
    stm32f4xx_hal_pcd.o                       176
    stm32f4xx_hal_rcc.o                     1 248
    stm32f4xx_hal_tim.o                     1 642
    stm32f4xx_hal_tim_ex.o                    214
    stm32f4xx_hal_timebase_TIM.o              128                60
    stm32f4xx_hal_uart.o                    1 306
    stm32f4xx_it.o                            140
    stm32f4xx_ll_usb.o                        536
    system_stm32f4xx.o                         96        8        4
    tasks.o                                 1 356               300
    ---------------------------------------------------------------
    Total:                                 24 944      147   18 579

command line: [2]
    ---------------------------------------------------------------
    Total:

dl7M_tlf.a: [3]
    exit.o                                      4
    low_level_init.o                            4
    ---------------------------------------------------------------
    Total:                                      8

m7M_tls.a: [4]
    DblAdd.o                                  376
    DblCmpEq.o                                 32
    DblCmpGe.o                                 46
    DblCmpLe.o                                 46
    DblDiv.o                                  582
    DblMul.o                                  418
    DblSub.o                                  226
    DblToFlt.o                                104
    FltToDbl.o                                 72
    S32ToDbl.o                                 34
    U32ToDbl.o                                 26
    acos64.o                                  196
    cos_sin32.o                               476
    fpinit_M.o                                 34
    iar_Atan64.o                              520
    math_wrappers64.o                          18
    sqrt.o                                    258
    ---------------------------------------------------------------
    Total:                                  3 464

rt7M_tl.a: [5]
    ABImemclr.o                                 6
    ABImemcpy.o                               166
    ABImemset.o                                94
    I64DivMod.o                               558
    I64DivZer.o                                 2
    cexit.o                                    10
    cmain.o                                    30
    cstartup_M.o                               12
    data_init.o                                40
    packbits_init_single.o                     56
    zero_init3.o                               64
    ---------------------------------------------------------------
    Total:                                  1 038

shb_l.a: [6]
    exit.o                                     20
    ---------------------------------------------------------------
    Total:                                     20

    Gaps                                       40        2
    Linker created                                      32    1 024
-------------------------------------------------------------------
    Grand Total:                           29 514      181   19 603


*******************************************************************************
*** ENTRY LIST
***

Entry                      Address    Size  Type      Object
-----                      -------    ----  ----      ------
.iar.init_table$$Base   0x08007258           --   Gb  - Linker created -
.iar.init_table$$Limit  0x08007278           --   Gb  - Linker created -
?main                   0x08007279          Code  Gb  cmain.o [5]
ADC_Buf                 0x20004638    0x18  Data  Lc  main.o [1]
ADC_DMAConvCplt         0x08004865    0x5a  Code  Lc  stm32f4xx_hal_adc.o [1]
ADC_DMAError            0x080048c9    0x12  Code  Lc  stm32f4xx_hal_adc.o [1]
ADC_DMAHalfConvCplt     0x080048c1     0x6  Code  Lc  stm32f4xx_hal_adc.o [1]
ADC_Init                0x08004751    0xf4  Code  Lc  stm32f4xx_hal_adc.o [1]
ADC_Values              0x20004650    0x18  Data  Lc  main.o [1]
AHBPrescTable           0x08007140    0x10  Data  Gb  system_stm32f4xx.o [1]
APBPrescTable           0x080072dc     0x8  Data  Gb  system_stm32f4xx.o [1]
AccelerometerDrv        0x2000488c     0x4  Data  Lc  stm32f411e_discovery_accelerometer.o [1]
BSP_ACCELERO_GetXYZ     0x08003e09    0x12  Code  Gb  stm32f411e_discovery_accelerometer.o [1]
BSP_ACCELERO_Init       0x08003de1    0x28  Code  Gb  stm32f411e_discovery_accelerometer.o [1]
COMPASSACCELERO_IO_ITConfig
                        0x08005d65    0x48  Code  Gb  stm32f411e_discovery.o [1]
COMPASSACCELERO_IO_Init
                        0x08005d2b    0x3a  Code  Gb  stm32f411e_discovery.o [1]
COMPASSACCELERO_IO_Read
                        0x08005dcf     0x2  Code  Gb  stm32f411e_discovery.o [1]
COMPASSACCELERO_IO_Write
                        0x08005dcd     0x2  Code  Gb  stm32f411e_discovery.o [1]
CSTACK$$Base            0x20004898           --   Gb  - Linker created -
CSTACK$$Limit           0x20004c98           --   Gb  - Linker created -
DMA1_Stream3_IRQHandler
                        0x08007087    0x10  Code  Gb  stm32f4xx_it.o [1]
DMA2_Stream4_IRQHandler
                        0x080070d1     0x6  Code  Gb  stm32f4xx_it.o [1]
DMA_CalcBaseAndBitshift
                        0x080058f5    0x2e  Code  Lc  stm32f4xx_hal_dma.o [1]
DMA_CalcBaseAndBitshift::flagBitshiftOffset
                        0x08005934     0x8  Data  Lc  stm32f4xx_hal_dma.o [1]
DMA_Callback            0x080052f1     0xa  Code  Gb  WS2812_Lib.o [1]
EXTI0_IRQHandler        0x08007069     0x6  Code  Gb  stm32f4xx_it.o [1]
EXTI1_IRQHandler        0x0800706f     0x6  Code  Gb  stm32f4xx_it.o [1]
EXTI2_IRQHandler        0x08007075     0x6  Code  Gb  stm32f4xx_it.o [1]
EXTI3_IRQHandler        0x0800707b     0x6  Code  Gb  stm32f4xx_it.o [1]
EXTI4_IRQHandler        0x08007081     0x6  Code  Gb  stm32f4xx_it.o [1]
EXTI9_5_IRQHandler      0x08007097    0x28  Code  Gb  stm32f4xx_it.o [1]
HAL_ADC_ConfigChannel   0x0800460d   0x144  Code  Gb  stm32f4xx_hal_adc.o [1]
HAL_ADC_ConvCpltCallback
                        0x08000199    0x28  Code  Gb  main.o [1]
HAL_ADC_Init            0x080044b1    0x50  Code  Gb  stm32f4xx_hal_adc.o [1]
HAL_ADC_MspInit         0x08002671    0xa0  Code  Gb  stm32f4xx_hal_msp.o [1]
HAL_ADC_Start_DMA       0x08004501   0x10c  Code  Gb  stm32f4xx_hal_adc.o [1]
HAL_CRC_Init            0x08003517    0x24  Code  Gb  stm32f4xx_hal_crc.o [1]
HAL_CRC_MspInit         0x08002711    0x2a  Code  Gb  stm32f4xx_hal_msp.o [1]
HAL_DMA_Abort_IT        0x08005727    0x24  Code  Gb  stm32f4xx_hal_dma.o [1]
HAL_DMA_IRQHandler      0x0800574b   0x1a8  Code  Gb  stm32f4xx_hal_dma.o [1]
HAL_DMA_Init            0x080055ad    0xec  Code  Gb  stm32f4xx_hal_dma.o [1]
HAL_DMA_Start_IT        0x08005699    0x8e  Code  Gb  stm32f4xx_hal_dma.o [1]
HAL_Delay               0x080067d1    0x28  Code  Wk  stm32f4xx_hal.o [1]
HAL_GPIO_DeInit         0x08003c99    0xf0  Code  Gb  stm32f4xx_hal_gpio.o [1]
HAL_GPIO_EXTI_Callback  0x08000c17   0x1c4  Code  Gb  main.o [1]
HAL_GPIO_EXTI_IRQHandler
                        0x08003dab    0x10  Code  Gb  stm32f4xx_hal_gpio.o [1]
HAL_GPIO_Init           0x08003b01   0x198  Code  Gb  stm32f4xx_hal_gpio.o [1]
HAL_GPIO_ReadPin        0x08003d89     0xe  Code  Gb  stm32f4xx_hal_gpio.o [1]
HAL_GPIO_TogglePin      0x08003da3     0x8  Code  Gb  stm32f4xx_hal_gpio.o [1]
HAL_GPIO_WritePin       0x08003d97     0xc  Code  Gb  stm32f4xx_hal_gpio.o [1]
HAL_GetTick             0x080052e5     0xc  Code  Wk  stm32f4xx_hal.o [1]
HAL_I2C_DeInit          0x08002c95    0x30  Code  Gb  stm32f4xx_hal_i2c.o [1]
HAL_I2C_GetState        0x0800311f     0x6  Code  Gb  stm32f4xx_hal_i2c.o [1]
HAL_I2C_Init            0x08002bbd    0xd8  Code  Gb  stm32f4xx_hal_i2c.o [1]
HAL_I2C_Mem_Read        0x08002e89   0x290  Code  Gb  stm32f4xx_hal_i2c.o [1]
HAL_I2C_Mem_Write       0x08002ce9   0x182  Code  Gb  stm32f4xx_hal_i2c.o [1]
HAL_I2C_MspDeInit       0x08002805    0x54  Code  Gb  stm32f4xx_hal_msp.o [1]
HAL_I2C_MspInit         0x0800273b    0xca  Code  Gb  stm32f4xx_hal_msp.o [1]
HAL_IncTick             0x0800551d    0x10  Code  Wk  stm32f4xx_hal.o [1]
HAL_Init                0x08001d9d    0x30  Code  Gb  stm32f4xx_hal.o [1]
HAL_InitTick            0x0800552d    0x6e  Code  Gb  stm32f4xx_hal_timebase_TIM.o [1]
HAL_MspInit             0x080025e1    0x90  Code  Gb  stm32f4xx_hal_msp.o [1]
HAL_NVIC_EnableIRQ      0x08001e3d     0xa  Code  Gb  stm32f4xx_hal_cortex.o [1]
HAL_NVIC_SetPriority    0x08001deb    0x52  Code  Gb  stm32f4xx_hal_cortex.o [1]
HAL_NVIC_SetPriorityGrouping
                        0x08001dd1    0x1a  Code  Gb  stm32f4xx_hal_cortex.o [1]
HAL_PCD_Init            0x08003a51    0xb0  Code  Gb  stm32f4xx_hal_pcd.o [1]
HAL_PCD_MspInit         0x08002ad7    0x50  Code  Gb  stm32f4xx_hal_msp.o [1]
HAL_RCC_ClockConfig     0x080042cd   0x110  Code  Gb  stm32f4xx_hal_rcc.o [1]
HAL_RCC_GetClockConfig  0x08004407    0x38  Code  Gb  stm32f4xx_hal_rcc.o [1]
HAL_RCC_GetHCLKFreq     0x080043dd     0x6  Code  Gb  stm32f4xx_hal_rcc.o [1]
HAL_RCC_GetPCLK1Freq    0x080043e3    0x10  Code  Gb  stm32f4xx_hal_rcc.o [1]
HAL_RCC_GetPCLK2Freq    0x080043f3     0xe  Code  Gb  stm32f4xx_hal_rcc.o [1]
HAL_RCC_OscConfig       0x08003fd1   0x2fc  Code  Wk  stm32f4xx_hal_rcc.o [1]
HAL_SYSTICK_CLKSourceConfig
                        0x08001e73    0x1a  Code  Gb  stm32f4xx_hal_cortex.o [1]
HAL_SYSTICK_Config      0x08001e51    0x22  Code  Gb  stm32f4xx_hal_cortex.o [1]
HAL_TIMEx_BreakCallback
                        0x08005943     0x2  Code  Wk  stm32f4xx_hal_tim_ex.o [1]
HAL_TIMEx_CommutationCallback
                        0x08005947     0x2  Code  Wk  stm32f4xx_hal_tim_ex.o [1]
HAL_TIMEx_ConfigBreakDeadTime
                        0x08002583    0x5c  Code  Gb  stm32f4xx_hal_tim_ex.o [1]
HAL_TIMEx_MasterConfigSynchronization
                        0x08002537    0x4c  Code  Gb  stm32f4xx_hal_tim_ex.o [1]
HAL_TIMEx_PWMN_Start    0x0800250d     0xc  Code  Gb  stm32f4xx_hal_tim_ex.o [1]
HAL_TIM_Base_Init       0x08001ead    0x1e  Code  Gb  stm32f4xx_hal_tim.o [1]
HAL_TIM_Base_MspInit    0x08002981    0x26  Code  Gb  stm32f4xx_hal_msp.o [1]
HAL_TIM_Base_Start      0x08001ecb    0x12  Code  Gb  stm32f4xx_hal_tim.o [1]
HAL_TIM_Base_Start_IT   0x08001edd    0x16  Code  Gb  stm32f4xx_hal_tim.o [1]
HAL_TIM_IRQHandler      0x080020cd   0x14a  Code  Gb  stm32f4xx_hal_tim.o [1]
HAL_TIM_MspPostInit     0x080029a7    0xda  Code  Gb  stm32f4xx_hal_msp.o [1]
HAL_TIM_PWM_ConfigChannel
                        0x08002217    0xd0  Code  Gb  stm32f4xx_hal_tim.o [1]
HAL_TIM_PWM_Init        0x08001f23    0x1e  Code  Gb  stm32f4xx_hal_tim.o [1]
HAL_TIM_PWM_MspInit     0x08002859   0x128  Code  Gb  stm32f4xx_hal_msp.o [1]
HAL_TIM_PWM_Start       0x08001f41     0x2  Code  Gb  stm32f4xx_hal_tim.o [1]
HAL_TIM_PWM_Start_DMA   0x08001fb1   0x10a  Code  Gb  stm32f4xx_hal_tim.o [1]
HAL_TIM_PeriodElapsedCallback
                        0x08001d43     0xe  Code  Gb  main.o [1]
HAL_UART_IRQHandler     0x080035f5   0x158  Code  Gb  stm32f4xx_hal_uart.o [1]
HAL_UART_Init           0x0800353d    0x44  Code  Gb  stm32f4xx_hal_uart.o [1]
HAL_UART_MspInit        0x08002a81    0x56  Code  Gb  stm32f4xx_hal_msp.o [1]
HAL_UART_Receive_IT     0x0800359b    0x46  Code  Gb  stm32f4xx_hal_uart.o [1]
I2C_RequestMemoryRead   0x0800323f   0x1e0  Code  Lc  stm32f4xx_hal_i2c.o [1]
I2C_RequestMemoryWrite  0x08003131   0x10e  Code  Lc  stm32f4xx_hal_i2c.o [1]
I2C_WaitOnBTFFlagUntilTimeout
                        0x08003459    0x34  Code  Lc  stm32f4xx_hal_i2c.o [1]
I2C_WaitOnRXNEFlagUntilTimeout
                        0x080034bd    0x5a  Code  Lc  stm32f4xx_hal_i2c.o [1]
I2C_WaitOnTXEFlagUntilTimeout
                        0x08003425    0x34  Code  Lc  stm32f4xx_hal_i2c.o [1]
I2Cx_Init               0x08005c11    0xb4  Code  Lc  stm32f411e_discovery.o [1]
I2Cx_ReadData           0x08005cf3    0x38  Code  Lc  stm32f411e_discovery.o [1]
I2Cx_WriteData          0x08005cc5    0x2e  Code  Lc  stm32f411e_discovery.o [1]
I2cHandle               0x20000130    0x54  Data  Lc  stm32f411e_discovery.o [1]
I2cxTimeout             0x20000184     0x4  Data  Gb  stm32f411e_discovery.o [1]
LSM303DLHC_AccClickITEnable
                        0x08006fe5    0x40  Code  Gb  lsm303dlhc.o [1]
LSM303DLHC_AccFilterClickCmd
                        0x08006fad    0x10  Code  Gb  lsm303dlhc.o [1]
LSM303DLHC_AccFilterCmd
                        0x08006e59    0x12  Code  Gb  lsm303dlhc.o [1]
LSM303DLHC_AccFilterConfig
                        0x08006e2d    0x2c  Code  Gb  lsm303dlhc.o [1]
LSM303DLHC_AccFilterConfig::tmpreg
                        0x20004895     0x1  Data  Lc  lsm303dlhc.o [1]
LSM303DLHC_AccIT1Enable
                        0x08006fcd    0x18  Code  Gb  lsm303dlhc.o [1]
LSM303DLHC_AccInit      0x08006de1    0x24  Code  Gb  lsm303dlhc.o [1]
LSM303DLHC_AccInit::ctrl1
                        0x20004893     0x1  Data  Lc  lsm303dlhc.o [1]
LSM303DLHC_AccInit::ctrl4
                        0x20004894     0x1  Data  Lc  lsm303dlhc.o [1]
LSM303DLHC_AccReadID    0x08006e05    0x12  Code  Gb  lsm303dlhc.o [1]
LSM303DLHC_AccReadXYZ   0x08006e6d   0x12c  Code  Gb  lsm303dlhc.o [1]
LSM303DLHC_AccReadXYZ::ctrlx
                        0x20004890     0x2  Data  Lc  lsm303dlhc.o [1]
LSM303DLHC_AccReadXYZ::sensitivity
                        0x20004892     0x1  Data  Lc  lsm303dlhc.o [1]
LSM303DLHC_AccRebootCmd
                        0x08006e17    0x16  Code  Gb  lsm303dlhc.o [1]
LSM303DLHC_AccZClickITConfig
                        0x08007025    0x1a  Code  Gb  lsm303dlhc.o [1]
LSM303DLHC_MagReadXYZ   0x08003e41   0x122  Code  Gb  stm32f411e_discovery_accelerometer.o [1]
LSM303DLHC_MagReadXYZ::buffer
                        0x20004884     0x8  Data  Lc  stm32f411e_discovery_accelerometer.o [1]
Lsm303dlhcDrv           0x20000000    0x2c  Data  Gb  lsm303dlhc.o [1]
MAGNET_Init             0x08003e1b    0x1e  Code  Gb  stm32f411e_discovery_accelerometer.o [1]
MX_ADC1_Init            0x080008ad    0xc0  Code  Lc  main.o [1]
MX_GPIO_Init            0x08000a1d   0x1fa  Code  Lc  main.o [1]
MX_TIM1_Init            0x0800096d    0xb0  Code  Lc  main.o [1]
PendSV_Handler          0x08006a4d          Code  Gb  portasm.o [1]
Region$$Table$$Base     0x08007258           --   Gb  - Linker created -
Region$$Table$$Limit    0x08007278           --   Gb  - Linker created -
SVC_Handler             0x08006aa5          Code  Gb  portasm.o [1]
StartCommTask           0x08001c89    0x7c  Code  Gb  main.o [1]
StartControlTask        0x08001c7f     0xa  Code  Gb  main.o [1]
StartDefaultTask        0x08000f79     0xa  Code  Gb  main.o [1]
StartIdleTask           0x08001d05    0x18  Code  Gb  main.o [1]
StartLedTask            0x08001d25    0x1e  Code  Gb  main.o [1]
StartSensorTask         0x08000f85   0xcfa  Code  Gb  main.o [1]
SysTick_Handler         0x08007065     0x4  Code  Gb  stm32f4xx_it.o [1]
SystemClock_Config      0x08000801    0xac  Code  Gb  main.o [1]
SystemCoreClock         0x20000194     0x4  Data  Gb  system_stm32f4xx.o [1]
SystemInit              0x080070f1    0x3a  Code  Gb  system_stm32f4xx.o [1]
TIM1_TRG_COM_TIM11_IRQHandler
                        0x080070bf    0x12  Code  Gb  stm32f4xx_it.o [1]
TIM_Base_SetConfig      0x080022f1    0x7a  Code  Gb  stm32f4xx_hal_tim.o [1]
TIM_DMADelayPulseCplt   0x080023bd    0x3a  Code  Gb  stm32f4xx_hal_tim.o [1]
TIM_DMAError            0x080023f9     0xc  Code  Gb  stm32f4xx_hal_tim.o [1]
TIM_OC1_SetConfig       0x0800240b    0x4c  Code  Lc  stm32f4xx_hal_tim.o [1]
TIM_OC2_SetConfig       0x0800236b    0x50  Code  Gb  stm32f4xx_hal_tim.o [1]
TIM_OC3_SetConfig       0x08002457    0x4c  Code  Lc  stm32f4xx_hal_tim.o [1]
TIM_OC4_SetConfig       0x080024a9    0x42  Code  Lc  stm32f4xx_hal_tim.o [1]
UART_DMAAbortOnError    0x08003769     0xc  Code  Lc  stm32f4xx_hal_uart.o [1]
UART_EndRxTransfer      0x0800374d    0x1c  Code  Lc  stm32f4xx_hal_uart.o [1]
UART_Receive_IT         0x08003775    0x8c  Code  Lc  stm32f4xx_hal_uart.o [1]
UART_SetConfig          0x08003801   0x23e  Code  Lc  stm32f4xx_hal_uart.o [1]
USART6_IRQHandler       0x080070d7     0x6  Code  Gb  stm32f4xx_it.o [1]
USB_CoreInit            0x08005951    0x6e  Code  Gb  stm32f4xx_ll_usb.o [1]
USB_CoreReset           0x08005b31    0x28  Code  Lc  stm32f4xx_ll_usb.o [1]
USB_DevDisconnect       0x08005b19     0xc  Code  Gb  stm32f4xx_ll_usb.o [1]
USB_DevInit             0x080059f1   0x128  Code  Gb  stm32f4xx_ll_usb.o [1]
USB_DisableGlobalInt    0x080059bf     0x6  Code  Gb  stm32f4xx_ll_usb.o [1]
USB_SetCurrentMode      0x080059cb    0x26  Code  Gb  stm32f4xx_ll_usb.o [1]
WS2812_LED_BUF_CH1      0x20000198     0xc  Data  Gb  WS2812_Lib.o [1]
WS2812_One_RGB          0x080054a3    0x2a  Code  Gb  WS2812_Lib.o [1]
WS2812_Rotate_Left      0x080054cd    0x44  Code  Gb  WS2812_Lib.o [1]
WS2812_TIM_BUF          0x200043e0   0x120  Data  Gb  WS2812_Lib.o [1]
_Error_Handler          0x08001d95     0x2  Code  Gb  main.o [1]
__aeabi_cdcmpeq         0x08006d91          Code  Gb  DblCmpEq.o [4]
__aeabi_cdcmple         0x08006af9          Code  Gb  DblCmpLe.o [4]
__aeabi_cdrcmple        0x08006db1          Code  Gb  DblCmpGe.o [4]
__aeabi_d2f             0x08004d11          Code  Gb  DblToFlt.o [4]
__aeabi_dadd            0x08004f69          Code  Gb  DblAdd.o [4]
__aeabi_ddiv            0x08004ac9          Code  Gb  DblDiv.o [4]
__aeabi_dmul            0x08004925          Code  Gb  DblMul.o [4]
__aeabi_dsub            0x08005201          Code  Gb  DblSub.o [4]
__aeabi_f2d             0x080048dd          Code  Gb  FltToDbl.o [4]
__aeabi_i2d             0x08007041          Code  Gb  S32ToDbl.o [4]
__aeabi_ldiv0           0x08006af5          Code  Gb  I64DivZer.o [5]
__aeabi_memclr          0x080067c9          Code  Gb  ABImemclr.o [5]
__aeabi_memcpy          0x08005b69          Code  Gb  ABImemcpy.o [5]
__aeabi_memcpy4         0x08005b89          Code  Gb  ABImemcpy.o [5]
__aeabi_memcpy8         0x08005b89          Code  Gb  ABImemcpy.o [5]
__aeabi_ui2d            0x080050e1          Code  Gb  U32ToDbl.o [4]
__aeabi_uldivmod        0x080064d1          Code  Gb  I64DivMod.o [5]
__cmain                 0x08007279          Code  Gb  cmain.o [5]
__exit                  0x080072ad    0x14  Code  Gb  exit.o [6]
__iar_Atan64            0x08006b29   0x170  Code  Gb  iar_Atan64.o [4]
__iar_Memset_word       0x08006d31          Code  Gb  ABImemset.o [5]
__iar_Sin32             0x08004d79   0x198  Code  Lc  cos_sin32.o [4]
__iar_acos64            0x08006705    0xc4  Code  Gb  acos64.o [4]
__iar_cos32             0x08004f51     0x4  Code  Gb  cos_sin32.o [4]
__iar_cos_medium32      0x08004f51     0x4  Code  Gb  cos_sin32.o [4]
__iar_cos_mediumf       0x08004f51     0x4  Code  Gb  cos_sin32.o [4]
__iar_dadd              0x08005211          Code  Gb  DblSub.o [4]
__iar_data_init3        0x0800720d    0x28  Code  Gb  data_init.o [5]
__iar_dsub              0x08004f79          Code  Gb  DblAdd.o [4]
__iar_dsubStart         0x08004f8b          Code  Gb  DblAdd.o [4]
__iar_init_vfp          0x08007235          Code  Gb  fpinit_M.o [4]
__iar_packbits_init_single3
                        0x080071d5    0x38  Code  Gb  packbits_init_single.o [5]
__iar_program_start     0x080072d1          Code  Gb  cstartup_M.o [5]
__iar_sqrt64            0x0800510d          Code  Gb  sqrt.o [4]
__iar_systems$$module {Abs}
                        0x00000001          Data  Gb  command line/config [2]
__iar_vfp___iar_sqrt64  0x080050fd          Code  Gb  sqrt.o [4]
__iar_vfp_acos          0x08004f5b     0xc  Code  Gb  math_wrappers64.o [4]
__iar_vfp_sqrt          0x080050fd          Code  Gb  sqrt.o [4]
__iar_vfp_sqrtl         0x080050fd          Code  Gb  sqrt.o [4]
__iar_zero_init3        0x08007195    0x40  Code  Gb  zero_init3.o [5]
__low_level_init        0x08007297     0x4  Code  Gb  low_level_init.o [3]
__vector_table          0x08000000          Data  Gb  startup_stm32f411xe.o [1]
_call_main              0x08007285          Code  Gb  cmain.o [5]
_exit                   0x080072a1          Code  Gb  cexit.o [5]
_main                   0x08007293          Code  Gb  cmain.o [5]
a                       0x08006cf0    0x40  Data  Lc  iar_Atan64.o [4]
accX                    0x20000084     0x4  Data  Lc  main.o [1]
accXFiltered            0x20000090     0x4  Data  Lc  main.o [1]
accY                    0x20000088     0x4  Data  Lc  main.o [1]
accYFiltered            0x20000094     0x4  Data  Lc  main.o [1]
accZ                    0x2000008c     0x4  Data  Lc  main.o [1]
accZFiltered            0x20000098     0x4  Data  Lc  main.o [1]
acos                    0x08006705    0xc4  Code  Gb  acos64.o [4]
acosl                   0x08006705    0xc4  Code  Gb  acos64.o [4]
batteryVoltage1         0x2000005c     0x4  Data  Lc  main.o [1]
batteryVoltage2         0x20000060     0x4  Data  Lc  main.o [1]
calcBuf                 0x080052fb   0x184  Code  Gb  WS2812_Lib.o [1]
calculateLRSpeeds       0x08000e01    0xf8  Code  Gb  main.o [1]
commTaskHandle          0x200043d4     0x4  Data  Gb  main.o [1]
compassX                0x2000009c     0x4  Data  Lc  main.o [1]
compassY                0x200000a0     0x4  Data  Lc  main.o [1]
compassZ                0x200000a4     0x4  Data  Lc  main.o [1]
controlTaskHandle       0x200043d0     0x4  Data  Gb  main.o [1]
cosf                    0x08004f51     0x4  Code  Gb  cos_sin32.o [4]
defaultTaskHandle       0x200043c8     0x4  Data  Gb  main.o [1]
dma_ready               0x200001a4     0x1  Data  Gb  WS2812_Lib.o [1]
encoderSignalsPerRound  0x20000046     0x2  Data  Lc  main.o [1]
exit                    0x0800729b     0x4  Code  Gb  exit.o [3]
fCosPitch               0x20000080     0x4  Data  Lc  main.o [1]
fCosRoll                0x20000078     0x4  Data  Lc  main.o [1]
fNormAcc                0x20000070     0x4  Data  Lc  main.o [1]
fSinPitch               0x2000007c     0x4  Data  Lc  main.o [1]
fSinRoll                0x20000074     0x4  Data  Lc  main.o [1]
hadc1                   0x200047bc    0x48  Data  Gb  main.o [1]
hcrc                    0x200043c0     0x8  Data  Gb  main.o [1]
hdma_adc1               0x200046a8    0x60  Data  Gb  main.o [1]
hdma_tim4_ch2           0x20004708    0x60  Data  Gb  main.o [1]
hi2c1                   0x200041b0    0x54  Data  Gb  main.o [1]
hi2c3                   0x20004204    0x54  Data  Gb  main.o [1]
hpcd_USB_OTG_FS         0x20003dc0   0x3f0  Data  Gb  main.o [1]
htim1                   0x20004804    0x3c  Data  Gb  main.o [1]
htim10                  0x20004384    0x3c  Data  Gb  main.o [1]
htim11                  0x20004840    0x3c  Data  Gb  stm32f4xx_hal_timebase_TIM.o [1]
htim2                   0x20004258    0x3c  Data  Gb  main.o [1]
htim3                   0x20004294    0x3c  Data  Gb  main.o [1]
htim4                   0x200042d0    0x3c  Data  Gb  main.o [1]
htim5                   0x2000430c    0x3c  Data  Gb  main.o [1]
htim9                   0x20004348    0x3c  Data  Gb  main.o [1]
huart6                  0x2000476c    0x40  Data  Gb  main.o [1]
idleTaskHandle          0x200043d8     0x4  Data  Gb  main.o [1]
internalCounter         0x20000064     0x4  Data  Lc  main.o [1]
ledTaskHandle           0x200043dc     0x4  Data  Gb  main.o [1]
main                    0x080001c1   0x5c8  Code  Gb  main.o [1]
mot1Cntr                0x2000462c     0x2  Data  Lc  main.o [1]
mot1CntrPrev            0x20000032     0x2  Data  Lc  main.o [1]
mot1Dir                 0x2000002c     0x1  Data  Lc  main.o [1]
mot2Cntr                0x2000462e     0x2  Data  Lc  main.o [1]
mot2CntrPrev            0x20000034     0x2  Data  Lc  main.o [1]
mot2Dir                 0x2000002d     0x1  Data  Lc  main.o [1]
mot3Cntr                0x20004630     0x2  Data  Lc  main.o [1]
mot3CntrPrev            0x20000036     0x2  Data  Lc  main.o [1]
mot3Dir                 0x2000002e     0x1  Data  Lc  main.o [1]
mot4Cntr                0x20004632     0x2  Data  Lc  main.o [1]
mot4CntrPrev            0x20000038     0x2  Data  Lc  main.o [1]
mot4Dir                 0x2000002f     0x1  Data  Lc  main.o [1]
mot5Cntr                0x20004634     0x2  Data  Lc  main.o [1]
mot5CntrPrev            0x2000003a     0x2  Data  Lc  main.o [1]
mot5Dir                 0x20000030     0x1  Data  Lc  main.o [1]
mot6Cntr                0x20004636     0x2  Data  Lc  main.o [1]
mot6CntrPrev            0x2000003c     0x2  Data  Lc  main.o [1]
mot6Dir                 0x20000031     0x1  Data  Lc  main.o [1]
osDelay                 0x08003faf     0xe  Code  Gb  cmsis_os.o [1]
osKernelStart           0x08003f75     0xa  Code  Gb  cmsis_os.o [1]
osSystickHandler        0x08003fbd    0x14  Code  Gb  cmsis_os.o [1]
osThreadCreate          0x08003f7f    0x30  Code  Gb  cmsis_os.o [1]
pitch                   0x2000006c     0x4  Data  Lc  main.o [1]
prvAddCurrentTaskToDelayedList
                        0x080062a9    0x64  Code  Lc  tasks.o [1]
prvAddNewTaskToReadyList
                        0x08005e93    0xe4  Code  Lc  tasks.o [1]
prvIdleTask             0x080061f5    0x6c  Code  Lc  tasks.o [1]
prvInsertBlockIntoFreeList
                        0x0800696f    0x48  Code  Lc  heap_4.o [1]
prvResetNextTaskUnblockTime
                        0x08006261    0x1c  Code  Lc  tasks.o [1]
prvTaskExitError        0x08006345    0x28  Code  Lc  port.o [1]
pvPortMalloc            0x080067f9   0x11e  Code  Gb  heap_4.o [1]
pxCurrentTCB            0x20004528     0x4  Data  Gb  tasks.o [1]
pxDelayedTaskList       0x2000452c     0x4  Data  Lc  tasks.o [1]
pxEnd                   0x200001b0     0x4  Data  Lc  heap_4.o [1]
pxOverflowDelayedTaskList
                        0x20004530     0x4  Data  Lc  tasks.o [1]
pxPortInitialiseStack   0x0800631d    0x26  Code  Gb  port.o [1]
pxReadyTasksLists       0x200045a0    0x8c  Data  Lc  tasks.o [1]
receiveBuffer           0x20004768     0x4  Data  Lc  main.o [1]
referenceAngle          0x200047b8     0x4  Data  Lc  main.o [1]
referenceSpeed          0x200047b4     0x4  Data  Lc  main.o [1]
referenceSpeedLeft      0x2000487c     0x4  Data  Lc  main.o [1]
referenceSpeedRight     0x20004880     0x4  Data  Lc  main.o [1]
roll                    0x20000068     0x4  Data  Lc  main.o [1]
sen1AnalogValue         0x2000003e     0x2  Data  Lc  main.o [1]
sen1Cntr                0x20004668     0x4  Data  Lc  main.o [1]
sen1Distance            0x2000004c     0x4  Data  Lc  main.o [1]
sen1End                 0x20004670     0x4  Data  Lc  main.o [1]
sen1Length              0x20004674     0x4  Data  Lc  main.o [1]
sen1Start               0x2000466c     0x4  Data  Lc  main.o [1]
sen2AnalogValue         0x20000040     0x2  Data  Lc  main.o [1]
sen2Cntr                0x20004678     0x4  Data  Lc  main.o [1]
sen2Distance            0x20000050     0x4  Data  Lc  main.o [1]
sen2End                 0x20004680     0x4  Data  Lc  main.o [1]
sen2Length              0x20004684     0x4  Data  Lc  main.o [1]
sen2Start               0x2000467c     0x4  Data  Lc  main.o [1]
sen3AnalogValue         0x20000042     0x2  Data  Lc  main.o [1]
sen3Cntr                0x20004688     0x4  Data  Lc  main.o [1]
sen3Distance            0x20000054     0x4  Data  Lc  main.o [1]
sen3End                 0x20004690     0x4  Data  Lc  main.o [1]
sen3Length              0x20004694     0x4  Data  Lc  main.o [1]
sen3Start               0x2000468c     0x4  Data  Lc  main.o [1]
sen4AnalogValue         0x20000044     0x2  Data  Lc  main.o [1]
sen4Cntr                0x20004698     0x4  Data  Lc  main.o [1]
sen4Distance            0x20000058     0x4  Data  Lc  main.o [1]
sen4End                 0x200046a0     0x4  Data  Lc  main.o [1]
sen4Length              0x200046a4     0x4  Data  Lc  main.o [1]
sen4Start               0x2000469c     0x4  Data  Lc  main.o [1]
sensorTaskHandle        0x200043cc     0x4  Data  Gb  main.o [1]
speedSensingTaskCycle_ms
                        0x20000048     0x2  Data  Lc  main.o [1]
sqrt                    0x0800510d          Code  Gb  sqrt.o [4]
sqrtl                   0x0800510d          Code  Gb  sqrt.o [4]
timeOutGuard            0x200047b0     0x4  Data  Lc  main.o [1]
timeStamp               0x200047ac     0x4  Data  Lc  main.o [1]
ucHeap                  0x200001c0  0x3c00  Data  Lc  heap_4.o [1]
ucMaxSysCallPriority    0x20000124     0x1  Data  Lc  port.o [1]
ulMaxPRIGROUPValue      0x2000012c     0x4  Data  Lc  port.o [1]
uwTick                  0x2000018c     0x4  Data  Gb  stm32f4xx_hal.o [1]
uwTickFreq              0x20000188     0x1  Data  Gb  stm32f4xx_hal.o [1]
uwTickPrio              0x20000190     0x4  Data  Gb  stm32f4xx_hal.o [1]
uxCriticalNesting       0x20000128     0x4  Data  Lc  port.o [1]
uxCurrentNumberOfTasks  0x2000454c     0x4  Data  Lc  tasks.o [1]
uxDeletedTasksWaitingCleanUp
                        0x20004534     0x4  Data  Lc  tasks.o [1]
uxListRemove            0x08006a29    0x24  Code  Gb  list.o [1]
uxPendedTicks           0x2000455c     0x4  Data  Lc  tasks.o [1]
uxSchedulerSuspended    0x20004570     0x4  Data  Lc  tasks.o [1]
uxTaskNumber            0x20004568     0x4  Data  Lc  tasks.o [1]
uxTopReadyPriority      0x20004554     0x4  Data  Lc  tasks.o [1]
vListInitialise         0x080069bd    0x1a  Code  Gb  list.o [1]
vListInitialiseItem     0x080069d7     0x6  Code  Gb  list.o [1]
vListInsert             0x080069f5    0x34  Code  Gb  list.o [1]
vListInsertEnd          0x080069dd    0x18  Code  Gb  list.o [1]
vPortEnableVFP          0x08006ad9          Code  Gb  portasm.o [1]
vPortEnterCritical      0x08006411    0x32  Code  Gb  port.o [1]
vPortExitCritical       0x08006443    0x22  Code  Gb  port.o [1]
vPortFree               0x08006917    0x58  Code  Gb  heap_4.o [1]
vPortStartFirstTask     0x08006ac1          Code  Gb  portasm.o [1]
vTaskDelay              0x08005f77    0x42  Code  Gb  tasks.o [1]
vTaskStartScheduler     0x08005fb9    0x62  Code  Gb  tasks.o [1]
vTaskSuspendAll         0x0800601b     0xc  Code  Gb  tasks.o [1]
vTaskSwitchContext      0x08006199    0x5a  Code  Gb  tasks.o [1]
wheelL1Angle_deg        0x200000d8     0x4  Data  Lc  main.o [1]
wheelL1FiltVelocity_mps
                        0x200000f4     0x4  Data  Lc  main.o [1]
wheelL1Odometer_m       0x200000a8     0x4  Data  Lc  main.o [1]
wheelL1Odometer_m_prev  0x200000ac     0x4  Data  Lc  main.o [1]
wheelL1RawVelocity_mps  0x200000f0     0x4  Data  Lc  main.o [1]
wheelL2Angle_deg        0x200000dc     0x4  Data  Lc  main.o [1]
wheelL2FiltVelocity_mps
                        0x200000fc     0x4  Data  Lc  main.o [1]
wheelL2Odometer_m       0x200000b0     0x4  Data  Lc  main.o [1]
wheelL2Odometer_m_prev  0x200000b4     0x4  Data  Lc  main.o [1]
wheelL2RawVelocity_mps  0x200000f8     0x4  Data  Lc  main.o [1]
wheelL3Angle_deg        0x200000e0     0x4  Data  Lc  main.o [1]
wheelL3FiltVelocity_mps
                        0x20000104     0x4  Data  Lc  main.o [1]
wheelL3Odometer_m       0x200000b8     0x4  Data  Lc  main.o [1]
wheelL3Odometer_m_prev  0x200000bc     0x4  Data  Lc  main.o [1]
wheelL3RawVelocity_mps  0x20000100     0x4  Data  Lc  main.o [1]
wheelR1Angle_deg        0x200000e4     0x4  Data  Lc  main.o [1]
wheelR1FiltVelocity_mps
                        0x2000010c     0x4  Data  Lc  main.o [1]
wheelR1Odometer_m       0x200000c0     0x4  Data  Lc  main.o [1]
wheelR1Odometer_m_prev  0x200000c4     0x4  Data  Lc  main.o [1]
wheelR1RawVelocity_mps  0x20000108     0x4  Data  Lc  main.o [1]
wheelR2Angle_deg        0x200000e8     0x4  Data  Lc  main.o [1]
wheelR2FiltVelocity_mps
                        0x20000114     0x4  Data  Lc  main.o [1]
wheelR2Odometer_m       0x200000c8     0x4  Data  Lc  main.o [1]
wheelR2Odometer_m_prev  0x200000cc     0x4  Data  Lc  main.o [1]
wheelR2RawVelocity_mps  0x20000110     0x4  Data  Lc  main.o [1]
wheelR3Angle_deg        0x200000ec     0x4  Data  Lc  main.o [1]
wheelR3FiltVelocity_mps
                        0x2000011c     0x4  Data  Lc  main.o [1]
wheelR3Odometer_m       0x200000d0     0x4  Data  Lc  main.o [1]
wheelR3Odometer_m_prev  0x200000d4     0x4  Data  Lc  main.o [1]
wheelR3RawVelocity_mps  0x20000118     0x4  Data  Lc  main.o [1]
wheelSize_m             0x20000120     0x4  Data  Lc  main.o [1]
xBlockAllocatedBit      0x200001bc     0x4  Data  Lc  heap_4.o [1]
xDelayedTaskList1       0x20004574    0x14  Data  Lc  tasks.o [1]
xDelayedTaskList2       0x20004588    0x14  Data  Lc  tasks.o [1]
xFreeBytesRemaining     0x200001b4     0x4  Data  Lc  heap_4.o [1]
xIdleTaskHandle         0x2000459c     0x4  Data  Lc  tasks.o [1]
xMinimumEverFreeBytesRemaining
                        0x200001b8     0x4  Data  Lc  heap_4.o [1]
xNextTaskUnblockTime    0x2000456c     0x4  Data  Lc  tasks.o [1]
xNumOfOverflows         0x20004564     0x4  Data  Lc  tasks.o [1]
xPendingReadyList       0x20004500    0x14  Data  Lc  tasks.o [1]
xPortStartScheduler     0x0800636d    0xa4  Code  Gb  port.o [1]
xPortSysTickHandler     0x08006465    0x26  Code  Gb  port.o [1]
xSchedulerRunning       0x20004558     0x4  Data  Lc  tasks.o [1]
xStart                  0x200001a8     0x8  Data  Lc  heap_4.o [1]
xSuspendedTaskList      0x20004538    0x14  Data  Lc  tasks.o [1]
xTaskCreate             0x08005dd1    0xc2  Code  Gb  tasks.o [1]
xTaskGetSchedulerState  0x0800627d    0x18  Code  Gb  tasks.o [1]
xTaskIncrementTick      0x080060d3    0xc6  Code  Gb  tasks.o [1]
xTaskResumeAll          0x08006027    0xac  Code  Gb  tasks.o [1]
xTasksWaitingTermination
                        0x20004514    0x14  Data  Lc  tasks.o [1]
xTickCount              0x20004550     0x4  Data  Lc  tasks.o [1]
xYieldPending           0x20004560     0x4  Data  Lc  tasks.o [1]


[1] = C:\GIT\RevvyDemoKit\STM32F411\EWARM\RevvyDemo\Obj
[2] = command line
[3] = dl7M_tlf.a
[4] = m7M_tls.a
[5] = rt7M_tl.a
[6] = shb_l.a

  29 514 bytes of readonly  code memory
     181 bytes of readonly  data memory
  19 603 bytes of readwrite data memory

Errors: none
Warnings: none
