###############################################################################
#
# IAR ELF Linker V8.20.1.14183/W32 for ARM                06/Dec/2018  14:47:46
# Copyright 2007-2017 IAR Systems AB.
#
#    Output file  =  
#        C:\GIT\RevvyDemoKit\STM32F411\EWARM\RevvyDemo\Exe\RevvyDemo.out
#    Map file     =  
#        C:\GIT\RevvyDemoKit\STM32F411\EWARM\RevvyDemo\List\RevvyDemo.map
#    Command line =  
#        -f C:\Users\david\AppData\Local\Temp\EW2D50.tmp
#        (C:\GIT\RevvyDemoKit\STM32F411\EWARM\RevvyDemo\Obj\cmsis_os.o
#        C:\GIT\RevvyDemoKit\STM32F411\EWARM\RevvyDemo\Obj\croutine.o
#        C:\GIT\RevvyDemoKit\STM32F411\EWARM\RevvyDemo\Obj\event_groups.o
#        C:\GIT\RevvyDemoKit\STM32F411\EWARM\RevvyDemo\Obj\freertos.o
#        C:\GIT\RevvyDemoKit\STM32F411\EWARM\RevvyDemo\Obj\heap_4.o
#        C:\GIT\RevvyDemoKit\STM32F411\EWARM\RevvyDemo\Obj\list.o
#        C:\GIT\RevvyDemoKit\STM32F411\EWARM\RevvyDemo\Obj\lsm303dlhc.o
#        C:\GIT\RevvyDemoKit\STM32F411\EWARM\RevvyDemo\Obj\main.o
#        C:\GIT\RevvyDemoKit\STM32F411\EWARM\RevvyDemo\Obj\port.o
#        C:\GIT\RevvyDemoKit\STM32F411\EWARM\RevvyDemo\Obj\portasm.o
#        C:\GIT\RevvyDemoKit\STM32F411\EWARM\RevvyDemo\Obj\queue.o
#        C:\GIT\RevvyDemoKit\STM32F411\EWARM\RevvyDemo\Obj\startup_stm32f411xe.o
#        C:\GIT\RevvyDemoKit\STM32F411\EWARM\RevvyDemo\Obj\stm32f411e_discovery.o
#        C:\GIT\RevvyDemoKit\STM32F411\EWARM\RevvyDemo\Obj\stm32f411e_discovery_accelerometer.o
#        C:\GIT\RevvyDemoKit\STM32F411\EWARM\RevvyDemo\Obj\stm32f4xx_hal.o
#        C:\GIT\RevvyDemoKit\STM32F411\EWARM\RevvyDemo\Obj\stm32f4xx_hal_adc.o
#        C:\GIT\RevvyDemoKit\STM32F411\EWARM\RevvyDemo\Obj\stm32f4xx_hal_adc_ex.o
#        C:\GIT\RevvyDemoKit\STM32F411\EWARM\RevvyDemo\Obj\stm32f4xx_hal_cortex.o
#        C:\GIT\RevvyDemoKit\STM32F411\EWARM\RevvyDemo\Obj\stm32f4xx_hal_crc.o
#        C:\GIT\RevvyDemoKit\STM32F411\EWARM\RevvyDemo\Obj\stm32f4xx_hal_dma.o
#        C:\GIT\RevvyDemoKit\STM32F411\EWARM\RevvyDemo\Obj\stm32f4xx_hal_dma_ex.o
#        C:\GIT\RevvyDemoKit\STM32F411\EWARM\RevvyDemo\Obj\stm32f4xx_hal_flash.o
#        C:\GIT\RevvyDemoKit\STM32F411\EWARM\RevvyDemo\Obj\stm32f4xx_hal_flash_ex.o
#        C:\GIT\RevvyDemoKit\STM32F411\EWARM\RevvyDemo\Obj\stm32f4xx_hal_flash_ramfunc.o
#        C:\GIT\RevvyDemoKit\STM32F411\EWARM\RevvyDemo\Obj\stm32f4xx_hal_gpio.o
#        C:\GIT\RevvyDemoKit\STM32F411\EWARM\RevvyDemo\Obj\stm32f4xx_hal_i2c.o
#        C:\GIT\RevvyDemoKit\STM32F411\EWARM\RevvyDemo\Obj\stm32f4xx_hal_i2c_ex.o
#        C:\GIT\RevvyDemoKit\STM32F411\EWARM\RevvyDemo\Obj\stm32f4xx_hal_msp.o
#        C:\GIT\RevvyDemoKit\STM32F411\EWARM\RevvyDemo\Obj\stm32f4xx_hal_pwr.o
#        C:\GIT\RevvyDemoKit\STM32F411\EWARM\RevvyDemo\Obj\stm32f4xx_hal_pwr_ex.o
#        C:\GIT\RevvyDemoKit\STM32F411\EWARM\RevvyDemo\Obj\stm32f4xx_hal_rcc.o
#        C:\GIT\RevvyDemoKit\STM32F411\EWARM\RevvyDemo\Obj\stm32f4xx_hal_rcc_ex.o
#        C:\GIT\RevvyDemoKit\STM32F411\EWARM\RevvyDemo\Obj\stm32f4xx_hal_spi.o
#        C:\GIT\RevvyDemoKit\STM32F411\EWARM\RevvyDemo\Obj\stm32f4xx_hal_tim.o
#        C:\GIT\RevvyDemoKit\STM32F411\EWARM\RevvyDemo\Obj\stm32f4xx_hal_tim_ex.o
#        C:\GIT\RevvyDemoKit\STM32F411\EWARM\RevvyDemo\Obj\stm32f4xx_hal_timebase_tim.o
#        C:\GIT\RevvyDemoKit\STM32F411\EWARM\RevvyDemo\Obj\stm32f4xx_hal_uart.o
#        C:\GIT\RevvyDemoKit\STM32F411\EWARM\RevvyDemo\Obj\stm32f4xx_it.o
#        C:\GIT\RevvyDemoKit\STM32F411\EWARM\RevvyDemo\Obj\system_stm32f4xx.o
#        C:\GIT\RevvyDemoKit\STM32F411\EWARM\RevvyDemo\Obj\tasks.o
#        C:\GIT\RevvyDemoKit\STM32F411\EWARM\RevvyDemo\Obj\timers.o
#        C:\GIT\RevvyDemoKit\STM32F411\EWARM\RevvyDemo\Obj\WS2812_Lib.o
#        --redirect _Printf=_PrintfFull --redirect _Scanf=_ScanfFull -o
#        C:\GIT\RevvyDemoKit\STM32F411\EWARM\RevvyDemo\Exe\RevvyDemo.out --map
#        C:\GIT\RevvyDemoKit\STM32F411\EWARM\RevvyDemo\List\RevvyDemo.map
#        --config C:\GIT\RevvyDemoKit\STM32F411\EWARM/stm32f411xe_flash.icf
#        --semihosting --entry __iar_program_start --vfe --text_out locale)
#
###############################################################################

*******************************************************************************
*** RUNTIME MODEL ATTRIBUTES
***

CppFlavor       = *
__SystemLibrary = DLib
__dlib_version  = 6


*******************************************************************************
*** HEAP SELECTION
***

The basic heap was selected because no calls to memory allocation
functions were found in the application outside of system library
functions, and there are calls to deallocation functions in the
application.


*******************************************************************************
*** PLACEMENT SUMMARY
***

"A0":  place at 0x08000000 { ro section .intvec };
"P1":  place in [from 0x08000000 to 0x0807ffff] { ro };
define block CSTACK with size = 1K, alignment = 8 { };
define block HEAP with size = 512, alignment = 8 { };
"P2":  place in [from 0x20000000 to 0x2001ffff] {
          rw, block CSTACK, block HEAP };
initialize by copy { rw };

  Section            Kind        Address    Size  Object
  -------            ----        -------    ----  ------
"A0":                                      0x198
  .intvec            ro code  0x08000000   0x198  startup_stm32f411xe.o [1]
                            - 0x08000198   0x198

"P1":                                     0x7eb2
  .text              ro code  0x08000198  0x2a8c  main.o [1]
  .text              ro code  0x08002c24    0x34  stm32f4xx_hal.o [1]
  .text              ro code  0x08002c58    0x94  stm32f4xx_hal_cortex.o [1]
  .text              ro code  0x08002cec   0x4fc  stm32f4xx_hal_tim.o [1]
  .text              ro code  0x080031e8    0xd2  stm32f4xx_hal_tim_ex.o [1]
  .text              ro code  0x080032bc   0x714  stm32f4xx_hal_msp.o [1]
  .text              ro code  0x080039d0   0x95a  stm32f4xx_hal_i2c.o [1]
  .text              ro code  0x0800432a    0x24  stm32f4xx_hal_crc.o [1]
  .text              ro code  0x08004350   0x514  stm32f4xx_hal_uart.o [1]
  .text              ro code  0x08004864   0x226  stm32f4xx_hal_spi.o [1]
  .text              ro code  0x08004a8c   0x2e0  stm32f4xx_hal_gpio.o [1]
  .text              ro code  0x08004d6c   0x194  stm32f411e_discovery_accelerometer.o [1]
  .text              ro code  0x08004f00    0x48  cmsis_os.o [1]
  .text              ro code  0x08004f48     0x6  ABImemclr4.o [5]
  .text              ro code  0x08004f50   0x2fc  stm32f4xx_hal_rcc.o [1]
  .text              ro code  0x0800524c   0x1dc  stm32f4xx_hal_rcc.o [1]
  .text              ro code  0x08005428   0x42a  stm32f4xx_hal_adc.o [1]
  .text              ro code  0x08005854    0x48  FltToDbl.o [4]
  .text              ro code  0x0800589c   0x1a2  DblMul.o [4]
  .text              ro code  0x08005a40   0x246  DblDiv.o [4]
  .text              ro code  0x08005c88    0x68  DblToFlt.o [4]
  .text              ro code  0x08005cf0   0x1dc  cos_sin32.o [4]
  .text              ro code  0x08005ecc    0x12  math_wrappers64.o [4]
  .text              ro code  0x08005ee0   0x178  DblAdd.o [4]
  .text              ro code  0x08006058    0x1a  U32ToDbl.o [4]
  .text              ro code  0x08006074   0x102  sqrt.o [4]
  .text              ro code  0x08006178    0xe2  DblSub.o [4]
  .text              ro code  0x0800625c    0x2e  DblCmpLe.o [4]
  .text              ro code  0x0800628c     0xc  stm32f4xx_hal.o [1]
  .text              ro code  0x08006298   0x170  WS2812_Lib.o [1]
  .text              ro code  0x08006408    0x10  stm32f4xx_hal.o [1]
  .text              ro code  0x08006418    0x80  stm32f4xx_hal_timebase_tim.o [1]
  .text              ro code  0x08006498     0x2  stm32f4xx_hal_tim.o [1]
  .text              ro code  0x0800649a     0x2  stm32f4xx_hal_tim.o [1]
  .text              ro code  0x0800649c     0x2  stm32f4xx_hal_tim.o [1]
  .text              ro code  0x0800649e     0x2  stm32f4xx_hal_tim_ex.o [1]
  .text              ro code  0x080064a0     0x2  stm32f4xx_hal_tim.o [1]
  .text              ro code  0x080064a2     0x2  stm32f4xx_hal_tim_ex.o [1]
  .text              ro code  0x080064a4   0x390  stm32f4xx_hal_dma.o [1]
  .text              ro code  0x08006834     0x2  stm32f4xx_hal_uart.o [1]
  .text              ro code  0x08006836     0x2  stm32f4xx_hal_uart.o [1]
  .text              ro code  0x08006838     0x2  stm32f4xx_hal_uart.o [1]
  .text              ro code  0x0800683a     0x2  stm32f4xx_hal_spi.o [1]
  .text              ro code  0x0800683c     0x2  stm32f4xx_hal_spi.o [1]
  .text              ro code  0x08006840   0x1c0  stm32f411e_discovery.o [1]
  .text              ro code  0x08006a00   0x534  tasks.o [1]
  .text              ro code  0x08006f34    0x32  ABImemset48.o [5]
  .text              ro code  0x08006f68   0x22e  I64DivMod.o [5]
  .text              ro code  0x08007196     0x2  stm32f4xx_hal_adc.o [1]
  .text              ro code  0x08007198     0x2  stm32f4xx_hal_adc.o [1]
  .text              ro code  0x0800719c    0xc4  acos64.o [4]
  .text              ro code  0x08007260    0xa6  ABImemcpy.o [5]
  .text              ro code  0x08007308   0x1c4  heap_4.o [1]
  .text              ro code  0x080074cc    0x90  list.o [1]
  .text              ro code  0x0800755c   0x1b4  port.o [1]
  .text              ro code  0x08007710     0x2  I64DivZer.o [5]
  .rodata            const    0x08007714    0x44  main.o [1]
  .text              ro code  0x08007758   0x208  iar_Atan64.o [4]
  CODE               ro code  0x08007960    0xa8  portasm.o [1]
  .text              ro code  0x08007a08    0x20  DblCmpEq.o [4]
  .text              ro code  0x08007a28    0x2e  DblCmpGe.o [4]
  .text              ro code  0x08007a58   0x25e  lsm303dlhc.o [1]
  .text              ro code  0x08007cb8    0x22  S32ToDbl.o [4]
  .text              ro code  0x08007cdc    0x88  stm32f4xx_it.o [1]
  .text              ro code  0x08007d64    0x60  system_stm32f4xx.o [1]
  .text              ro code  0x08007dc4    0x40  zero_init3.o [5]
  .text              ro code  0x08007e04    0x38  packbits_init_single.o [5]
  .text              ro code  0x08007e3c    0x28  data_init.o [5]
  .text              ro code  0x08007e64    0x22  fpinit_M.o [4]
  .iar.init_table    const    0x08007e88    0x20  - Linker created -
  .text              ro code  0x08007ea8    0x1e  cmain.o [5]
  .text              ro code  0x08007ec6     0x4  low_level_init.o [3]
  .text              ro code  0x08007eca     0x4  exit.o [3]
  .text              ro code  0x08007ed0     0xa  cexit.o [5]
  .text              ro code  0x08007edc    0x14  exit.o [6]
  .text              ro code  0x08007ef0    0x10  startup_stm32f411xe.o [1]
  .text              ro code  0x08007f00     0xc  cstartup_M.o [5]
  .rodata            const    0x08007f0c     0x8  system_stm32f4xx.o [1]
  .text              ro code  0x08007f14     0x4  startup_stm32f411xe.o [1]
  .text              ro code  0x08007f18     0x4  startup_stm32f411xe.o [1]
  .text              ro code  0x08007f1c     0x4  startup_stm32f411xe.o [1]
  .text              ro code  0x08007f20     0x4  startup_stm32f411xe.o [1]
  .text              ro code  0x08007f24     0x4  startup_stm32f411xe.o [1]
  .text              ro code  0x08007f28     0x4  startup_stm32f411xe.o [1]
  .text              ro code  0x08007f2c     0x4  startup_stm32f411xe.o [1]
  .text              ro code  0x08007f30     0x4  startup_stm32f411xe.o [1]
  .text              ro code  0x08007f34     0x4  startup_stm32f411xe.o [1]
  .text              ro code  0x08007f38     0x4  startup_stm32f411xe.o [1]
  .text              ro code  0x08007f3c     0x4  startup_stm32f411xe.o [1]
  .text              ro code  0x08007f40     0x4  startup_stm32f411xe.o [1]
  .text              ro code  0x08007f44     0x4  startup_stm32f411xe.o [1]
  .text              ro code  0x08007f48     0x4  startup_stm32f411xe.o [1]
  .text              ro code  0x08007f4c     0x4  startup_stm32f411xe.o [1]
  .text              ro code  0x08007f50     0x4  startup_stm32f411xe.o [1]
  .text              ro code  0x08007f54     0x4  startup_stm32f411xe.o [1]
  .text              ro code  0x08007f58     0x4  startup_stm32f411xe.o [1]
  .text              ro code  0x08007f5c     0x4  startup_stm32f411xe.o [1]
  .text              ro code  0x08007f60     0x4  startup_stm32f411xe.o [1]
  .text              ro code  0x08007f64     0x4  startup_stm32f411xe.o [1]
  .text              ro code  0x08007f68     0x4  startup_stm32f411xe.o [1]
  .text              ro code  0x08007f6c     0x4  startup_stm32f411xe.o [1]
  .text              ro code  0x08007f70     0x4  startup_stm32f411xe.o [1]
  .text              ro code  0x08007f74     0x4  startup_stm32f411xe.o [1]
  .text              ro code  0x08007f78     0x4  startup_stm32f411xe.o [1]
  .text              ro code  0x08007f7c     0x4  startup_stm32f411xe.o [1]
  .text              ro code  0x08007f80     0x4  startup_stm32f411xe.o [1]
  .text              ro code  0x08007f84     0x4  startup_stm32f411xe.o [1]
  .text              ro code  0x08007f88     0x4  startup_stm32f411xe.o [1]
  .text              ro code  0x08007f8c     0x4  startup_stm32f411xe.o [1]
  .text              ro code  0x08007f90     0x4  startup_stm32f411xe.o [1]
  .text              ro code  0x08007f94     0x4  startup_stm32f411xe.o [1]
  .text              ro code  0x08007f98     0x4  startup_stm32f411xe.o [1]
  .text              ro code  0x08007f9c     0x4  startup_stm32f411xe.o [1]
  .text              ro code  0x08007fa0     0x4  startup_stm32f411xe.o [1]
  .text              ro code  0x08007fa4     0x4  startup_stm32f411xe.o [1]
  .text              ro code  0x08007fa8     0x4  startup_stm32f411xe.o [1]
  .text              ro code  0x08007fac     0x4  startup_stm32f411xe.o [1]
  .text              ro code  0x08007fb0     0x4  startup_stm32f411xe.o [1]
  .text              ro code  0x08007fb4     0x4  startup_stm32f411xe.o [1]
  .text              ro code  0x08007fb8     0x4  startup_stm32f411xe.o [1]
  .text              ro code  0x08007fbc     0x4  startup_stm32f411xe.o [1]
  .text              ro code  0x08007fc0     0x4  startup_stm32f411xe.o [1]
  .text              ro code  0x08007fc4     0x4  startup_stm32f411xe.o [1]
  .text              ro code  0x08007fc8     0x4  startup_stm32f411xe.o [1]
  .text              ro code  0x08007fcc     0x4  startup_stm32f411xe.o [1]
  .text              ro code  0x08007fd0     0x4  startup_stm32f411xe.o [1]
  .text              ro code  0x08007fd4     0x4  startup_stm32f411xe.o [1]
  .text              ro code  0x08007fd8     0x4  startup_stm32f411xe.o [1]
  .text              ro code  0x08007fdc     0x4  startup_stm32f411xe.o [1]
  .text              ro code  0x08007fe0     0x4  startup_stm32f411xe.o [1]
  .rodata            const    0x08007fe4     0x0  zero_init3.o [5]
  .rodata            const    0x08007fe4     0x0  packbits_init_single.o [5]
  Initializer bytes  const    0x08007fe4    0x66  <for P2-1>
                            - 0x0800804a  0x7eb2

"P2", part 1 of 3:                         0x265
  P2-1                        0x20000000   0x265  <Init block>
    .data            inited   0x20000000    0x2c  lsm303dlhc.o [1]
    .data            inited   0x2000002c    0xfc  main.o [1]
    .data            inited   0x20000128    0xc8  main.o [1]
    .data            inited   0x200001f0     0xc  port.o [1]
    .data            inited   0x200001fc    0x58  stm32f411e_discovery.o [1]
    .data            inited   0x20000254     0xc  stm32f4xx_hal.o [1]
    .data            inited   0x20000260     0x4  system_stm32f4xx.o [1]
    .data            inited   0x20000264     0x1  WS2812_Lib.o [1]
                            - 0x20000265   0x265

"P2", part 2 of 3:                        0x43a4
  .bss               zero     0x20000268  0x3c18  heap_4.o [1]
  .bss               zero     0x20003e80   0x288  main.o [1]
  .bss               zero     0x20004108    0xa4  WS2812_Lib.o [1]
  .bss               zero     0x200041ac    0xa0  tasks.o [1]
  .bss               zero     0x2000424c    0x8c  tasks.o [1]
  .bss               zero     0x200042d8    0x80  main.o [1]
  .bss               zero     0x20004358    0x60  main.o [1]
  .bss               zero     0x200043b8    0x60  main.o [1]
  .bss               zero     0x20004418    0x60  main.o [1]
  .bss               zero     0x20004478    0x60  main.o [1]
  .bss               zero     0x200044d8    0x48  main.o [1]
  .bss               zero     0x20004520    0x3c  main.o [1]
  .bss               zero     0x2000455c    0x3c  stm32f4xx_hal_timebase_tim.o [1]
  .bss               zero     0x20004598    0x30  main.o [1]
  .bss               zero     0x200045c8    0x30  WS2812_Lib.o [1]
  .bss               zero     0x200045f8     0x8  stm32f411e_discovery_accelerometer.o [1]
  .bss               zero     0x20004600     0x4  stm32f411e_discovery_accelerometer.o [1]
  .bss               zero     0x20004604     0x3  lsm303dlhc.o [1]
  .bss               zero     0x20004607     0x2  lsm303dlhc.o [1]
  .bss               zero     0x20004609     0x1  lsm303dlhc.o [1]
                            - 0x2000460a  0x43a2

"P2", part 3 of 3:                         0x400
  CSTACK                      0x20004610   0x400  <Block>
    CSTACK           uninit   0x20004610   0x400  <Block tail>
                            - 0x20004a10   0x400


*******************************************************************************
*** INIT TABLE
***

          Address     Size
          -------     ----
Zero (__iar_zero_init3)
    1 destination range, total size 0x43a2:
          0x20000268  0x43a2

Copy/packbits (__iar_packbits_init_single3)
    1 source range, total size 0x66 (16% of destination):
          0x08007fe4    0x66
    1 destination range, total size 0x265:
          0x20000000   0x265



*******************************************************************************
*** MODULE SUMMARY
***

    Module                                ro code  ro data  rw data
    ------                                -------  -------  -------
C:\GIT\RevvyDemoKit\STM32F411\EWARM\RevvyDemo\Obj: [1]
    WS2812_Lib.o                              368        1      213
    cmsis_os.o                                 72
    heap_4.o                                  452            15 384
    list.o                                    144
    lsm303dlhc.o                              606        7       50
    main.o                                 10 892      143    1 792
    port.o                                    436        2       12
    portasm.o                                 168
    startup_stm32f411xe.o                     632
    stm32f411e_discovery.o                    448       15       88
    stm32f411e_discovery_accelerometer.o      404                12
    stm32f4xx_hal.o                            80        2       12
    stm32f4xx_hal_adc.o                     1 070
    stm32f4xx_hal_cortex.o                    148
    stm32f4xx_hal_crc.o                        36
    stm32f4xx_hal_dma.o                       912
    stm32f4xx_hal_gpio.o                      736
    stm32f4xx_hal_i2c.o                     2 394
    stm32f4xx_hal_msp.o                     1 812
    stm32f4xx_hal_rcc.o                     1 240
    stm32f4xx_hal_spi.o                       554
    stm32f4xx_hal_tim.o                     1 284
    stm32f4xx_hal_tim_ex.o                    214
    stm32f4xx_hal_timebase_tim.o              128                60
    stm32f4xx_hal_uart.o                    1 306
    stm32f4xx_it.o                            136
    system_stm32f4xx.o                         96        8        4
    tasks.o                                 1 332               300
    ---------------------------------------------------------------
    Total:                                 28 100      178   17 927

command line: [2]
    ---------------------------------------------------------------
    Total:

dl7M_tlf.a: [3]
    exit.o                                      4
    low_level_init.o                            4
    ---------------------------------------------------------------
    Total:                                      8

m7M_tls.a: [4]
    DblAdd.o                                  376
    DblCmpEq.o                                 32
    DblCmpGe.o                                 46
    DblCmpLe.o                                 46
    DblDiv.o                                  582
    DblMul.o                                  418
    DblSub.o                                  226
    DblToFlt.o                                104
    FltToDbl.o                                 72
    S32ToDbl.o                                 34
    U32ToDbl.o                                 26
    acos64.o                                  196
    cos_sin32.o                               476
    fpinit_M.o                                 34
    iar_Atan64.o                              520
    math_wrappers64.o                          18
    sqrt.o                                    258
    ---------------------------------------------------------------
    Total:                                  3 464

rt7M_tl.a: [5]
    ABImemclr4.o                                6
    ABImemcpy.o                               166
    ABImemset48.o                              50
    I64DivMod.o                               558
    I64DivZer.o                                 2
    cexit.o                                    10
    cmain.o                                    30
    cstartup_M.o                               12
    data_init.o                                40
    packbits_init_single.o                     56
    zero_init3.o                               64
    ---------------------------------------------------------------
    Total:                                    994

shb_l.a: [6]
    exit.o                                     20
    ---------------------------------------------------------------
    Total:                                     20

    Gaps                                       42        4
    Linker created                                      32    1 024
-------------------------------------------------------------------
    Grand Total:                           32 628      214   18 951


*******************************************************************************
*** ENTRY LIST
***

Entry                      Address    Size  Type      Object
-----                      -------    ----  ----      ------
.iar.init_table$$Base   0x08007e88           --   Gb  - Linker created -
.iar.init_table$$Limit  0x08007ea8           --   Gb  - Linker created -
?main                   0x08007ea9          Code  Gb  cmain.o [5]
ADC_Buf                 0x20004598    0x18  Data  Lc  main.o [1]
ADC_DMAConvCplt         0x080057dd    0x5a  Code  Lc  stm32f4xx_hal_adc.o [1]
ADC_DMAError            0x08005841    0x12  Code  Lc  stm32f4xx_hal_adc.o [1]
ADC_DMAHalfConvCplt     0x08005839     0x6  Code  Lc  stm32f4xx_hal_adc.o [1]
ADC_Init                0x080056c9    0xf4  Code  Lc  stm32f4xx_hal_adc.o [1]
ADC_Values              0x200045b0    0x18  Data  Lc  main.o [1]
AHBPrescTable           0x08007db4    0x10  Data  Gb  system_stm32f4xx.o [1]
APBPrescTable           0x08007f0c     0x8  Data  Gb  system_stm32f4xx.o [1]
AccelerometerDrv        0x20004600     0x4  Data  Lc  stm32f411e_discovery_accelerometer.o [1]
BSP_ACCELERO_GetXYZ     0x08004d95    0x12  Code  Gb  stm32f411e_discovery_accelerometer.o [1]
BSP_ACCELERO_Init       0x08004d6d    0x28  Code  Gb  stm32f411e_discovery_accelerometer.o [1]
COMPASSACCELERO_IO_ITConfig
                        0x08006995    0x48  Code  Gb  stm32f411e_discovery.o [1]
COMPASSACCELERO_IO_Init
                        0x0800695b    0x3a  Code  Gb  stm32f411e_discovery.o [1]
COMPASSACCELERO_IO_Read
                        0x080069ff     0x2  Code  Gb  stm32f411e_discovery.o [1]
COMPASSACCELERO_IO_Write
                        0x080069fd     0x2  Code  Gb  stm32f411e_discovery.o [1]
CSTACK$$Base            0x20004610           --   Gb  - Linker created -
CSTACK$$Limit           0x20004a10           --   Gb  - Linker created -
DMA1_Stream3_IRQHandler
                        0x08007cfb     0x6  Code  Gb  stm32f4xx_it.o [1]
DMA2_Stream4_IRQHandler
                        0x08007d3b     0x6  Code  Gb  stm32f4xx_it.o [1]
DMA2_Stream5_IRQHandler
                        0x08007d41     0x6  Code  Gb  stm32f4xx_it.o [1]
DMA_CalcBaseAndBitshift
                        0x080067ed    0x2e  Code  Lc  stm32f4xx_hal_dma.o [1]
DMA_CalcBaseAndBitshift::flagBitshiftOffset
                        0x0800682c     0x8  Data  Lc  stm32f4xx_hal_dma.o [1]
EXTI0_IRQHandler        0x08007cdd     0x6  Code  Gb  stm32f4xx_it.o [1]
EXTI1_IRQHandler        0x08007ce3     0x6  Code  Gb  stm32f4xx_it.o [1]
EXTI2_IRQHandler        0x08007ce9     0x6  Code  Gb  stm32f4xx_it.o [1]
EXTI3_IRQHandler        0x08007cef     0x6  Code  Gb  stm32f4xx_it.o [1]
EXTI4_IRQHandler        0x08007cf5     0x6  Code  Gb  stm32f4xx_it.o [1]
EXTI9_5_IRQHandler      0x08007d01    0x28  Code  Gb  stm32f4xx_it.o [1]
Error_Handler           0x08002bdd     0x2  Code  Gb  main.o [1]
HAL_ADC_ConfigChannel   0x08005585   0x144  Code  Gb  stm32f4xx_hal_adc.o [1]
HAL_ADC_ConvCpltCallback
                        0x08000199    0x28  Code  Gb  main.o [1]
HAL_ADC_Init            0x08005429    0x50  Code  Gb  stm32f4xx_hal_adc.o [1]
HAL_ADC_MspInit         0x080032fb    0xce  Code  Gb  stm32f4xx_hal_msp.o [1]
HAL_ADC_Start_DMA       0x08005479   0x10c  Code  Gb  stm32f4xx_hal_adc.o [1]
HAL_CRC_Init            0x0800432b    0x24  Code  Gb  stm32f4xx_hal_crc.o [1]
HAL_CRC_MspInit         0x080033c9    0x2a  Code  Gb  stm32f4xx_hal_msp.o [1]
HAL_DMA_Abort_IT        0x0800661f    0x24  Code  Gb  stm32f4xx_hal_dma.o [1]
HAL_DMA_IRQHandler      0x08006643   0x1a8  Code  Gb  stm32f4xx_hal_dma.o [1]
HAL_DMA_Init            0x080064a5    0xec  Code  Gb  stm32f4xx_hal_dma.o [1]
HAL_DMA_Start_IT        0x08006591    0x8e  Code  Gb  stm32f4xx_hal_dma.o [1]
HAL_GPIO_DeInit         0x08004c25    0xf0  Code  Gb  stm32f4xx_hal_gpio.o [1]
HAL_GPIO_EXTI_Callback  0x08000ce1   0x1d4  Code  Gb  main.o [1]
HAL_GPIO_EXTI_IRQHandler
                        0x08004d37    0x10  Code  Gb  stm32f4xx_hal_gpio.o [1]
HAL_GPIO_Init           0x08004a8d   0x198  Code  Gb  stm32f4xx_hal_gpio.o [1]
HAL_GPIO_ReadPin        0x08004d15     0xe  Code  Gb  stm32f4xx_hal_gpio.o [1]
HAL_GPIO_TogglePin      0x08004d2f     0x8  Code  Gb  stm32f4xx_hal_gpio.o [1]
HAL_GPIO_WritePin       0x08004d23     0xc  Code  Gb  stm32f4xx_hal_gpio.o [1]
HAL_GetTick             0x0800628d     0xc  Code  Wk  stm32f4xx_hal.o [1]
HAL_I2C_DeInit          0x08003aa9    0x30  Code  Gb  stm32f4xx_hal_i2c.o [1]
HAL_I2C_GetState        0x08003f33     0x6  Code  Gb  stm32f4xx_hal_i2c.o [1]
HAL_I2C_Init            0x080039d1    0xd8  Code  Gb  stm32f4xx_hal_i2c.o [1]
HAL_I2C_Mem_Read        0x08003c9d   0x290  Code  Gb  stm32f4xx_hal_i2c.o [1]
HAL_I2C_Mem_Write       0x08003afd   0x182  Code  Gb  stm32f4xx_hal_i2c.o [1]
HAL_I2C_MspDeInit       0x08003503    0x54  Code  Gb  stm32f4xx_hal_msp.o [1]
HAL_I2C_MspInit         0x080033f3   0x110  Code  Gb  stm32f4xx_hal_msp.o [1]
HAL_IncTick             0x08006409    0x10  Code  Wk  stm32f4xx_hal.o [1]
HAL_Init                0x08002c25    0x30  Code  Gb  stm32f4xx_hal.o [1]
HAL_InitTick            0x08006419    0x6e  Code  Gb  stm32f4xx_hal_timebase_tim.o [1]
HAL_MspInit             0x080032bd    0x3e  Code  Gb  stm32f4xx_hal_msp.o [1]
HAL_NVIC_EnableIRQ      0x08002cc5     0xa  Code  Gb  stm32f4xx_hal_cortex.o [1]
HAL_NVIC_SetPriority    0x08002c73    0x52  Code  Gb  stm32f4xx_hal_cortex.o [1]
HAL_NVIC_SetPriorityGrouping
                        0x08002c59    0x1a  Code  Gb  stm32f4xx_hal_cortex.o [1]
HAL_RCC_ClockConfig     0x0800524d   0x110  Code  Gb  stm32f4xx_hal_rcc.o [1]
HAL_RCC_GetClockConfig  0x08005381    0x38  Code  Gb  stm32f4xx_hal_rcc.o [1]
HAL_RCC_GetPCLK1Freq    0x0800535d    0x10  Code  Gb  stm32f4xx_hal_rcc.o [1]
HAL_RCC_GetPCLK2Freq    0x0800536d     0xe  Code  Gb  stm32f4xx_hal_rcc.o [1]
HAL_RCC_OscConfig       0x08004f51   0x2fc  Code  Wk  stm32f4xx_hal_rcc.o [1]
HAL_SPI_Init            0x08004865    0x7e  Code  Gb  stm32f4xx_hal_spi.o [1]
HAL_SPI_MspInit         0x08003557    0xe0  Code  Gb  stm32f4xx_hal_msp.o [1]
HAL_SPI_Transmit_DMA    0x080048e3    0xac  Code  Gb  stm32f4xx_hal_spi.o [1]
HAL_SPI_TxCpltCallback  0x08006299     0xa  Code  Gb  WS2812_Lib.o [1]
HAL_TIMEx_BreakCallback
                        0x0800649f     0x2  Code  Wk  stm32f4xx_hal_tim_ex.o [1]
HAL_TIMEx_CommutationCallback
                        0x080064a3     0x2  Code  Wk  stm32f4xx_hal_tim_ex.o [1]
HAL_TIMEx_ConfigBreakDeadTime
                        0x0800325f    0x5c  Code  Gb  stm32f4xx_hal_tim_ex.o [1]
HAL_TIMEx_MasterConfigSynchronization
                        0x08003213    0x4c  Code  Gb  stm32f4xx_hal_tim_ex.o [1]
HAL_TIMEx_PWMN_Start    0x080031e9     0xc  Code  Gb  stm32f4xx_hal_tim_ex.o [1]
HAL_TIM_Base_Init       0x08002ced    0x1e  Code  Gb  stm32f4xx_hal_tim.o [1]
HAL_TIM_Base_MspInit    0x08003769    0x26  Code  Gb  stm32f4xx_hal_msp.o [1]
HAL_TIM_Base_Start      0x08002d0b    0x12  Code  Gb  stm32f4xx_hal_tim.o [1]
HAL_TIM_Base_Start_IT   0x08002d1d    0x16  Code  Gb  stm32f4xx_hal_tim.o [1]
HAL_TIM_IRQHandler      0x08002df9   0x14a  Code  Gb  stm32f4xx_hal_tim.o [1]
HAL_TIM_MspPostInit     0x0800378f   0x16a  Code  Gb  stm32f4xx_hal_msp.o [1]
HAL_TIM_PWM_ConfigChannel
                        0x08002f43    0xd0  Code  Gb  stm32f4xx_hal_tim.o [1]
HAL_TIM_PWM_Init        0x08002d63    0x1e  Code  Gb  stm32f4xx_hal_tim.o [1]
HAL_TIM_PWM_MspInit     0x08003637   0x132  Code  Gb  stm32f4xx_hal_msp.o [1]
HAL_TIM_PWM_Start       0x08002d81     0x2  Code  Gb  stm32f4xx_hal_tim.o [1]
HAL_TIM_PeriodElapsedCallback
                        0x08002b79     0xe  Code  Gb  main.o [1]
HAL_UART_IRQHandler     0x08004409   0x158  Code  Gb  stm32f4xx_hal_uart.o [1]
HAL_UART_Init           0x08004351    0x44  Code  Gb  stm32f4xx_hal_uart.o [1]
HAL_UART_MspInit        0x080038f9    0x72  Code  Gb  stm32f4xx_hal_msp.o [1]
HAL_UART_Receive_IT     0x080043af    0x46  Code  Gb  stm32f4xx_hal_uart.o [1]
I2C_RequestMemoryRead   0x08004053   0x1e0  Code  Lc  stm32f4xx_hal_i2c.o [1]
I2C_RequestMemoryWrite  0x08003f45   0x10e  Code  Lc  stm32f4xx_hal_i2c.o [1]
I2C_WaitOnBTFFlagUntilTimeout
                        0x0800426d    0x34  Code  Lc  stm32f4xx_hal_i2c.o [1]
I2C_WaitOnRXNEFlagUntilTimeout
                        0x080042d1    0x5a  Code  Lc  stm32f4xx_hal_i2c.o [1]
I2C_WaitOnTXEFlagUntilTimeout
                        0x08004239    0x34  Code  Lc  stm32f4xx_hal_i2c.o [1]
I2Cx_Init               0x08006841    0xb4  Code  Lc  stm32f411e_discovery.o [1]
I2Cx_ReadData           0x08006923    0x38  Code  Lc  stm32f411e_discovery.o [1]
I2Cx_WriteData          0x080068f5    0x2e  Code  Lc  stm32f411e_discovery.o [1]
I2cHandle               0x200001fc    0x54  Data  Lc  stm32f411e_discovery.o [1]
I2cxTimeout             0x20000250     0x4  Data  Gb  stm32f411e_discovery.o [1]
LSM303DLHC_AccClickITEnable
                        0x08007c5d    0x40  Code  Gb  lsm303dlhc.o [1]
LSM303DLHC_AccFilterClickCmd
                        0x08007c25    0x10  Code  Gb  lsm303dlhc.o [1]
LSM303DLHC_AccFilterCmd
                        0x08007ad1    0x12  Code  Gb  lsm303dlhc.o [1]
LSM303DLHC_AccFilterConfig
                        0x08007aa5    0x2c  Code  Gb  lsm303dlhc.o [1]
LSM303DLHC_AccFilterConfig::tmpreg
                        0x20004609     0x1  Data  Lc  lsm303dlhc.o [1]
LSM303DLHC_AccIT1Enable
                        0x08007c45    0x18  Code  Gb  lsm303dlhc.o [1]
LSM303DLHC_AccInit      0x08007a59    0x24  Code  Gb  lsm303dlhc.o [1]
LSM303DLHC_AccInit::ctrl1
                        0x20004607     0x1  Data  Lc  lsm303dlhc.o [1]
LSM303DLHC_AccInit::ctrl4
                        0x20004608     0x1  Data  Lc  lsm303dlhc.o [1]
LSM303DLHC_AccReadID    0x08007a7d    0x12  Code  Gb  lsm303dlhc.o [1]
LSM303DLHC_AccReadXYZ   0x08007ae5   0x12c  Code  Gb  lsm303dlhc.o [1]
LSM303DLHC_AccReadXYZ::ctrlx
                        0x20004604     0x2  Data  Lc  lsm303dlhc.o [1]
LSM303DLHC_AccReadXYZ::sensitivity
                        0x20004606     0x1  Data  Lc  lsm303dlhc.o [1]
LSM303DLHC_AccRebootCmd
                        0x08007a8f    0x16  Code  Gb  lsm303dlhc.o [1]
LSM303DLHC_AccZClickITConfig
                        0x08007c9d    0x1a  Code  Gb  lsm303dlhc.o [1]
LSM303DLHC_MagReadXYZ   0x08004dcd   0x122  Code  Gb  stm32f411e_discovery_accelerometer.o [1]
LSM303DLHC_MagReadXYZ::buffer
                        0x200045f8     0x8  Data  Lc  stm32f411e_discovery_accelerometer.o [1]
Lsm303dlhcDrv           0x20000000    0x2c  Data  Gb  lsm303dlhc.o [1]
MAGNET_Init             0x08004da7    0x1e  Code  Gb  stm32f411e_discovery_accelerometer.o [1]
MX_ADC1_Init            0x08000937    0xc8  Code  Lc  main.o [1]
MX_GPIO_Init            0x08000ad9   0x204  Code  Lc  main.o [1]
MX_TIM1_Init            0x080009ff    0xd2  Code  Lc  main.o [1]
PendSV_Handler          0x08007961          Code  Gb  portasm.o [1]
Region$$Table$$Base     0x08007e88           --   Gb  - Linker created -
Region$$Table$$Limit    0x08007ea8           --   Gb  - Linker created -
SPI_DMAError            0x08004a59    0x1e  Code  Lc  stm32f4xx_hal_spi.o [1]
SPI_DMAHalfTransmitCplt
                        0x08004a51     0x6  Code  Lc  stm32f4xx_hal_spi.o [1]
SPI_DMATransmitCplt     0x08004991    0xbe  Code  Lc  stm32f4xx_hal_spi.o [1]
SVC_Handler             0x080079b9          Code  Gb  portasm.o [1]
StartCommTask           0x08002809   0x106  Code  Gb  main.o [1]
StartControlTask        0x08001f09   0x8fa  Code  Gb  main.o [1]
StartDefaultTask        0x0800104d     0xa  Code  Gb  main.o [1]
StartIdleTask           0x0800290f    0x18  Code  Gb  main.o [1]
StartLedTask            0x08002931   0x242  Code  Gb  main.o [1]
StartSensorTask         0x08001059   0xe6c  Code  Gb  main.o [1]
SysTick_Handler         0x080076a5    0x26  Code  Gb  port.o [1]
SystemClock_Config      0x080008a1    0x96  Code  Gb  main.o [1]
SystemCoreClock         0x20000260     0x4  Data  Gb  system_stm32f4xx.o [1]
SystemInit              0x08007d65    0x3a  Code  Gb  system_stm32f4xx.o [1]
TIM1_TRG_COM_TIM11_IRQHandler
                        0x08007d29    0x12  Code  Gb  stm32f4xx_it.o [1]
TIM_Base_SetConfig      0x0800301d    0x7a  Code  Gb  stm32f4xx_hal_tim.o [1]
TIM_OC1_SetConfig       0x080030e7    0x4c  Code  Lc  stm32f4xx_hal_tim.o [1]
TIM_OC2_SetConfig       0x08003097    0x50  Code  Gb  stm32f4xx_hal_tim.o [1]
TIM_OC3_SetConfig       0x08003133    0x4c  Code  Lc  stm32f4xx_hal_tim.o [1]
TIM_OC4_SetConfig       0x08003185    0x42  Code  Lc  stm32f4xx_hal_tim.o [1]
UART_DMAAbortOnError    0x0800457d     0xc  Code  Lc  stm32f4xx_hal_uart.o [1]
UART_EndRxTransfer      0x08004561    0x1c  Code  Lc  stm32f4xx_hal_uart.o [1]
UART_Receive_IT         0x08004589    0x8c  Code  Lc  stm32f4xx_hal_uart.o [1]
UART_SetConfig          0x08004615   0x23e  Code  Lc  stm32f4xx_hal_uart.o [1]
USART6_IRQHandler       0x08007d47     0x6  Code  Gb  stm32f4xx_it.o [1]
WS2812_LED_BUF_CH1      0x200045c8    0x30  Data  Lc  WS2812_Lib.o [1]
WS2812_One_RGB          0x08006363    0x28  Code  Gb  WS2812_Lib.o [1]
WS2812_Refresh          0x0800630d    0x56  Code  Gb  WS2812_Lib.o [1]
WS2812_Revvy_Shift_Right
                        0x0800638b    0x54  Code  Gb  WS2812_Lib.o [1]
WS2812_SPI_BUF          0x20004108    0xa4  Data  Lc  WS2812_Lib.o [1]
__aeabi_cdcmpeq         0x08007a09          Code  Gb  DblCmpEq.o [4]
__aeabi_cdcmple         0x0800625d          Code  Gb  DblCmpLe.o [4]
__aeabi_cdrcmple        0x08007a29          Code  Gb  DblCmpGe.o [4]
__aeabi_d2f             0x08005c89          Code  Gb  DblToFlt.o [4]
__aeabi_dadd            0x08005ee1          Code  Gb  DblAdd.o [4]
__aeabi_ddiv            0x08005a41          Code  Gb  DblDiv.o [4]
__aeabi_dmul            0x0800589d          Code  Gb  DblMul.o [4]
__aeabi_dsub            0x08006179          Code  Gb  DblSub.o [4]
__aeabi_f2d             0x08005855          Code  Gb  FltToDbl.o [4]
__aeabi_i2d             0x08007cb9          Code  Gb  S32ToDbl.o [4]
__aeabi_ldiv0           0x08007711          Code  Gb  I64DivZer.o [5]
__aeabi_memclr4         0x08004f49          Code  Gb  ABImemclr4.o [5]
__aeabi_memcpy          0x08007261          Code  Gb  ABImemcpy.o [5]
__aeabi_memcpy4         0x08007281          Code  Gb  ABImemcpy.o [5]
__aeabi_memcpy8         0x08007281          Code  Gb  ABImemcpy.o [5]
__aeabi_ui2d            0x08006059          Code  Gb  U32ToDbl.o [4]
__aeabi_uldivmod        0x08006f69          Code  Gb  I64DivMod.o [5]
__cmain                 0x08007ea9          Code  Gb  cmain.o [5]
__exit                  0x08007edd    0x14  Code  Gb  exit.o [6]
__iar_Atan64            0x08007759   0x170  Code  Gb  iar_Atan64.o [4]
__iar_Memset4_word      0x08006f35          Code  Gb  ABImemset48.o [5]
__iar_Memset8_word      0x08006f35          Code  Gb  ABImemset48.o [5]
__iar_Sin32             0x08005cf1   0x198  Code  Lc  cos_sin32.o [4]
__iar_acos64            0x0800719d    0xc4  Code  Gb  acos64.o [4]
__iar_cos32             0x08005ec9     0x4  Code  Gb  cos_sin32.o [4]
__iar_cos_medium32      0x08005ec9     0x4  Code  Gb  cos_sin32.o [4]
__iar_cos_mediumf       0x08005ec9     0x4  Code  Gb  cos_sin32.o [4]
__iar_dadd              0x08006189          Code  Gb  DblSub.o [4]
__iar_data_init3        0x08007e3d    0x28  Code  Gb  data_init.o [5]
__iar_dsub              0x08005ef1          Code  Gb  DblAdd.o [4]
__iar_dsubStart         0x08005f03          Code  Gb  DblAdd.o [4]
__iar_init_vfp          0x08007e65          Code  Gb  fpinit_M.o [4]
__iar_packbits_init_single3
                        0x08007e05    0x38  Code  Gb  packbits_init_single.o [5]
__iar_program_start     0x08007f01          Code  Gb  cstartup_M.o [5]
__iar_sqrt64            0x08006085          Code  Gb  sqrt.o [4]
__iar_systems$$module {Abs}
                        0x00000001          Data  Gb  command line/config [2]
__iar_vfp___iar_sqrt64  0x08006075          Code  Gb  sqrt.o [4]
__iar_vfp_acos          0x08005ed3     0xc  Code  Gb  math_wrappers64.o [4]
__iar_vfp_sqrt          0x08006075          Code  Gb  sqrt.o [4]
__iar_vfp_sqrtl         0x08006075          Code  Gb  sqrt.o [4]
__iar_zero_init3        0x08007dc5    0x40  Code  Gb  zero_init3.o [5]
__low_level_init        0x08007ec7     0x4  Code  Gb  low_level_init.o [3]
__vector_table          0x08000000          Data  Gb  startup_stm32f411xe.o [1]
_call_main              0x08007eb5          Code  Gb  cmain.o [5]
_exit                   0x08007ed1          Code  Gb  cexit.o [5]
_main                   0x08007ec3          Code  Gb  cmain.o [5]
a                       0x08007920    0x40  Data  Lc  iar_Atan64.o [4]
accX                    0x2000008c     0x4  Data  Lc  main.o [1]
accXFiltered            0x20000098     0x4  Data  Lc  main.o [1]
accY                    0x20000090     0x4  Data  Lc  main.o [1]
accYFiltered            0x2000009c     0x4  Data  Lc  main.o [1]
accZ                    0x20000094     0x4  Data  Lc  main.o [1]
accZFiltered            0x200000a0     0x4  Data  Lc  main.o [1]
acos                    0x0800719d    0xc4  Code  Gb  acos64.o [4]
acosl                   0x0800719d    0xc4  Code  Gb  acos64.o [4]
antiWindup              0x200001d8     0x4  Data  Lc  main.o [1]
batteryVoltage1         0x20004324     0x4  Data  Lc  main.o [1]
batteryVoltage2         0x20004328     0x4  Data  Lc  main.o [1]
buttonState             0x20004486     0x1  Data  Lc  main.o [1]
calculateLRSpeeds       0x08000ed9    0xf8  Code  Gb  main.o [1]
commTaskHandle          0x200040fc     0x4  Data  Gb  main.o [1]
compassX                0x200000a4     0x4  Data  Lc  main.o [1]
compassY                0x200000a8     0x4  Data  Lc  main.o [1]
compassZ                0x200000ac     0x4  Data  Lc  main.o [1]
controlTaskHandle       0x200040f8     0x4  Data  Gb  main.o [1]
cosf                    0x08005ec9     0x4  Code  Gb  cos_sin32.o [4]
ctrlD                   0x200001e4     0x4  Data  Lc  main.o [1]
ctrlI                   0x200001e0     0x4  Data  Lc  main.o [1]
ctrlP                   0x200001dc     0x4  Data  Lc  main.o [1]
ctrlP_pos               0x200001ec     0x4  Data  Lc  main.o [1]
currSpeedLeft           0x20000138     0x4  Data  Lc  main.o [1]
currSpeedRight          0x2000013c     0x4  Data  Lc  main.o [1]
defaultTaskHandle       0x200040f0     0x4  Data  Gb  main.o [1]
encoderSignalsPerRound  0x20000046     0x2  Data  Lc  main.o [1]
exit                    0x08007ecb     0x4  Code  Gb  exit.o [3]
fCosPitch               0x20000088     0x4  Data  Lc  main.o [1]
fCosRoll                0x20000080     0x4  Data  Lc  main.o [1]
fNormAcc                0x20000078     0x4  Data  Lc  main.o [1]
fSinPitch               0x20000084     0x4  Data  Lc  main.o [1]
fSinRoll                0x2000007c     0x4  Data  Lc  main.o [1]
hadc1                   0x200044d8    0x48  Data  Gb  main.o [1]
hcrc                    0x200040e8     0x8  Data  Gb  main.o [1]
hdma_adc1               0x20004358    0x60  Data  Gb  main.o [1]
hdma_spi5_tx            0x200043b8    0x60  Data  Gb  main.o [1]
hdma_tim4_ch2           0x20004418    0x60  Data  Gb  main.o [1]
hi2c1                   0x20003ed8    0x54  Data  Gb  main.o [1]
hi2c3                   0x20003f2c    0x54  Data  Gb  main.o [1]
hspi5                   0x20003e80    0x58  Data  Gb  main.o [1]
htim1                   0x20004520    0x3c  Data  Gb  main.o [1]
htim10                  0x200040ac    0x3c  Data  Gb  main.o [1]
htim11                  0x2000455c    0x3c  Data  Gb  stm32f4xx_hal_timebase_tim.o [1]
htim2                   0x20003f80    0x3c  Data  Gb  main.o [1]
htim3                   0x20003fbc    0x3c  Data  Gb  main.o [1]
htim4                   0x20003ff8    0x3c  Data  Gb  main.o [1]
htim5                   0x20004034    0x3c  Data  Gb  main.o [1]
htim9                   0x20004070    0x3c  Data  Gb  main.o [1]
huart6                  0x20004488    0x40  Data  Gb  main.o [1]
idleTaskHandle          0x20004100     0x4  Data  Gb  main.o [1]
internalCounter         0x2000006c     0x4  Data  Lc  main.o [1]
ledTaskHandle           0x20004104     0x4  Data  Gb  main.o [1]
main                    0x080001c1   0x648  Code  Gb  main.o [1]
maxDutyCycle            0x200001d4     0x4  Data  Lc  main.o [1]
messageCounter          0x20004484     0x1  Data  Lc  main.o [1]
messageCounterPrev      0x20004485     0x1  Data  Lc  main.o [1]
mot1Cntr                0x200042d8     0x2  Data  Lc  main.o [1]
mot1CntrPrev            0x20000032     0x2  Data  Lc  main.o [1]
mot1Dir                 0x2000002c     0x1  Data  Lc  main.o [1]
mot2Cntr                0x200042da     0x2  Data  Lc  main.o [1]
mot2CntrPrev            0x20000034     0x2  Data  Lc  main.o [1]
mot2Dir                 0x2000002d     0x1  Data  Lc  main.o [1]
mot3Cntr                0x200042dc     0x2  Data  Lc  main.o [1]
mot3CntrPrev            0x20000036     0x2  Data  Lc  main.o [1]
mot3Dir                 0x2000002e     0x1  Data  Lc  main.o [1]
mot4Cntr                0x200042de     0x2  Data  Lc  main.o [1]
mot4CntrPrev            0x20000038     0x2  Data  Lc  main.o [1]
mot4Dir                 0x2000002f     0x1  Data  Lc  main.o [1]
mot5Cntr                0x200042e0     0x2  Data  Lc  main.o [1]
mot5CntrPrev            0x2000003a     0x2  Data  Lc  main.o [1]
mot5Dir                 0x20000030     0x1  Data  Lc  main.o [1]
mot6Cntr                0x200042e2     0x2  Data  Lc  main.o [1]
mot6CntrPrev            0x2000003c     0x2  Data  Lc  main.o [1]
mot6Dir                 0x20000031     0x1  Data  Lc  main.o [1]
nextSpeedLeft           0x20000128     0x4  Data  Lc  main.o [1]
nextSpeedRight          0x2000012c     0x4  Data  Lc  main.o [1]
osDelay                 0x08004f3b     0xe  Code  Gb  cmsis_os.o [1]
osKernelStart           0x08004f01     0xa  Code  Gb  cmsis_os.o [1]
osThreadCreate          0x08004f0b    0x30  Code  Gb  cmsis_os.o [1]
pitch                   0x20000074     0x4  Data  Lc  main.o [1]
positionErrorL3_deg     0x200001e8     0x4  Data  Lc  main.o [1]
prvAddCurrentTaskToDelayedList
                        0x08006ec1    0x64  Code  Lc  tasks.o [1]
prvAddNewTaskToReadyList
                        0x08006ac3    0xe4  Code  Lc  tasks.o [1]
prvIdleTask             0x08006e25    0x6c  Code  Lc  tasks.o [1]
prvInsertBlockIntoFreeList
                        0x0800747f    0x48  Code  Lc  heap_4.o [1]
prvResetNextTaskUnblockTime
                        0x08006e91    0x1c  Code  Lc  tasks.o [1]
prvTaskExitError        0x08007585    0x28  Code  Lc  port.o [1]
pvPortMalloc            0x08007309   0x11e  Code  Gb  heap_4.o [1]
pxCurrentTCB            0x200041d4     0x4  Data  Gb  tasks.o [1]
pxDelayedTaskList       0x200041d8     0x4  Data  Lc  tasks.o [1]
pxEnd                   0x20000270     0x4  Data  Lc  heap_4.o [1]
pxOverflowDelayedTaskList
                        0x200041dc     0x4  Data  Lc  tasks.o [1]
pxPortInitialiseStack   0x0800755d    0x26  Code  Gb  port.o [1]
pxReadyTasksLists       0x2000424c    0x8c  Data  Lc  tasks.o [1]
receiveBuffer           0x20004478     0xc  Data  Lc  main.o [1]
referenceAngle          0x200044d4     0x4  Data  Lc  main.o [1]
referenceAngleL3_deg    0x20004354     0x4  Data  Lc  main.o [1]
referenceSpeed          0x200044d0     0x4  Data  Lc  main.o [1]
referenceSpeedLeft      0x20004348     0x4  Data  Lc  main.o [1]
referenceSpeedRight     0x2000434c     0x4  Data  Lc  main.o [1]
reqSpeedLeft            0x20000130     0x4  Data  Lc  main.o [1]
reqSpeedRight           0x20000134     0x4  Data  Lc  main.o [1]
roll                    0x20000070     0x4  Data  Lc  main.o [1]
sen1AnalogValue         0x2000003e     0x2  Data  Lc  main.o [1]
sen1Cntr                0x200042e4     0x4  Data  Lc  main.o [1]
sen1Distance            0x2000004c     0x4  Data  Lc  main.o [1]
sen1DistanceFiltered    0x20000050     0x4  Data  Lc  main.o [1]
sen1End                 0x200042ec     0x4  Data  Lc  main.o [1]
sen1Length              0x200042f0     0x4  Data  Lc  main.o [1]
sen1Start               0x200042e8     0x4  Data  Lc  main.o [1]
sen2AnalogValue         0x20000040     0x2  Data  Lc  main.o [1]
sen2Cntr                0x200042f4     0x4  Data  Lc  main.o [1]
sen2Distance            0x20000054     0x4  Data  Lc  main.o [1]
sen2DistanceFiltered    0x20000058     0x4  Data  Lc  main.o [1]
sen2End                 0x200042fc     0x4  Data  Lc  main.o [1]
sen2Length              0x20004300     0x4  Data  Lc  main.o [1]
sen2Start               0x200042f8     0x4  Data  Lc  main.o [1]
sen3AnalogValue         0x20000042     0x2  Data  Lc  main.o [1]
sen3Cntr                0x20004304     0x4  Data  Lc  main.o [1]
sen3Distance            0x2000005c     0x4  Data  Lc  main.o [1]
sen3DistanceFiltered    0x20000060     0x4  Data  Lc  main.o [1]
sen3End                 0x2000430c     0x4  Data  Lc  main.o [1]
sen3Length              0x20004310     0x4  Data  Lc  main.o [1]
sen3Start               0x20004308     0x4  Data  Lc  main.o [1]
sen4AnalogValue         0x20000044     0x2  Data  Lc  main.o [1]
sen4Cntr                0x20004314     0x4  Data  Lc  main.o [1]
sen4Distance            0x20000064     0x4  Data  Lc  main.o [1]
sen4DistanceFiltered    0x20000068     0x4  Data  Lc  main.o [1]
sen4End                 0x2000431c     0x4  Data  Lc  main.o [1]
sen4Length              0x20004320     0x4  Data  Lc  main.o [1]
sen4Start               0x20004318     0x4  Data  Lc  main.o [1]
sensorTaskHandle        0x200040f4     0x4  Data  Gb  main.o [1]
speedRampRate           0x20000140     0x4  Data  Lc  main.o [1]
speedSensingTaskCycle_ms
                        0x20000048     0x2  Data  Lc  main.o [1]
spi_dma_ready           0x20000264     0x1  Data  Lc  WS2812_Lib.o [1]
spi_set_bit::highBitPatternLUT
                        0x080063f8     0x8  Data  Lc  WS2812_Lib.o [1]
spi_set_bit::lowBitPatternLUT
                        0x08006400     0x8  Data  Lc  WS2812_Lib.o [1]
spi_set_byte            0x080062a3    0x6a  Code  Gb  WS2812_Lib.o [1]
sqrt                    0x08006085          Code  Gb  sqrt.o [4]
sqrtl                   0x08006085          Code  Gb  sqrt.o [4]
timeOutGuard            0x20004350     0x4  Data  Lc  main.o [1]
timeOutGuardMax         0x200044cc     0x4  Data  Lc  main.o [1]
timeStamp               0x200044c8     0x4  Data  Lc  main.o [1]
ucHeap                  0x20000280  0x3c00  Data  Lc  heap_4.o [1]
ucMaxSysCallPriority    0x200001f0     0x1  Data  Lc  port.o [1]
ulMaxPRIGROUPValue      0x200001f8     0x4  Data  Lc  port.o [1]
uwTick                  0x20000258     0x4  Data  Gb  stm32f4xx_hal.o [1]
uwTickFreq              0x20000254     0x1  Data  Gb  stm32f4xx_hal.o [1]
uwTickPrio              0x2000025c     0x4  Data  Gb  stm32f4xx_hal.o [1]
uxCriticalNesting       0x200001f4     0x4  Data  Lc  port.o [1]
uxCurrentNumberOfTasks  0x200041f8     0x4  Data  Lc  tasks.o [1]
uxDeletedTasksWaitingCleanUp
                        0x200041e0     0x4  Data  Lc  tasks.o [1]
uxListRemove            0x08007539    0x24  Code  Gb  list.o [1]
uxPendedTicks           0x20004208     0x4  Data  Lc  tasks.o [1]
uxSchedulerSuspended    0x2000421c     0x4  Data  Lc  tasks.o [1]
uxTaskNumber            0x20004214     0x4  Data  Lc  tasks.o [1]
uxTopReadyPriority      0x20004200     0x4  Data  Lc  tasks.o [1]
vListInitialise         0x080074cd    0x1a  Code  Gb  list.o [1]
vListInitialiseItem     0x080074e7     0x6  Code  Gb  list.o [1]
vListInsert             0x08007505    0x34  Code  Gb  list.o [1]
vListInsertEnd          0x080074ed    0x18  Code  Gb  list.o [1]
vPortEnableVFP          0x080079ed          Code  Gb  portasm.o [1]
vPortEnterCritical      0x08007651    0x32  Code  Gb  port.o [1]
vPortExitCritical       0x08007683    0x22  Code  Gb  port.o [1]
vPortFree               0x08007427    0x58  Code  Gb  heap_4.o [1]
vPortStartFirstTask     0x080079d5          Code  Gb  portasm.o [1]
vTaskDelay              0x08006ba7    0x42  Code  Gb  tasks.o [1]
vTaskStartScheduler     0x08006be9    0x62  Code  Gb  tasks.o [1]
vTaskSuspendAll         0x08006c4b     0xc  Code  Gb  tasks.o [1]
vTaskSwitchContext      0x08006dc9    0x5a  Code  Gb  tasks.o [1]
wheelL1Angle_deg        0x200000e0     0x4  Data  Lc  main.o [1]
wheelL1FiltVelocity_mps
                        0x20004330     0x4  Data  Lc  main.o [1]
wheelL1FiltVelocity_rpm
                        0x200000f8     0x4  Data  Lc  main.o [1]
wheelL1Odometer_m       0x200000b0     0x4  Data  Lc  main.o [1]
wheelL1Odometer_m_prev  0x200000b4     0x4  Data  Lc  main.o [1]
wheelL1RawVelocity_mps  0x200000f4     0x4  Data  Lc  main.o [1]
wheelL1SumControl       0x20000154     0x4  Data  Lc  main.o [1]
wheelL1SumControlBeforeSaturation
                        0x20000158     0x4  Data  Lc  main.o [1]
wheelL1VelocityDerivatedError
                        0x20000150     0x4  Data  Lc  main.o [1]
wheelL1VelocityError    0x20000144     0x4  Data  Lc  main.o [1]
wheelL1VelocityErrorBefore
                        0x20000148     0x4  Data  Lc  main.o [1]
wheelL1VelocityIntError
                        0x2000014c     0x4  Data  Lc  main.o [1]
wheelL2Angle_deg        0x200000e4     0x4  Data  Lc  main.o [1]
wheelL2FiltVelocity_mps
                        0x20004334     0x4  Data  Lc  main.o [1]
wheelL2FiltVelocity_rpm
                        0x20000100     0x4  Data  Lc  main.o [1]
wheelL2Odometer_m       0x200000b8     0x4  Data  Lc  main.o [1]
wheelL2Odometer_m_prev  0x200000bc     0x4  Data  Lc  main.o [1]
wheelL2RawVelocity_mps  0x200000fc     0x4  Data  Lc  main.o [1]
wheelL2SumControl       0x2000016c     0x4  Data  Lc  main.o [1]
wheelL2SumControlBeforeSaturation
                        0x20000170     0x4  Data  Lc  main.o [1]
wheelL2VelocityDerivatedError
                        0x20000168     0x4  Data  Lc  main.o [1]
wheelL2VelocityError    0x2000015c     0x4  Data  Lc  main.o [1]
wheelL2VelocityErrorBefore
                        0x20000160     0x4  Data  Lc  main.o [1]
wheelL2VelocityIntError
                        0x20000164     0x4  Data  Lc  main.o [1]
wheelL3Angle_deg        0x2000432c     0x4  Data  Lc  main.o [1]
wheelL3FiltVelocity_mps
                        0x20004338     0x4  Data  Lc  main.o [1]
wheelL3FiltVelocity_rpm
                        0x20000108     0x4  Data  Lc  main.o [1]
wheelL3Odometer_m       0x200000c0     0x4  Data  Lc  main.o [1]
wheelL3Odometer_m_prev  0x200000c4     0x4  Data  Lc  main.o [1]
wheelL3RawVelocity_mps  0x20000104     0x4  Data  Lc  main.o [1]
wheelL3SumControl       0x20000184     0x4  Data  Lc  main.o [1]
wheelL3SumControlBeforeSaturation
                        0x20000188     0x4  Data  Lc  main.o [1]
wheelL3VelocityDerivatedError
                        0x20000180     0x4  Data  Lc  main.o [1]
wheelL3VelocityError    0x20000174     0x4  Data  Lc  main.o [1]
wheelL3VelocityErrorBefore
                        0x20000178     0x4  Data  Lc  main.o [1]
wheelL3VelocityIntError
                        0x2000017c     0x4  Data  Lc  main.o [1]
wheelR1Angle_deg        0x200000e8     0x4  Data  Lc  main.o [1]
wheelR1FiltVelocity_mps
                        0x2000433c     0x4  Data  Lc  main.o [1]
wheelR1FiltVelocity_rpm
                        0x20000110     0x4  Data  Lc  main.o [1]
wheelR1Odometer_m       0x200000c8     0x4  Data  Lc  main.o [1]
wheelR1Odometer_m_prev  0x200000cc     0x4  Data  Lc  main.o [1]
wheelR1RawVelocity_mps  0x2000010c     0x4  Data  Lc  main.o [1]
wheelR1SumControl       0x2000019c     0x4  Data  Lc  main.o [1]
wheelR1SumControlBeforeSaturation
                        0x200001a0     0x4  Data  Lc  main.o [1]
wheelR1VelocityDerivatedError
                        0x20000198     0x4  Data  Lc  main.o [1]
wheelR1VelocityError    0x2000018c     0x4  Data  Lc  main.o [1]
wheelR1VelocityErrorBefore
                        0x20000190     0x4  Data  Lc  main.o [1]
wheelR1VelocityIntError
                        0x20000194     0x4  Data  Lc  main.o [1]
wheelR2Angle_deg        0x200000ec     0x4  Data  Lc  main.o [1]
wheelR2FiltVelocity_mps
                        0x20004340     0x4  Data  Lc  main.o [1]
wheelR2FiltVelocity_rpm
                        0x20000118     0x4  Data  Lc  main.o [1]
wheelR2Odometer_m       0x200000d0     0x4  Data  Lc  main.o [1]
wheelR2Odometer_m_prev  0x200000d4     0x4  Data  Lc  main.o [1]
wheelR2RawVelocity_mps  0x20000114     0x4  Data  Lc  main.o [1]
wheelR2SumControl       0x200001b4     0x4  Data  Lc  main.o [1]
wheelR2SumControlBeforeSaturation
                        0x200001b8     0x4  Data  Lc  main.o [1]
wheelR2VelocityDerivatedError
                        0x200001b0     0x4  Data  Lc  main.o [1]
wheelR2VelocityError    0x200001a4     0x4  Data  Lc  main.o [1]
wheelR2VelocityErrorBefore
                        0x200001a8     0x4  Data  Lc  main.o [1]
wheelR2VelocityIntError
                        0x200001ac     0x4  Data  Lc  main.o [1]
wheelR3Angle_deg        0x200000f0     0x4  Data  Lc  main.o [1]
wheelR3FiltVelocity_mps
                        0x20004344     0x4  Data  Lc  main.o [1]
wheelR3FiltVelocity_rpm
                        0x20000120     0x4  Data  Lc  main.o [1]
wheelR3Odometer_m       0x200000d8     0x4  Data  Lc  main.o [1]
wheelR3Odometer_m_prev  0x200000dc     0x4  Data  Lc  main.o [1]
wheelR3RawVelocity_mps  0x2000011c     0x4  Data  Lc  main.o [1]
wheelR3SumControl       0x200001cc     0x4  Data  Lc  main.o [1]
wheelR3SumControlBeforeSaturation
                        0x200001d0     0x4  Data  Lc  main.o [1]
wheelR3VelocityDerivatedError
                        0x200001c8     0x4  Data  Lc  main.o [1]
wheelR3VelocityError    0x200001bc     0x4  Data  Lc  main.o [1]
wheelR3VelocityErrorBefore
                        0x200001c0     0x4  Data  Lc  main.o [1]
wheelR3VelocityIntError
                        0x200001c4     0x4  Data  Lc  main.o [1]
wheelSize_m             0x20000124     0x4  Data  Lc  main.o [1]
xBlockAllocatedBit      0x2000027c     0x4  Data  Lc  heap_4.o [1]
xDelayedTaskList1       0x20004220    0x14  Data  Lc  tasks.o [1]
xDelayedTaskList2       0x20004234    0x14  Data  Lc  tasks.o [1]
xFreeBytesRemaining     0x20000274     0x4  Data  Lc  heap_4.o [1]
xIdleTaskHandle         0x20004248     0x4  Data  Lc  tasks.o [1]
xMinimumEverFreeBytesRemaining
                        0x20000278     0x4  Data  Lc  heap_4.o [1]
xNextTaskUnblockTime    0x20004218     0x4  Data  Lc  tasks.o [1]
xNumOfOverflows         0x20004210     0x4  Data  Lc  tasks.o [1]
xPendingReadyList       0x200041ac    0x14  Data  Lc  tasks.o [1]
xPortStartScheduler     0x080075ad    0xa4  Code  Gb  port.o [1]
xSchedulerRunning       0x20004204     0x4  Data  Lc  tasks.o [1]
xStart                  0x20000268     0x8  Data  Lc  heap_4.o [1]
xSuspendedTaskList      0x200041e4    0x14  Data  Lc  tasks.o [1]
xTaskCreate             0x08006a01    0xc2  Code  Gb  tasks.o [1]
xTaskIncrementTick      0x08006d03    0xc6  Code  Gb  tasks.o [1]
xTaskResumeAll          0x08006c57    0xac  Code  Gb  tasks.o [1]
xTasksWaitingTermination
                        0x200041c0    0x14  Data  Lc  tasks.o [1]
xTickCount              0x200041fc     0x4  Data  Lc  tasks.o [1]
xYieldPending           0x2000420c     0x4  Data  Lc  tasks.o [1]


[1] = C:\GIT\RevvyDemoKit\STM32F411\EWARM\RevvyDemo\Obj
[2] = command line
[3] = dl7M_tlf.a
[4] = m7M_tls.a
[5] = rt7M_tl.a
[6] = shb_l.a

  32 628 bytes of readonly  code memory
     214 bytes of readonly  data memory
  18 951 bytes of readwrite data memory

Errors: none
Warnings: none
