###############################################################################
#
# IAR ELF Linker V8.20.1.14183/W32 for ARM                14/Nov/2018  19:51:04
# Copyright 2007-2017 IAR Systems AB.
#
#    Output file  =  
#        C:\GIT\RevvyDemoKit\STM32F411\EWARM\RevvyDemo\Exe\RevvyDemo.out
#    Map file     =  
#        C:\GIT\RevvyDemoKit\STM32F411\EWARM\RevvyDemo\List\RevvyDemo.map
#    Command line =  
#        -f C:\Users\david\AppData\Local\Temp\EWAED.tmp
#        (C:\GIT\RevvyDemoKit\STM32F411\EWARM\RevvyDemo\Obj\cmsis_os.o
#        C:\GIT\RevvyDemoKit\STM32F411\EWARM\RevvyDemo\Obj\croutine.o
#        C:\GIT\RevvyDemoKit\STM32F411\EWARM\RevvyDemo\Obj\event_groups.o
#        C:\GIT\RevvyDemoKit\STM32F411\EWARM\RevvyDemo\Obj\freertos.o
#        C:\GIT\RevvyDemoKit\STM32F411\EWARM\RevvyDemo\Obj\heap_4.o
#        C:\GIT\RevvyDemoKit\STM32F411\EWARM\RevvyDemo\Obj\list.o
#        C:\GIT\RevvyDemoKit\STM32F411\EWARM\RevvyDemo\Obj\lsm303dlhc.o
#        C:\GIT\RevvyDemoKit\STM32F411\EWARM\RevvyDemo\Obj\main.o
#        C:\GIT\RevvyDemoKit\STM32F411\EWARM\RevvyDemo\Obj\port.o
#        C:\GIT\RevvyDemoKit\STM32F411\EWARM\RevvyDemo\Obj\portasm.o
#        C:\GIT\RevvyDemoKit\STM32F411\EWARM\RevvyDemo\Obj\queue.o
#        C:\GIT\RevvyDemoKit\STM32F411\EWARM\RevvyDemo\Obj\startup_stm32f411xe.o
#        C:\GIT\RevvyDemoKit\STM32F411\EWARM\RevvyDemo\Obj\stm32f411e_discovery.o
#        C:\GIT\RevvyDemoKit\STM32F411\EWARM\RevvyDemo\Obj\stm32f411e_discovery_accelerometer.o
#        C:\GIT\RevvyDemoKit\STM32F411\EWARM\RevvyDemo\Obj\stm32f4xx_hal.o
#        C:\GIT\RevvyDemoKit\STM32F411\EWARM\RevvyDemo\Obj\stm32f4xx_hal_adc.o
#        C:\GIT\RevvyDemoKit\STM32F411\EWARM\RevvyDemo\Obj\stm32f4xx_hal_adc_ex.o
#        C:\GIT\RevvyDemoKit\STM32F411\EWARM\RevvyDemo\Obj\stm32f4xx_hal_cortex.o
#        C:\GIT\RevvyDemoKit\STM32F411\EWARM\RevvyDemo\Obj\stm32f4xx_hal_crc.o
#        C:\GIT\RevvyDemoKit\STM32F411\EWARM\RevvyDemo\Obj\stm32f4xx_hal_dma.o
#        C:\GIT\RevvyDemoKit\STM32F411\EWARM\RevvyDemo\Obj\stm32f4xx_hal_dma_ex.o
#        C:\GIT\RevvyDemoKit\STM32F411\EWARM\RevvyDemo\Obj\stm32f4xx_hal_flash.o
#        C:\GIT\RevvyDemoKit\STM32F411\EWARM\RevvyDemo\Obj\stm32f4xx_hal_flash_ex.o
#        C:\GIT\RevvyDemoKit\STM32F411\EWARM\RevvyDemo\Obj\stm32f4xx_hal_flash_ramfunc.o
#        C:\GIT\RevvyDemoKit\STM32F411\EWARM\RevvyDemo\Obj\stm32f4xx_hal_gpio.o
#        C:\GIT\RevvyDemoKit\STM32F411\EWARM\RevvyDemo\Obj\stm32f4xx_hal_i2c.o
#        C:\GIT\RevvyDemoKit\STM32F411\EWARM\RevvyDemo\Obj\stm32f4xx_hal_i2c_ex.o
#        C:\GIT\RevvyDemoKit\STM32F411\EWARM\RevvyDemo\Obj\stm32f4xx_hal_msp.o
#        C:\GIT\RevvyDemoKit\STM32F411\EWARM\RevvyDemo\Obj\stm32f4xx_hal_pcd.o
#        C:\GIT\RevvyDemoKit\STM32F411\EWARM\RevvyDemo\Obj\stm32f4xx_hal_pcd_ex.o
#        C:\GIT\RevvyDemoKit\STM32F411\EWARM\RevvyDemo\Obj\stm32f4xx_hal_pwr.o
#        C:\GIT\RevvyDemoKit\STM32F411\EWARM\RevvyDemo\Obj\stm32f4xx_hal_pwr_ex.o
#        C:\GIT\RevvyDemoKit\STM32F411\EWARM\RevvyDemo\Obj\stm32f4xx_hal_rcc.o
#        C:\GIT\RevvyDemoKit\STM32F411\EWARM\RevvyDemo\Obj\stm32f4xx_hal_rcc_ex.o
#        C:\GIT\RevvyDemoKit\STM32F411\EWARM\RevvyDemo\Obj\stm32f4xx_hal_spi.o
#        C:\GIT\RevvyDemoKit\STM32F411\EWARM\RevvyDemo\Obj\stm32f4xx_hal_tim.o
#        C:\GIT\RevvyDemoKit\STM32F411\EWARM\RevvyDemo\Obj\stm32f4xx_hal_tim_ex.o
#        C:\GIT\RevvyDemoKit\STM32F411\EWARM\RevvyDemo\Obj\stm32f4xx_hal_timebase_TIM.o
#        C:\GIT\RevvyDemoKit\STM32F411\EWARM\RevvyDemo\Obj\stm32f4xx_hal_uart.o
#        C:\GIT\RevvyDemoKit\STM32F411\EWARM\RevvyDemo\Obj\stm32f4xx_it.o
#        C:\GIT\RevvyDemoKit\STM32F411\EWARM\RevvyDemo\Obj\stm32f4xx_ll_usb.o
#        C:\GIT\RevvyDemoKit\STM32F411\EWARM\RevvyDemo\Obj\system_stm32f4xx.o
#        C:\GIT\RevvyDemoKit\STM32F411\EWARM\RevvyDemo\Obj\tasks.o
#        C:\GIT\RevvyDemoKit\STM32F411\EWARM\RevvyDemo\Obj\timers.o
#        C:\GIT\RevvyDemoKit\STM32F411\EWARM\RevvyDemo\Obj\WS2812_Lib.o
#        --redirect _Printf=_PrintfFull --redirect _Scanf=_ScanfFull -o
#        C:\GIT\RevvyDemoKit\STM32F411\EWARM\RevvyDemo\Exe\RevvyDemo.out --map
#        C:\GIT\RevvyDemoKit\STM32F411\EWARM\RevvyDemo\List\RevvyDemo.map
#        --config C:\GIT\RevvyDemoKit\STM32F411\EWARM/stm32f411xe_flash.icf
#        --semihosting --entry __iar_program_start --vfe --text_out locale)
#
###############################################################################

*******************************************************************************
*** RUNTIME MODEL ATTRIBUTES
***

CppFlavor       = *
__SystemLibrary = DLib
__dlib_version  = 6


*******************************************************************************
*** HEAP SELECTION
***

The basic heap was selected because no calls to memory allocation
functions were found in the application outside of system library
functions, and there are calls to deallocation functions in the
application.


*******************************************************************************
*** PLACEMENT SUMMARY
***

"A0":  place at 0x08000000 { ro section .intvec };
"P1":  place in [from 0x08000000 to 0x0807ffff] { ro };
define block CSTACK with size = 1K, alignment = 8 { };
define block HEAP with size = 512, alignment = 8 { };
"P2":  place in [from 0x20000000 to 0x2001ffff] {
          rw, block CSTACK, block HEAP };
initialize by copy { rw };

  Section            Kind        Address    Size  Object
  -------            ----        -------    ----  ------
"A0":                                      0x198
  .intvec            ro code  0x08000000   0x198  startup_stm32f411xe.o [1]
                            - 0x08000198   0x198

"P1":                                     0x75c6
  .text              ro code  0x08000198  0x1c70  main.o [1]
  .text              ro code  0x08001e08    0x34  stm32f4xx_hal.o [1]
  .text              ro code  0x08001e3c    0xdc  stm32f4xx_hal_cortex.o [1]
  .text              ro code  0x08001f18   0x660  stm32f4xx_hal_tim.o [1]
  .text              ro code  0x08002578    0xd2  stm32f4xx_hal_tim_ex.o [1]
  .text              ro code  0x0800264c   0x6a8  stm32f4xx_hal_msp.o [1]
  .text              ro code  0x08002cf4   0x95a  stm32f4xx_hal_i2c.o [1]
  .text              ro code  0x0800364e    0x24  stm32f4xx_hal_crc.o [1]
  .text              ro code  0x08003674   0x514  stm32f4xx_hal_uart.o [1]
  .text              ro code  0x08003b88    0xb0  stm32f4xx_hal_pcd.o [1]
  .text              ro code  0x08003c38   0x226  stm32f4xx_hal_spi.o [1]
  .text              ro code  0x08003e60   0x2e0  stm32f4xx_hal_gpio.o [1]
  .text              ro code  0x08004140   0x194  stm32f411e_discovery_accelerometer.o [1]
  .text              ro code  0x080042d4    0x5c  cmsis_os.o [1]
  .text              ro code  0x08004330   0x2fc  stm32f4xx_hal_rcc.o [1]
  .text              ro code  0x0800462c   0x1e4  stm32f4xx_hal_rcc.o [1]
  .text              ro code  0x08004810   0x42a  stm32f4xx_hal_adc.o [1]
  .text              ro code  0x08004c3c    0x48  FltToDbl.o [4]
  .text              ro code  0x08004c84   0x1a2  DblMul.o [4]
  .text              ro code  0x08004e28   0x246  DblDiv.o [4]
  .text              ro code  0x08005070    0x68  DblToFlt.o [4]
  .text              ro code  0x080050d8   0x1dc  cos_sin32.o [4]
  .text              ro code  0x080052b4    0x12  math_wrappers64.o [4]
  .text              ro code  0x080052c8   0x178  DblAdd.o [4]
  .text              ro code  0x08005440    0x1a  U32ToDbl.o [4]
  .text              ro code  0x0800545c   0x102  sqrt.o [4]
  .text              ro code  0x08005560    0xe2  DblSub.o [4]
  .text              ro code  0x08005644     0xc  stm32f4xx_hal.o [1]
  .text              ro code  0x08005650   0x298  WS2812_Lib.o [1]
  .text              ro code  0x080058e8    0x10  stm32f4xx_hal.o [1]
  .text              ro code  0x080058f8    0x80  stm32f4xx_hal_timebase_TIM.o [1]
  .text              ro code  0x08005978   0x390  stm32f4xx_hal_dma.o [1]
  .text              ro code  0x08005d08     0x2  stm32f4xx_hal_tim.o [1]
  .text              ro code  0x08005d0a     0x2  stm32f4xx_hal_tim.o [1]
  .text              ro code  0x08005d0c     0x2  stm32f4xx_hal_tim_ex.o [1]
  .text              ro code  0x08005d0e     0x2  stm32f4xx_hal_tim.o [1]
  .text              ro code  0x08005d10     0x2  stm32f4xx_hal_tim_ex.o [1]
  .text              ro code  0x08005d12     0x2  stm32f4xx_hal_uart.o [1]
  .text              ro code  0x08005d14     0x2  stm32f4xx_hal_uart.o [1]
  .text              ro code  0x08005d16     0x2  stm32f4xx_hal_uart.o [1]
  .text              ro code  0x08005d18   0x218  stm32f4xx_ll_usb.o [1]
  .text              ro code  0x08005f30    0xa6  ABImemcpy.o [5]
  .text              ro code  0x08005fd6     0x2  stm32f4xx_hal_spi.o [1]
  .text              ro code  0x08005fd8     0x2  stm32f4xx_hal_spi.o [1]
  .text              ro code  0x08005fdc   0x1c0  stm32f411e_discovery.o [1]
  .text              ro code  0x0800619c   0x54c  tasks.o [1]
  .text              ro code  0x080066e8   0x1b4  port.o [1]
  .text              ro code  0x0800689c   0x22e  I64DivMod.o [5]
  .text              ro code  0x08006aca     0x2  stm32f4xx_hal_adc.o [1]
  .text              ro code  0x08006acc     0x2  stm32f4xx_hal_adc.o [1]
  .text              ro code  0x08006ad0    0xc4  acos64.o [4]
  .text              ro code  0x08006b94    0x28  stm32f4xx_hal.o [1]
  .text              ro code  0x08006bbc   0x1c4  heap_4.o [1]
  .text              ro code  0x08006d80    0x90  list.o [1]
  CODE               ro code  0x08006e10    0xa8  portasm.o [1]
  .text              ro code  0x08006eb8     0x2  I64DivZer.o [5]
  .text              ro code  0x08006ebc    0x2e  DblCmpLe.o [4]
  .rodata            const    0x08006eec    0x44  main.o [1]
  .text              ro code  0x08006f30   0x208  iar_Atan64.o [4]
  .text              ro code  0x08007138    0x20  DblCmpEq.o [4]
  .text              ro code  0x08007158    0x2e  DblCmpGe.o [4]
  .text              ro code  0x08007188   0x25e  lsm303dlhc.o [1]
  .text              ro code  0x080073e8    0x22  S32ToDbl.o [4]
  .text              ro code  0x0800740c    0x8c  stm32f4xx_it.o [1]
  .text              ro code  0x08007498    0x60  system_stm32f4xx.o [1]
  .text              ro code  0x080074f8    0x40  zero_init3.o [5]
  .text              ro code  0x08007538    0x38  packbits_init_single.o [5]
  .text              ro code  0x08007570    0x28  data_init.o [5]
  .text              ro code  0x08007598    0x22  fpinit_M.o [4]
  .iar.init_table    const    0x080075bc    0x20  - Linker created -
  .text              ro code  0x080075dc    0x1e  cmain.o [5]
  .text              ro code  0x080075fa     0x4  low_level_init.o [3]
  .text              ro code  0x080075fe     0x4  exit.o [3]
  .text              ro code  0x08007604     0xa  cexit.o [5]
  .text              ro code  0x08007610    0x14  exit.o [6]
  .text              ro code  0x08007624    0x10  startup_stm32f411xe.o [1]
  .text              ro code  0x08007634     0xc  cstartup_M.o [5]
  .rodata            const    0x08007640     0x8  system_stm32f4xx.o [1]
  .text              ro code  0x08007648     0x4  startup_stm32f411xe.o [1]
  .text              ro code  0x0800764c     0x4  startup_stm32f411xe.o [1]
  .text              ro code  0x08007650     0x4  startup_stm32f411xe.o [1]
  .text              ro code  0x08007654     0x4  startup_stm32f411xe.o [1]
  .text              ro code  0x08007658     0x4  startup_stm32f411xe.o [1]
  .text              ro code  0x0800765c     0x4  startup_stm32f411xe.o [1]
  .text              ro code  0x08007660     0x4  startup_stm32f411xe.o [1]
  .text              ro code  0x08007664     0x4  startup_stm32f411xe.o [1]
  .text              ro code  0x08007668     0x4  startup_stm32f411xe.o [1]
  .text              ro code  0x0800766c     0x4  startup_stm32f411xe.o [1]
  .text              ro code  0x08007670     0x4  startup_stm32f411xe.o [1]
  .text              ro code  0x08007674     0x4  startup_stm32f411xe.o [1]
  .text              ro code  0x08007678     0x4  startup_stm32f411xe.o [1]
  .text              ro code  0x0800767c     0x4  startup_stm32f411xe.o [1]
  .text              ro code  0x08007680     0x4  startup_stm32f411xe.o [1]
  .text              ro code  0x08007684     0x4  startup_stm32f411xe.o [1]
  .text              ro code  0x08007688     0x4  startup_stm32f411xe.o [1]
  .text              ro code  0x0800768c     0x4  startup_stm32f411xe.o [1]
  .text              ro code  0x08007690     0x4  startup_stm32f411xe.o [1]
  .text              ro code  0x08007694     0x4  startup_stm32f411xe.o [1]
  .text              ro code  0x08007698     0x4  startup_stm32f411xe.o [1]
  .text              ro code  0x0800769c     0x4  startup_stm32f411xe.o [1]
  .text              ro code  0x080076a0     0x4  startup_stm32f411xe.o [1]
  .text              ro code  0x080076a4     0x4  startup_stm32f411xe.o [1]
  .text              ro code  0x080076a8     0x4  startup_stm32f411xe.o [1]
  .text              ro code  0x080076ac     0x4  startup_stm32f411xe.o [1]
  .text              ro code  0x080076b0     0x4  startup_stm32f411xe.o [1]
  .text              ro code  0x080076b4     0x4  startup_stm32f411xe.o [1]
  .text              ro code  0x080076b8     0x4  startup_stm32f411xe.o [1]
  .text              ro code  0x080076bc     0x4  startup_stm32f411xe.o [1]
  .text              ro code  0x080076c0     0x4  startup_stm32f411xe.o [1]
  .text              ro code  0x080076c4     0x4  startup_stm32f411xe.o [1]
  .text              ro code  0x080076c8     0x4  startup_stm32f411xe.o [1]
  .text              ro code  0x080076cc     0x4  startup_stm32f411xe.o [1]
  .text              ro code  0x080076d0     0x4  startup_stm32f411xe.o [1]
  .text              ro code  0x080076d4     0x4  startup_stm32f411xe.o [1]
  .text              ro code  0x080076d8     0x4  startup_stm32f411xe.o [1]
  .text              ro code  0x080076dc     0x4  startup_stm32f411xe.o [1]
  .text              ro code  0x080076e0     0x4  startup_stm32f411xe.o [1]
  .text              ro code  0x080076e4     0x4  startup_stm32f411xe.o [1]
  .text              ro code  0x080076e8     0x4  startup_stm32f411xe.o [1]
  .text              ro code  0x080076ec     0x4  startup_stm32f411xe.o [1]
  .text              ro code  0x080076f0     0x4  startup_stm32f411xe.o [1]
  .text              ro code  0x080076f4     0x4  startup_stm32f411xe.o [1]
  .text              ro code  0x080076f8     0x4  startup_stm32f411xe.o [1]
  .text              ro code  0x080076fc     0x4  startup_stm32f411xe.o [1]
  .text              ro code  0x08007700     0x4  startup_stm32f411xe.o [1]
  .text              ro code  0x08007704     0x4  startup_stm32f411xe.o [1]
  .text              ro code  0x08007708     0x4  startup_stm32f411xe.o [1]
  .text              ro code  0x0800770c     0x4  startup_stm32f411xe.o [1]
  .text              ro code  0x08007710     0x4  startup_stm32f411xe.o [1]
  .text              ro code  0x08007714     0x4  startup_stm32f411xe.o [1]
  .rodata            const    0x08007718     0x0  zero_init3.o [5]
  .rodata            const    0x08007718     0x0  packbits_init_single.o [5]
  Initializer bytes  const    0x08007718    0x46  <for P2-1>
                            - 0x0800775e  0x75c6

"P2", part 1 of 3:                         0x19a
  P2-1                        0x20000000   0x19a  <Init block>
    .data            inited   0x20000000    0x2c  lsm303dlhc.o [1]
    .data            inited   0x2000002c    0xf8  main.o [1]
    .data            inited   0x20000124     0xc  port.o [1]
    .data            inited   0x20000130    0x58  stm32f411e_discovery.o [1]
    .data            inited   0x20000188     0xc  stm32f4xx_hal.o [1]
    .data            inited   0x20000194     0x4  system_stm32f4xx.o [1]
    .data            inited   0x20000198     0x2  WS2812_Lib.o [1]
                            - 0x2000019a   0x19a

"P2", part 2 of 3:                        0x4f28
  .bss               zero     0x2000019c  0x3c18  heap_4.o [1]
  .bss               zero     0x20003db4   0x678  main.o [1]
  .bss               zero     0x2000442c   0x510  WS2812_Lib.o [1]
  .bss               zero     0x2000493c   0x360  WS2812_Lib.o [1]
  .bss               zero     0x20004c9c    0xa0  tasks.o [1]
  .bss               zero     0x20004d3c    0x8c  tasks.o [1]
  .bss               zero     0x20004dc8    0x7c  main.o [1]
  .bss               zero     0x20004e44    0x60  main.o [1]
  .bss               zero     0x20004ea4    0x60  main.o [1]
  .bss               zero     0x20004f04    0x60  main.o [1]
  .bss               zero     0x20004f64    0x54  main.o [1]
  .bss               zero     0x20004fb8    0x48  main.o [1]
  .bss               zero     0x20005000    0x3c  main.o [1]
  .bss               zero     0x2000503c    0x3c  stm32f4xx_hal_timebase_TIM.o [1]
  .bss               zero     0x20005078    0x30  WS2812_Lib.o [1]
  .bss               zero     0x200050a8     0x8  main.o [1]
  .bss               zero     0x200050b0     0x8  stm32f411e_discovery_accelerometer.o [1]
  .bss               zero     0x200050b8     0x4  stm32f411e_discovery_accelerometer.o [1]
  .bss               zero     0x200050bc     0x3  lsm303dlhc.o [1]
  .bss               zero     0x200050bf     0x2  lsm303dlhc.o [1]
  .bss               zero     0x200050c1     0x1  lsm303dlhc.o [1]
                            - 0x200050c2  0x4f26

"P2", part 3 of 3:                         0x400
  CSTACK                      0x200050c8   0x400  <Block>
    CSTACK           uninit   0x200050c8   0x400  <Block tail>
                            - 0x200054c8   0x400


*******************************************************************************
*** INIT TABLE
***

          Address     Size
          -------     ----
Zero (__iar_zero_init3)
    1 destination range, total size 0x4f26:
          0x2000019c  0x4f26

Copy/packbits (__iar_packbits_init_single3)
    1 source range, total size 0x46 (17% of destination):
          0x08007718    0x46
    1 destination range, total size 0x19a:
          0x20000000   0x19a



*******************************************************************************
*** MODULE SUMMARY
***

    Module                                ro code  ro data  rw data
    ------                                -------  -------  -------
C:\GIT\RevvyDemoKit\STM32F411\EWARM\RevvyDemo\Obj: [1]
    WS2812_Lib.o                              664        1    2 210
    cmsis_os.o                                 92
    heap_4.o                                  452            15 384
    list.o                                    144
    lsm303dlhc.o                              606        7       50
    main.o                                  7 280      110    2 540
    port.o                                    436        2       12
    portasm.o                                 168
    startup_stm32f411xe.o                     632
    stm32f411e_discovery.o                    448       15       88
    stm32f411e_discovery_accelerometer.o      404                12
    stm32f4xx_hal.o                           120        2       12
    stm32f4xx_hal_adc.o                     1 070
    stm32f4xx_hal_cortex.o                    220
    stm32f4xx_hal_crc.o                        36
    stm32f4xx_hal_dma.o                       912
    stm32f4xx_hal_gpio.o                      736
    stm32f4xx_hal_i2c.o                     2 394
    stm32f4xx_hal_msp.o                     1 704
    stm32f4xx_hal_pcd.o                       176
    stm32f4xx_hal_rcc.o                     1 248
    stm32f4xx_hal_spi.o                       554
    stm32f4xx_hal_tim.o                     1 638
    stm32f4xx_hal_tim_ex.o                    214
    stm32f4xx_hal_timebase_TIM.o              128                60
    stm32f4xx_hal_uart.o                    1 306
    stm32f4xx_it.o                            140
    stm32f4xx_ll_usb.o                        536
    system_stm32f4xx.o                         96        9        4
    tasks.o                                 1 356               300
    ---------------------------------------------------------------
    Total:                                 25 910      146   20 672

command line: [2]
    ---------------------------------------------------------------
    Total:

dl7M_tlf.a: [3]
    exit.o                                      4
    low_level_init.o                            4
    ---------------------------------------------------------------
    Total:                                      8

m7M_tls.a: [4]
    DblAdd.o                                  376
    DblCmpEq.o                                 32
    DblCmpGe.o                                 46
    DblCmpLe.o                                 46
    DblDiv.o                                  582
    DblMul.o                                  418
    DblSub.o                                  226
    DblToFlt.o                                104
    FltToDbl.o                                 72
    S32ToDbl.o                                 34
    U32ToDbl.o                                 26
    acos64.o                                  196
    cos_sin32.o                               476
    fpinit_M.o                                 34
    iar_Atan64.o                              520
    math_wrappers64.o                          18
    sqrt.o                                    258
    ---------------------------------------------------------------
    Total:                                  3 464

rt7M_tl.a: [5]
    ABImemcpy.o                               166
    I64DivMod.o                               558
    I64DivZer.o                                 2
    cexit.o                                    10
    cmain.o                                    30
    cstartup_M.o                               12
    data_init.o                                40
    packbits_init_single.o                     56
    zero_init3.o                               64
    ---------------------------------------------------------------
    Total:                                    938

shb_l.a: [6]
    exit.o                                     20
    ---------------------------------------------------------------
    Total:                                     20

    Gaps                                       36        4
    Linker created                                      32    1 024
-------------------------------------------------------------------
    Grand Total:                           30 376      182   21 696


*******************************************************************************
*** ENTRY LIST
***

Entry                      Address    Size  Type      Object
-----                      -------    ----  ----      ------
.iar.init_table$$Base   0x080075bc           --   Gb  - Linker created -
.iar.init_table$$Limit  0x080075dc           --   Gb  - Linker created -
?main                   0x080075dd          Code  Gb  cmain.o [5]
ADC_Buf                 0x20004dd4    0x18  Data  Lc  main.o [1]
ADC_DMAConvCplt         0x08004bc5    0x5a  Code  Lc  stm32f4xx_hal_adc.o [1]
ADC_DMAError            0x08004c29    0x12  Code  Lc  stm32f4xx_hal_adc.o [1]
ADC_DMAHalfConvCplt     0x08004c21     0x6  Code  Lc  stm32f4xx_hal_adc.o [1]
ADC_Init                0x08004ab1    0xf4  Code  Lc  stm32f4xx_hal_adc.o [1]
ADC_Values              0x20004dec    0x18  Data  Lc  main.o [1]
AHBPrescTable           0x080074e8    0x10  Data  Gb  system_stm32f4xx.o [1]
APBPrescTable           0x08007640     0x8  Data  Gb  system_stm32f4xx.o [1]
AccelerometerDrv        0x200050b8     0x4  Data  Lc  stm32f411e_discovery_accelerometer.o [1]
BSP_ACCELERO_GetXYZ     0x08004169    0x12  Code  Gb  stm32f411e_discovery_accelerometer.o [1]
BSP_ACCELERO_Init       0x08004141    0x28  Code  Gb  stm32f411e_discovery_accelerometer.o [1]
COMPASSACCELERO_IO_ITConfig
                        0x08006131    0x48  Code  Gb  stm32f411e_discovery.o [1]
COMPASSACCELERO_IO_Init
                        0x080060f7    0x3a  Code  Gb  stm32f411e_discovery.o [1]
COMPASSACCELERO_IO_Read
                        0x0800619b     0x2  Code  Gb  stm32f411e_discovery.o [1]
COMPASSACCELERO_IO_Write
                        0x08006199     0x2  Code  Gb  stm32f411e_discovery.o [1]
CSTACK$$Base            0x200050c8           --   Gb  - Linker created -
CSTACK$$Limit           0x200054c8           --   Gb  - Linker created -
DMA1_Stream3_IRQHandler
                        0x0800742f     0x6  Code  Gb  stm32f4xx_it.o [1]
DMA2_Stream4_IRQHandler
                        0x0800746f     0x6  Code  Gb  stm32f4xx_it.o [1]
DMA2_Stream5_IRQHandler
                        0x08007475     0x6  Code  Gb  stm32f4xx_it.o [1]
DMA_CalcBaseAndBitshift
                        0x08005cc1    0x2e  Code  Lc  stm32f4xx_hal_dma.o [1]
DMA_CalcBaseAndBitshift::flagBitshiftOffset
                        0x08005d00     0x8  Data  Lc  stm32f4xx_hal_dma.o [1]
EXTI0_IRQHandler        0x08007411     0x6  Code  Gb  stm32f4xx_it.o [1]
EXTI1_IRQHandler        0x08007417     0x6  Code  Gb  stm32f4xx_it.o [1]
EXTI2_IRQHandler        0x0800741d     0x6  Code  Gb  stm32f4xx_it.o [1]
EXTI3_IRQHandler        0x08007423     0x6  Code  Gb  stm32f4xx_it.o [1]
EXTI4_IRQHandler        0x08007429     0x6  Code  Gb  stm32f4xx_it.o [1]
EXTI9_5_IRQHandler      0x08007435    0x28  Code  Gb  stm32f4xx_it.o [1]
HAL_ADC_ConfigChannel   0x0800496d   0x144  Code  Gb  stm32f4xx_hal_adc.o [1]
HAL_ADC_ConvCpltCallback
                        0x08000199    0x28  Code  Gb  main.o [1]
HAL_ADC_Init            0x08004811    0x50  Code  Gb  stm32f4xx_hal_adc.o [1]
HAL_ADC_MspInit         0x080026dd    0xa0  Code  Gb  stm32f4xx_hal_msp.o [1]
HAL_ADC_Start_DMA       0x08004861   0x10c  Code  Gb  stm32f4xx_hal_adc.o [1]
HAL_CRC_Init            0x0800364f    0x24  Code  Gb  stm32f4xx_hal_crc.o [1]
HAL_CRC_MspInit         0x0800277d    0x2a  Code  Gb  stm32f4xx_hal_msp.o [1]
HAL_DMA_Abort_IT        0x08005af3    0x24  Code  Gb  stm32f4xx_hal_dma.o [1]
HAL_DMA_IRQHandler      0x08005b17   0x1a8  Code  Gb  stm32f4xx_hal_dma.o [1]
HAL_DMA_Init            0x08005979    0xec  Code  Gb  stm32f4xx_hal_dma.o [1]
HAL_DMA_Start_IT        0x08005a65    0x8e  Code  Gb  stm32f4xx_hal_dma.o [1]
HAL_Delay               0x08006b95    0x28  Code  Wk  stm32f4xx_hal.o [1]
HAL_GPIO_DeInit         0x08003ff9    0xf0  Code  Gb  stm32f4xx_hal_gpio.o [1]
HAL_GPIO_EXTI_Callback  0x08000c6d   0x1c4  Code  Gb  main.o [1]
HAL_GPIO_EXTI_IRQHandler
                        0x0800410b    0x10  Code  Gb  stm32f4xx_hal_gpio.o [1]
HAL_GPIO_Init           0x08003e61   0x198  Code  Gb  stm32f4xx_hal_gpio.o [1]
HAL_GPIO_ReadPin        0x080040e9     0xe  Code  Gb  stm32f4xx_hal_gpio.o [1]
HAL_GPIO_TogglePin      0x08004103     0x8  Code  Gb  stm32f4xx_hal_gpio.o [1]
HAL_GPIO_WritePin       0x080040f7     0xc  Code  Gb  stm32f4xx_hal_gpio.o [1]
HAL_GetTick             0x08005645     0xc  Code  Wk  stm32f4xx_hal.o [1]
HAL_I2C_DeInit          0x08002dcd    0x30  Code  Gb  stm32f4xx_hal_i2c.o [1]
HAL_I2C_GetState        0x08003257     0x6  Code  Gb  stm32f4xx_hal_i2c.o [1]
HAL_I2C_Init            0x08002cf5    0xd8  Code  Gb  stm32f4xx_hal_i2c.o [1]
HAL_I2C_Mem_Read        0x08002fc1   0x290  Code  Gb  stm32f4xx_hal_i2c.o [1]
HAL_I2C_Mem_Write       0x08002e21   0x182  Code  Gb  stm32f4xx_hal_i2c.o [1]
HAL_I2C_MspDeInit       0x08002871    0x54  Code  Gb  stm32f4xx_hal_msp.o [1]
HAL_I2C_MspInit         0x080027a7    0xca  Code  Gb  stm32f4xx_hal_msp.o [1]
HAL_IncTick             0x080058e9    0x10  Code  Wk  stm32f4xx_hal.o [1]
HAL_Init                0x08001e09    0x30  Code  Gb  stm32f4xx_hal.o [1]
HAL_InitTick            0x080058f9    0x6e  Code  Gb  stm32f4xx_hal_timebase_TIM.o [1]
HAL_MspInit             0x0800264d    0x90  Code  Gb  stm32f4xx_hal_msp.o [1]
HAL_NVIC_EnableIRQ      0x08001ea9     0xa  Code  Gb  stm32f4xx_hal_cortex.o [1]
HAL_NVIC_SetPriority    0x08001e57    0x52  Code  Gb  stm32f4xx_hal_cortex.o [1]
HAL_NVIC_SetPriorityGrouping
                        0x08001e3d    0x1a  Code  Gb  stm32f4xx_hal_cortex.o [1]
HAL_PCD_Init            0x08003b89    0xb0  Code  Gb  stm32f4xx_hal_pcd.o [1]
HAL_PCD_MspInit         0x08002c03    0x50  Code  Gb  stm32f4xx_hal_msp.o [1]
HAL_RCC_ClockConfig     0x0800462d   0x110  Code  Gb  stm32f4xx_hal_rcc.o [1]
HAL_RCC_GetClockConfig  0x08004767    0x38  Code  Gb  stm32f4xx_hal_rcc.o [1]
HAL_RCC_GetHCLKFreq     0x0800473d     0x6  Code  Gb  stm32f4xx_hal_rcc.o [1]
HAL_RCC_GetPCLK1Freq    0x08004743    0x10  Code  Gb  stm32f4xx_hal_rcc.o [1]
HAL_RCC_GetPCLK2Freq    0x08004753     0xe  Code  Gb  stm32f4xx_hal_rcc.o [1]
HAL_RCC_OscConfig       0x08004331   0x2fc  Code  Wk  stm32f4xx_hal_rcc.o [1]
HAL_SPI_Init            0x08003c39    0x7e  Code  Gb  stm32f4xx_hal_spi.o [1]
HAL_SPI_MspInit         0x080028c5    0xb4  Code  Gb  stm32f4xx_hal_msp.o [1]
HAL_SPI_Transmit_DMA    0x08003cb7    0xac  Code  Gb  stm32f4xx_hal_spi.o [1]
HAL_SPI_TxCpltCallback  0x0800565b     0xa  Code  Gb  WS2812_Lib.o [1]
HAL_SYSTICK_CLKSourceConfig
                        0x08001edf    0x1a  Code  Gb  stm32f4xx_hal_cortex.o [1]
HAL_SYSTICK_Config      0x08001ebd    0x22  Code  Gb  stm32f4xx_hal_cortex.o [1]
HAL_TIMEx_BreakCallback
                        0x08005d0d     0x2  Code  Wk  stm32f4xx_hal_tim_ex.o [1]
HAL_TIMEx_CommutationCallback
                        0x08005d11     0x2  Code  Wk  stm32f4xx_hal_tim_ex.o [1]
HAL_TIMEx_ConfigBreakDeadTime
                        0x080025ef    0x5c  Code  Gb  stm32f4xx_hal_tim_ex.o [1]
HAL_TIMEx_MasterConfigSynchronization
                        0x080025a3    0x4c  Code  Gb  stm32f4xx_hal_tim_ex.o [1]
HAL_TIMEx_PWMN_Start    0x08002579     0xc  Code  Gb  stm32f4xx_hal_tim_ex.o [1]
HAL_TIM_Base_Init       0x08001f19    0x1e  Code  Gb  stm32f4xx_hal_tim.o [1]
HAL_TIM_Base_MspInit    0x08002aaf    0x26  Code  Gb  stm32f4xx_hal_msp.o [1]
HAL_TIM_Base_Start      0x08001f37    0x12  Code  Gb  stm32f4xx_hal_tim.o [1]
HAL_TIM_Base_Start_IT   0x08001f49    0x16  Code  Gb  stm32f4xx_hal_tim.o [1]
HAL_TIM_ErrorCallback   0x08005665     0x2  Code  Gb  WS2812_Lib.o [1]
HAL_TIM_IRQHandler      0x08002139   0x14a  Code  Gb  stm32f4xx_hal_tim.o [1]
HAL_TIM_MspPostInit     0x08002ad5    0xd8  Code  Gb  stm32f4xx_hal_msp.o [1]
HAL_TIM_PWM_ConfigChannel
                        0x08002283    0xd0  Code  Gb  stm32f4xx_hal_tim.o [1]
HAL_TIM_PWM_Init        0x08001f8f    0x1e  Code  Gb  stm32f4xx_hal_tim.o [1]
HAL_TIM_PWM_MspInit     0x08002979   0x136  Code  Gb  stm32f4xx_hal_msp.o [1]
HAL_TIM_PWM_PulseFinishedCallback
                        0x08005651     0xa  Code  Gb  WS2812_Lib.o [1]
HAL_TIM_PWM_Start       0x08001fad     0x2  Code  Gb  stm32f4xx_hal_tim.o [1]
HAL_TIM_PWM_Start_DMA   0x0800201d   0x10a  Code  Gb  stm32f4xx_hal_tim.o [1]
HAL_TIM_PeriodElapsedCallback
                        0x08001da1     0xe  Code  Gb  main.o [1]
HAL_UART_IRQHandler     0x0800372d   0x158  Code  Gb  stm32f4xx_hal_uart.o [1]
HAL_UART_Init           0x08003675    0x44  Code  Gb  stm32f4xx_hal_uart.o [1]
HAL_UART_MspInit        0x08002bad    0x56  Code  Gb  stm32f4xx_hal_msp.o [1]
HAL_UART_Receive_IT     0x080036d3    0x46  Code  Gb  stm32f4xx_hal_uart.o [1]
I2C_RequestMemoryRead   0x08003377   0x1e0  Code  Lc  stm32f4xx_hal_i2c.o [1]
I2C_RequestMemoryWrite  0x08003269   0x10e  Code  Lc  stm32f4xx_hal_i2c.o [1]
I2C_WaitOnBTFFlagUntilTimeout
                        0x08003591    0x34  Code  Lc  stm32f4xx_hal_i2c.o [1]
I2C_WaitOnRXNEFlagUntilTimeout
                        0x080035f5    0x5a  Code  Lc  stm32f4xx_hal_i2c.o [1]
I2C_WaitOnTXEFlagUntilTimeout
                        0x0800355d    0x34  Code  Lc  stm32f4xx_hal_i2c.o [1]
I2Cx_Init               0x08005fdd    0xb4  Code  Lc  stm32f411e_discovery.o [1]
I2Cx_ReadData           0x080060bf    0x38  Code  Lc  stm32f411e_discovery.o [1]
I2Cx_WriteData          0x08006091    0x2e  Code  Lc  stm32f411e_discovery.o [1]
I2cHandle               0x20000130    0x54  Data  Lc  stm32f411e_discovery.o [1]
I2cxTimeout             0x20000184     0x4  Data  Gb  stm32f411e_discovery.o [1]
LSM303DLHC_AccClickITEnable
                        0x0800738d    0x40  Code  Gb  lsm303dlhc.o [1]
LSM303DLHC_AccFilterClickCmd
                        0x08007355    0x10  Code  Gb  lsm303dlhc.o [1]
LSM303DLHC_AccFilterCmd
                        0x08007201    0x12  Code  Gb  lsm303dlhc.o [1]
LSM303DLHC_AccFilterConfig
                        0x080071d5    0x2c  Code  Gb  lsm303dlhc.o [1]
LSM303DLHC_AccFilterConfig::tmpreg
                        0x200050c1     0x1  Data  Lc  lsm303dlhc.o [1]
LSM303DLHC_AccIT1Enable
                        0x08007375    0x18  Code  Gb  lsm303dlhc.o [1]
LSM303DLHC_AccInit      0x08007189    0x24  Code  Gb  lsm303dlhc.o [1]
LSM303DLHC_AccInit::ctrl1
                        0x200050bf     0x1  Data  Lc  lsm303dlhc.o [1]
LSM303DLHC_AccInit::ctrl4
                        0x200050c0     0x1  Data  Lc  lsm303dlhc.o [1]
LSM303DLHC_AccReadID    0x080071ad    0x12  Code  Gb  lsm303dlhc.o [1]
LSM303DLHC_AccReadXYZ   0x08007215   0x12c  Code  Gb  lsm303dlhc.o [1]
LSM303DLHC_AccReadXYZ::ctrlx
                        0x200050bc     0x2  Data  Lc  lsm303dlhc.o [1]
LSM303DLHC_AccReadXYZ::sensitivity
                        0x200050be     0x1  Data  Lc  lsm303dlhc.o [1]
LSM303DLHC_AccRebootCmd
                        0x080071bf    0x16  Code  Gb  lsm303dlhc.o [1]
LSM303DLHC_AccZClickITConfig
                        0x080073cd    0x1a  Code  Gb  lsm303dlhc.o [1]
LSM303DLHC_MagReadXYZ   0x080041a1   0x122  Code  Gb  stm32f411e_discovery_accelerometer.o [1]
LSM303DLHC_MagReadXYZ::buffer
                        0x200050b0     0x8  Data  Lc  stm32f411e_discovery_accelerometer.o [1]
Lsm303dlhcDrv           0x20000000    0x2c  Data  Gb  lsm303dlhc.o [1]
MAGNET_Init             0x0800417b    0x1e  Code  Gb  stm32f411e_discovery_accelerometer.o [1]
MX_ADC1_Init            0x08000901    0xc2  Code  Lc  main.o [1]
MX_GPIO_Init            0x08000a73   0x1fa  Code  Lc  main.o [1]
MX_TIM1_Init            0x080009c3    0xb0  Code  Lc  main.o [1]
PendSV_Handler          0x08006e11          Code  Gb  portasm.o [1]
Region$$Table$$Base     0x080075bc           --   Gb  - Linker created -
Region$$Table$$Limit    0x080075dc           --   Gb  - Linker created -
SPI_DMAError            0x08003e2d    0x1e  Code  Lc  stm32f4xx_hal_spi.o [1]
SPI_DMAHalfTransmitCplt
                        0x08003e25     0x6  Code  Lc  stm32f4xx_hal_spi.o [1]
SPI_DMATransmitCplt     0x08003d65    0xbe  Code  Lc  stm32f4xx_hal_spi.o [1]
SVC_Handler             0x08006e69          Code  Gb  portasm.o [1]
StartCommTask           0x08001cb5    0x7c  Code  Gb  main.o [1]
StartControlTask        0x08001cab     0xa  Code  Gb  main.o [1]
StartDefaultTask        0x08000fd1     0xa  Code  Gb  main.o [1]
StartIdleTask           0x08001d31    0x18  Code  Gb  main.o [1]
StartLedTask            0x08001d51    0x50  Code  Gb  main.o [1]
StartSensorTask         0x08000fdd   0xcce  Code  Gb  main.o [1]
SysTick_Handler         0x0800740d     0x4  Code  Gb  stm32f4xx_it.o [1]
SystemClock_Config      0x08000855    0xac  Code  Gb  main.o [1]
SystemCoreClock         0x20000194     0x4  Data  Gb  system_stm32f4xx.o [1]
SystemInit              0x08007499    0x3a  Code  Gb  system_stm32f4xx.o [1]
TIM1_TRG_COM_TIM11_IRQHandler
                        0x0800745d    0x12  Code  Gb  stm32f4xx_it.o [1]
TIM_Base_SetConfig      0x0800235d    0x7a  Code  Gb  stm32f4xx_hal_tim.o [1]
TIM_DMADelayPulseCplt   0x08002429    0x3a  Code  Gb  stm32f4xx_hal_tim.o [1]
TIM_DMAError            0x08002465     0xc  Code  Gb  stm32f4xx_hal_tim.o [1]
TIM_OC1_SetConfig       0x08002477    0x4c  Code  Lc  stm32f4xx_hal_tim.o [1]
TIM_OC2_SetConfig       0x080023d7    0x50  Code  Gb  stm32f4xx_hal_tim.o [1]
TIM_OC3_SetConfig       0x080024c3    0x4c  Code  Lc  stm32f4xx_hal_tim.o [1]
TIM_OC4_SetConfig       0x08002515    0x42  Code  Lc  stm32f4xx_hal_tim.o [1]
UART_DMAAbortOnError    0x080038a1     0xc  Code  Lc  stm32f4xx_hal_uart.o [1]
UART_EndRxTransfer      0x08003885    0x1c  Code  Lc  stm32f4xx_hal_uart.o [1]
UART_Receive_IT         0x080038ad    0x8c  Code  Lc  stm32f4xx_hal_uart.o [1]
UART_SetConfig          0x08003939   0x23e  Code  Lc  stm32f4xx_hal_uart.o [1]
USART6_IRQHandler       0x0800747b     0x6  Code  Gb  stm32f4xx_it.o [1]
USB_CoreInit            0x08005d19    0x6e  Code  Gb  stm32f4xx_ll_usb.o [1]
USB_CoreReset           0x08005ef9    0x28  Code  Lc  stm32f4xx_ll_usb.o [1]
USB_DevDisconnect       0x08005ee1     0xc  Code  Gb  stm32f4xx_ll_usb.o [1]
USB_DevInit             0x08005db9   0x128  Code  Gb  stm32f4xx_ll_usb.o [1]
USB_DisableGlobalInt    0x08005d87     0x6  Code  Gb  stm32f4xx_ll_usb.o [1]
USB_SetCurrentMode      0x08005d93    0x26  Code  Gb  stm32f4xx_ll_usb.o [1]
WS2812_LED_BUF_CH1      0x20005078    0x30  Data  Gb  WS2812_Lib.o [1]
WS2812_One_RGB          0x0800582b    0x3a  Code  Gb  WS2812_Lib.o [1]
WS2812_Rotate_Left      0x08005877    0x58  Code  Gb  WS2812_Lib.o [1]
WS2812_SPI_BUF          0x2000442c   0x510  Data  Gb  WS2812_Lib.o [1]
WS2812_TIM_BUF          0x2000493c   0x360  Data  Gb  WS2812_Lib.o [1]
_Error_Handler          0x08001df9     0x2  Code  Gb  main.o [1]
__aeabi_cdcmpeq         0x08007139          Code  Gb  DblCmpEq.o [4]
__aeabi_cdcmple         0x08006ebd          Code  Gb  DblCmpLe.o [4]
__aeabi_cdrcmple        0x08007159          Code  Gb  DblCmpGe.o [4]
__aeabi_d2f             0x08005071          Code  Gb  DblToFlt.o [4]
__aeabi_dadd            0x080052c9          Code  Gb  DblAdd.o [4]
__aeabi_ddiv            0x08004e29          Code  Gb  DblDiv.o [4]
__aeabi_dmul            0x08004c85          Code  Gb  DblMul.o [4]
__aeabi_dsub            0x08005561          Code  Gb  DblSub.o [4]
__aeabi_f2d             0x08004c3d          Code  Gb  FltToDbl.o [4]
__aeabi_i2d             0x080073e9          Code  Gb  S32ToDbl.o [4]
__aeabi_ldiv0           0x08006eb9          Code  Gb  I64DivZer.o [5]
__aeabi_memcpy          0x08005f31          Code  Gb  ABImemcpy.o [5]
__aeabi_memcpy4         0x08005f51          Code  Gb  ABImemcpy.o [5]
__aeabi_memcpy8         0x08005f51          Code  Gb  ABImemcpy.o [5]
__aeabi_ui2d            0x08005441          Code  Gb  U32ToDbl.o [4]
__aeabi_uldivmod        0x0800689d          Code  Gb  I64DivMod.o [5]
__cmain                 0x080075dd          Code  Gb  cmain.o [5]
__exit                  0x08007611    0x14  Code  Gb  exit.o [6]
__iar_Atan64            0x08006f31   0x170  Code  Gb  iar_Atan64.o [4]
__iar_Sin32             0x080050d9   0x198  Code  Lc  cos_sin32.o [4]
__iar_acos64            0x08006ad1    0xc4  Code  Gb  acos64.o [4]
__iar_cos32             0x080052b1     0x4  Code  Gb  cos_sin32.o [4]
__iar_cos_medium32      0x080052b1     0x4  Code  Gb  cos_sin32.o [4]
__iar_cos_mediumf       0x080052b1     0x4  Code  Gb  cos_sin32.o [4]
__iar_dadd              0x08005571          Code  Gb  DblSub.o [4]
__iar_data_init3        0x08007571    0x28  Code  Gb  data_init.o [5]
__iar_dsub              0x080052d9          Code  Gb  DblAdd.o [4]
__iar_dsubStart         0x080052eb          Code  Gb  DblAdd.o [4]
__iar_init_vfp          0x08007599          Code  Gb  fpinit_M.o [4]
__iar_packbits_init_single3
                        0x08007539    0x38  Code  Gb  packbits_init_single.o [5]
__iar_program_start     0x08007635          Code  Gb  cstartup_M.o [5]
__iar_sqrt64            0x0800546d          Code  Gb  sqrt.o [4]
__iar_systems$$module {Abs}
                        0x00000001          Data  Gb  command line/config [2]
__iar_vfp___iar_sqrt64  0x0800545d          Code  Gb  sqrt.o [4]
__iar_vfp_acos          0x080052bb     0xc  Code  Gb  math_wrappers64.o [4]
__iar_vfp_sqrt          0x0800545d          Code  Gb  sqrt.o [4]
__iar_vfp_sqrtl         0x0800545d          Code  Gb  sqrt.o [4]
__iar_zero_init3        0x080074f9    0x40  Code  Gb  zero_init3.o [5]
__low_level_init        0x080075fb     0x4  Code  Gb  low_level_init.o [3]
__vector_table          0x08000000          Data  Gb  startup_stm32f411xe.o [1]
_call_main              0x080075e9          Code  Gb  cmain.o [5]
_exit                   0x08007605          Code  Gb  cexit.o [5]
_main                   0x080075f7          Code  Gb  cmain.o [5]
a                       0x080070f8    0x40  Data  Lc  iar_Atan64.o [4]
accX                    0x20000084     0x4  Data  Lc  main.o [1]
accXFiltered            0x20000090     0x4  Data  Lc  main.o [1]
accY                    0x20000088     0x4  Data  Lc  main.o [1]
accYFiltered            0x20000094     0x4  Data  Lc  main.o [1]
accZ                    0x2000008c     0x4  Data  Lc  main.o [1]
accZFiltered            0x20000098     0x4  Data  Lc  main.o [1]
acos                    0x08006ad1    0xc4  Code  Gb  acos64.o [4]
acosl                   0x08006ad1    0xc4  Code  Gb  acos64.o [4]
batteryVoltage1         0x2000005c     0x4  Data  Lc  main.o [1]
batteryVoltage2         0x20000060     0x4  Data  Lc  main.o [1]
calcBuf                 0x08005763    0x96  Code  Gb  WS2812_Lib.o [1]
calculateLRSpeeds       0x08000e59    0xf8  Code  Gb  main.o [1]
commTaskHandle          0x20004420     0x4  Data  Gb  main.o [1]
compassX                0x2000009c     0x4  Data  Lc  main.o [1]
compassY                0x200000a0     0x4  Data  Lc  main.o [1]
compassZ                0x200000a4     0x4  Data  Lc  main.o [1]
controlTaskHandle       0x2000441c     0x4  Data  Gb  main.o [1]
cosf                    0x080052b1     0x4  Code  Gb  cos_sin32.o [4]
defaultTaskHandle       0x20004414     0x4  Data  Gb  main.o [1]
dma_ready               0x20000198     0x1  Data  Gb  WS2812_Lib.o [1]
encoderSignalsPerRound  0x20000046     0x2  Data  Lc  main.o [1]
exit                    0x080075ff     0x4  Code  Gb  exit.o [3]
fCosPitch               0x20000080     0x4  Data  Lc  main.o [1]
fCosRoll                0x20000078     0x4  Data  Lc  main.o [1]
fNormAcc                0x20000070     0x4  Data  Lc  main.o [1]
fSinPitch               0x2000007c     0x4  Data  Lc  main.o [1]
fSinRoll                0x20000074     0x4  Data  Lc  main.o [1]
fill_buffer             0x08005667    0x78  Code  Gb  WS2812_Lib.o [1]
fill_spi_buffer_bit     0x080056df    0x22  Code  Gb  WS2812_Lib.o [1]
hadc1                   0x20004fb8    0x48  Data  Gb  main.o [1]
hcrc                    0x2000440c     0x8  Data  Gb  main.o [1]
hdma_adc1               0x20004e44    0x60  Data  Gb  main.o [1]
hdma_spi5_tx            0x20004ea4    0x60  Data  Gb  main.o [1]
hdma_tim4_ch2           0x20004f04    0x60  Data  Gb  main.o [1]
hi2c1                   0x200041fc    0x54  Data  Gb  main.o [1]
hi2c3                   0x20004250    0x54  Data  Gb  main.o [1]
hpcd_USB_OTG_FS         0x20003db4   0x3f0  Data  Gb  main.o [1]
hspi5                   0x200041a4    0x58  Data  Gb  main.o [1]
htim1                   0x20005000    0x3c  Data  Gb  main.o [1]
htim10                  0x200043d0    0x3c  Data  Gb  main.o [1]
htim11                  0x2000503c    0x3c  Data  Gb  stm32f4xx_hal_timebase_TIM.o [1]
htim2                   0x200042a4    0x3c  Data  Gb  main.o [1]
htim3                   0x200042e0    0x3c  Data  Gb  main.o [1]
htim4                   0x2000431c    0x3c  Data  Gb  main.o [1]
htim5                   0x20004358    0x3c  Data  Gb  main.o [1]
htim9                   0x20004394    0x3c  Data  Gb  main.o [1]
huart6                  0x20004f68    0x40  Data  Gb  main.o [1]
idleTaskHandle          0x20004424     0x4  Data  Gb  main.o [1]
internalCounter         0x20000064     0x4  Data  Lc  main.o [1]
ledTaskHandle           0x20004428     0x4  Data  Gb  main.o [1]
main                    0x080001c1   0x61c  Code  Gb  main.o [1]
mot1Cntr                0x20004dc8     0x2  Data  Lc  main.o [1]
mot1CntrPrev            0x20000032     0x2  Data  Lc  main.o [1]
mot1Dir                 0x2000002c     0x1  Data  Lc  main.o [1]
mot2Cntr                0x20004dca     0x2  Data  Lc  main.o [1]
mot2CntrPrev            0x20000034     0x2  Data  Lc  main.o [1]
mot2Dir                 0x2000002d     0x1  Data  Lc  main.o [1]
mot3Cntr                0x20004dcc     0x2  Data  Lc  main.o [1]
mot3CntrPrev            0x20000036     0x2  Data  Lc  main.o [1]
mot3Dir                 0x2000002e     0x1  Data  Lc  main.o [1]
mot4Cntr                0x20004dce     0x2  Data  Lc  main.o [1]
mot4CntrPrev            0x20000038     0x2  Data  Lc  main.o [1]
mot4Dir                 0x2000002f     0x1  Data  Lc  main.o [1]
mot5Cntr                0x20004dd0     0x2  Data  Lc  main.o [1]
mot5CntrPrev            0x2000003a     0x2  Data  Lc  main.o [1]
mot5Dir                 0x20000030     0x1  Data  Lc  main.o [1]
mot6Cntr                0x20004dd2     0x2  Data  Lc  main.o [1]
mot6CntrPrev            0x2000003c     0x2  Data  Lc  main.o [1]
mot6Dir                 0x20000031     0x1  Data  Lc  main.o [1]
osDelay                 0x0800430f     0xe  Code  Gb  cmsis_os.o [1]
osKernelStart           0x080042d5     0xa  Code  Gb  cmsis_os.o [1]
osSystickHandler        0x0800431d    0x14  Code  Gb  cmsis_os.o [1]
osThreadCreate          0x080042df    0x30  Code  Gb  cmsis_os.o [1]
pitch                   0x2000006c     0x4  Data  Lc  main.o [1]
prvAddCurrentTaskToDelayedList
                        0x08006675    0x64  Code  Lc  tasks.o [1]
prvAddNewTaskToReadyList
                        0x0800625f    0xe4  Code  Lc  tasks.o [1]
prvIdleTask             0x080065c1    0x6c  Code  Lc  tasks.o [1]
prvInsertBlockIntoFreeList
                        0x08006d33    0x48  Code  Lc  heap_4.o [1]
prvResetNextTaskUnblockTime
                        0x0800662d    0x1c  Code  Lc  tasks.o [1]
prvTaskExitError        0x08006711    0x28  Code  Lc  port.o [1]
pvPortMalloc            0x08006bbd   0x11e  Code  Gb  heap_4.o [1]
pxCurrentTCB            0x20004cc4     0x4  Data  Gb  tasks.o [1]
pxDelayedTaskList       0x20004cc8     0x4  Data  Lc  tasks.o [1]
pxEnd                   0x200001a4     0x4  Data  Lc  heap_4.o [1]
pxOverflowDelayedTaskList
                        0x20004ccc     0x4  Data  Lc  tasks.o [1]
pxPortInitialiseStack   0x080066e9    0x26  Code  Gb  port.o [1]
pxReadyTasksLists       0x20004d3c    0x8c  Data  Lc  tasks.o [1]
receiveBuffer           0x20004f64     0x4  Data  Lc  main.o [1]
referenceAngle          0x20004fb4     0x4  Data  Lc  main.o [1]
referenceSpeed          0x20004fb0     0x4  Data  Lc  main.o [1]
referenceSpeedLeft      0x200050a8     0x4  Data  Lc  main.o [1]
referenceSpeedRight     0x200050ac     0x4  Data  Lc  main.o [1]
roll                    0x20000068     0x4  Data  Lc  main.o [1]
sen1AnalogValue         0x2000003e     0x2  Data  Lc  main.o [1]
sen1Cntr                0x20004e04     0x4  Data  Lc  main.o [1]
sen1Distance            0x2000004c     0x4  Data  Lc  main.o [1]
sen1End                 0x20004e0c     0x4  Data  Lc  main.o [1]
sen1Length              0x20004e10     0x4  Data  Lc  main.o [1]
sen1Start               0x20004e08     0x4  Data  Lc  main.o [1]
sen2AnalogValue         0x20000040     0x2  Data  Lc  main.o [1]
sen2Cntr                0x20004e14     0x4  Data  Lc  main.o [1]
sen2Distance            0x20000050     0x4  Data  Lc  main.o [1]
sen2End                 0x20004e1c     0x4  Data  Lc  main.o [1]
sen2Length              0x20004e20     0x4  Data  Lc  main.o [1]
sen2Start               0x20004e18     0x4  Data  Lc  main.o [1]
sen3AnalogValue         0x20000042     0x2  Data  Lc  main.o [1]
sen3Cntr                0x20004e24     0x4  Data  Lc  main.o [1]
sen3Distance            0x20000054     0x4  Data  Lc  main.o [1]
sen3End                 0x20004e2c     0x4  Data  Lc  main.o [1]
sen3Length              0x20004e30     0x4  Data  Lc  main.o [1]
sen3Start               0x20004e28     0x4  Data  Lc  main.o [1]
sen4AnalogValue         0x20000044     0x2  Data  Lc  main.o [1]
sen4Cntr                0x20004e34     0x4  Data  Lc  main.o [1]
sen4Distance            0x20000058     0x4  Data  Lc  main.o [1]
sen4End                 0x20004e3c     0x4  Data  Lc  main.o [1]
sen4Length              0x20004e40     0x4  Data  Lc  main.o [1]
sen4Start               0x20004e38     0x4  Data  Lc  main.o [1]
sensorTaskHandle        0x20004418     0x4  Data  Gb  main.o [1]
speedSensingTaskCycle_ms
                        0x20000048     0x2  Data  Lc  main.o [1]
spi_dma_ready           0x20000199     0x1  Data  Gb  WS2812_Lib.o [1]
spi_fill_buffer         0x08005701    0x62  Code  Gb  WS2812_Lib.o [1]
sqrt                    0x0800546d          Code  Gb  sqrt.o [4]
sqrtl                   0x0800546d          Code  Gb  sqrt.o [4]
startDMA                0x080057f9    0x32  Code  Gb  WS2812_Lib.o [1]
timeOutGuard            0x20004fac     0x4  Data  Lc  main.o [1]
timeStamp               0x20004fa8     0x4  Data  Lc  main.o [1]
ucHeap                  0x200001b4  0x3c00  Data  Lc  heap_4.o [1]
ucMaxSysCallPriority    0x20000124     0x1  Data  Lc  port.o [1]
ulMaxPRIGROUPValue      0x2000012c     0x4  Data  Lc  port.o [1]
uwTick                  0x2000018c     0x4  Data  Gb  stm32f4xx_hal.o [1]
uwTickFreq              0x20000188     0x1  Data  Gb  stm32f4xx_hal.o [1]
uwTickPrio              0x20000190     0x4  Data  Gb  stm32f4xx_hal.o [1]
uxCriticalNesting       0x20000128     0x4  Data  Lc  port.o [1]
uxCurrentNumberOfTasks  0x20004ce8     0x4  Data  Lc  tasks.o [1]
uxDeletedTasksWaitingCleanUp
                        0x20004cd0     0x4  Data  Lc  tasks.o [1]
uxListRemove            0x08006ded    0x24  Code  Gb  list.o [1]
uxPendedTicks           0x20004cf8     0x4  Data  Lc  tasks.o [1]
uxSchedulerSuspended    0x20004d0c     0x4  Data  Lc  tasks.o [1]
uxTaskNumber            0x20004d04     0x4  Data  Lc  tasks.o [1]
uxTopReadyPriority      0x20004cf0     0x4  Data  Lc  tasks.o [1]
vListInitialise         0x08006d81    0x1a  Code  Gb  list.o [1]
vListInitialiseItem     0x08006d9b     0x6  Code  Gb  list.o [1]
vListInsert             0x08006db9    0x34  Code  Gb  list.o [1]
vListInsertEnd          0x08006da1    0x18  Code  Gb  list.o [1]
vPortEnableVFP          0x08006e9d          Code  Gb  portasm.o [1]
vPortEnterCritical      0x080067dd    0x32  Code  Gb  port.o [1]
vPortExitCritical       0x0800680f    0x22  Code  Gb  port.o [1]
vPortFree               0x08006cdb    0x58  Code  Gb  heap_4.o [1]
vPortStartFirstTask     0x08006e85          Code  Gb  portasm.o [1]
vTaskDelay              0x08006343    0x42  Code  Gb  tasks.o [1]
vTaskStartScheduler     0x08006385    0x62  Code  Gb  tasks.o [1]
vTaskSuspendAll         0x080063e7     0xc  Code  Gb  tasks.o [1]
vTaskSwitchContext      0x08006565    0x5a  Code  Gb  tasks.o [1]
wheelL1Angle_deg        0x200000d8     0x4  Data  Lc  main.o [1]
wheelL1FiltVelocity_mps
                        0x200000f4     0x4  Data  Lc  main.o [1]
wheelL1Odometer_m       0x200000a8     0x4  Data  Lc  main.o [1]
wheelL1Odometer_m_prev  0x200000ac     0x4  Data  Lc  main.o [1]
wheelL1RawVelocity_mps  0x200000f0     0x4  Data  Lc  main.o [1]
wheelL2Angle_deg        0x200000dc     0x4  Data  Lc  main.o [1]
wheelL2FiltVelocity_mps
                        0x200000fc     0x4  Data  Lc  main.o [1]
wheelL2Odometer_m       0x200000b0     0x4  Data  Lc  main.o [1]
wheelL2Odometer_m_prev  0x200000b4     0x4  Data  Lc  main.o [1]
wheelL2RawVelocity_mps  0x200000f8     0x4  Data  Lc  main.o [1]
wheelL3Angle_deg        0x200000e0     0x4  Data  Lc  main.o [1]
wheelL3FiltVelocity_mps
                        0x20000104     0x4  Data  Lc  main.o [1]
wheelL3Odometer_m       0x200000b8     0x4  Data  Lc  main.o [1]
wheelL3Odometer_m_prev  0x200000bc     0x4  Data  Lc  main.o [1]
wheelL3RawVelocity_mps  0x20000100     0x4  Data  Lc  main.o [1]
wheelR1Angle_deg        0x200000e4     0x4  Data  Lc  main.o [1]
wheelR1FiltVelocity_mps
                        0x2000010c     0x4  Data  Lc  main.o [1]
wheelR1Odometer_m       0x200000c0     0x4  Data  Lc  main.o [1]
wheelR1Odometer_m_prev  0x200000c4     0x4  Data  Lc  main.o [1]
wheelR1RawVelocity_mps  0x20000108     0x4  Data  Lc  main.o [1]
wheelR2Angle_deg        0x200000e8     0x4  Data  Lc  main.o [1]
wheelR2FiltVelocity_mps
                        0x20000114     0x4  Data  Lc  main.o [1]
wheelR2Odometer_m       0x200000c8     0x4  Data  Lc  main.o [1]
wheelR2Odometer_m_prev  0x200000cc     0x4  Data  Lc  main.o [1]
wheelR2RawVelocity_mps  0x20000110     0x4  Data  Lc  main.o [1]
wheelR3Angle_deg        0x200000ec     0x4  Data  Lc  main.o [1]
wheelR3FiltVelocity_mps
                        0x2000011c     0x4  Data  Lc  main.o [1]
wheelR3Odometer_m       0x200000d0     0x4  Data  Lc  main.o [1]
wheelR3Odometer_m_prev  0x200000d4     0x4  Data  Lc  main.o [1]
wheelR3RawVelocity_mps  0x20000118     0x4  Data  Lc  main.o [1]
wheelSize_m             0x20000120     0x4  Data  Lc  main.o [1]
xBlockAllocatedBit      0x200001b0     0x4  Data  Lc  heap_4.o [1]
xDelayedTaskList1       0x20004d10    0x14  Data  Lc  tasks.o [1]
xDelayedTaskList2       0x20004d24    0x14  Data  Lc  tasks.o [1]
xFreeBytesRemaining     0x200001a8     0x4  Data  Lc  heap_4.o [1]
xIdleTaskHandle         0x20004d38     0x4  Data  Lc  tasks.o [1]
xMinimumEverFreeBytesRemaining
                        0x200001ac     0x4  Data  Lc  heap_4.o [1]
xNextTaskUnblockTime    0x20004d08     0x4  Data  Lc  tasks.o [1]
xNumOfOverflows         0x20004d00     0x4  Data  Lc  tasks.o [1]
xPendingReadyList       0x20004c9c    0x14  Data  Lc  tasks.o [1]
xPortStartScheduler     0x08006739    0xa4  Code  Gb  port.o [1]
xPortSysTickHandler     0x08006831    0x26  Code  Gb  port.o [1]
xSchedulerRunning       0x20004cf4     0x4  Data  Lc  tasks.o [1]
xStart                  0x2000019c     0x8  Data  Lc  heap_4.o [1]
xSuspendedTaskList      0x20004cd4    0x14  Data  Lc  tasks.o [1]
xTaskCreate             0x0800619d    0xc2  Code  Gb  tasks.o [1]
xTaskGetSchedulerState  0x08006649    0x18  Code  Gb  tasks.o [1]
xTaskIncrementTick      0x0800649f    0xc6  Code  Gb  tasks.o [1]
xTaskResumeAll          0x080063f3    0xac  Code  Gb  tasks.o [1]
xTasksWaitingTermination
                        0x20004cb0    0x14  Data  Lc  tasks.o [1]
xTickCount              0x20004cec     0x4  Data  Lc  tasks.o [1]
xYieldPending           0x20004cfc     0x4  Data  Lc  tasks.o [1]


[1] = C:\GIT\RevvyDemoKit\STM32F411\EWARM\RevvyDemo\Obj
[2] = command line
[3] = dl7M_tlf.a
[4] = m7M_tls.a
[5] = rt7M_tl.a
[6] = shb_l.a

  30 376 bytes of readonly  code memory
     182 bytes of readonly  data memory
  21 696 bytes of readwrite data memory

Errors: none
Warnings: none
