###############################################################################
#
# IAR ELF Linker V8.20.1.14183/W32 for ARM                26/Nov/2018  21:04:11
# Copyright 2007-2017 IAR Systems AB.
#
#    Output file  =  
#        C:\GIT\RevvyDemoKit\STM32F411\EWARM\RevvyDemo\Exe\RevvyDemo.out
#    Map file     =  
#        C:\GIT\RevvyDemoKit\STM32F411\EWARM\RevvyDemo\List\RevvyDemo.map
#    Command line =  
#        -f C:\Users\david\AppData\Local\Temp\EW35F5.tmp
#        (C:\GIT\RevvyDemoKit\STM32F411\EWARM\RevvyDemo\Obj\cmsis_os.o
#        C:\GIT\RevvyDemoKit\STM32F411\EWARM\RevvyDemo\Obj\croutine.o
#        C:\GIT\RevvyDemoKit\STM32F411\EWARM\RevvyDemo\Obj\event_groups.o
#        C:\GIT\RevvyDemoKit\STM32F411\EWARM\RevvyDemo\Obj\freertos.o
#        C:\GIT\RevvyDemoKit\STM32F411\EWARM\RevvyDemo\Obj\heap_4.o
#        C:\GIT\RevvyDemoKit\STM32F411\EWARM\RevvyDemo\Obj\list.o
#        C:\GIT\RevvyDemoKit\STM32F411\EWARM\RevvyDemo\Obj\lsm303dlhc.o
#        C:\GIT\RevvyDemoKit\STM32F411\EWARM\RevvyDemo\Obj\main.o
#        C:\GIT\RevvyDemoKit\STM32F411\EWARM\RevvyDemo\Obj\port.o
#        C:\GIT\RevvyDemoKit\STM32F411\EWARM\RevvyDemo\Obj\portasm.o
#        C:\GIT\RevvyDemoKit\STM32F411\EWARM\RevvyDemo\Obj\queue.o
#        C:\GIT\RevvyDemoKit\STM32F411\EWARM\RevvyDemo\Obj\startup_stm32f411xe.o
#        C:\GIT\RevvyDemoKit\STM32F411\EWARM\RevvyDemo\Obj\stm32f411e_discovery.o
#        C:\GIT\RevvyDemoKit\STM32F411\EWARM\RevvyDemo\Obj\stm32f411e_discovery_accelerometer.o
#        C:\GIT\RevvyDemoKit\STM32F411\EWARM\RevvyDemo\Obj\stm32f4xx_hal.o
#        C:\GIT\RevvyDemoKit\STM32F411\EWARM\RevvyDemo\Obj\stm32f4xx_hal_adc.o
#        C:\GIT\RevvyDemoKit\STM32F411\EWARM\RevvyDemo\Obj\stm32f4xx_hal_adc_ex.o
#        C:\GIT\RevvyDemoKit\STM32F411\EWARM\RevvyDemo\Obj\stm32f4xx_hal_cortex.o
#        C:\GIT\RevvyDemoKit\STM32F411\EWARM\RevvyDemo\Obj\stm32f4xx_hal_crc.o
#        C:\GIT\RevvyDemoKit\STM32F411\EWARM\RevvyDemo\Obj\stm32f4xx_hal_dma.o
#        C:\GIT\RevvyDemoKit\STM32F411\EWARM\RevvyDemo\Obj\stm32f4xx_hal_dma_ex.o
#        C:\GIT\RevvyDemoKit\STM32F411\EWARM\RevvyDemo\Obj\stm32f4xx_hal_flash.o
#        C:\GIT\RevvyDemoKit\STM32F411\EWARM\RevvyDemo\Obj\stm32f4xx_hal_flash_ex.o
#        C:\GIT\RevvyDemoKit\STM32F411\EWARM\RevvyDemo\Obj\stm32f4xx_hal_flash_ramfunc.o
#        C:\GIT\RevvyDemoKit\STM32F411\EWARM\RevvyDemo\Obj\stm32f4xx_hal_gpio.o
#        C:\GIT\RevvyDemoKit\STM32F411\EWARM\RevvyDemo\Obj\stm32f4xx_hal_i2c.o
#        C:\GIT\RevvyDemoKit\STM32F411\EWARM\RevvyDemo\Obj\stm32f4xx_hal_i2c_ex.o
#        C:\GIT\RevvyDemoKit\STM32F411\EWARM\RevvyDemo\Obj\stm32f4xx_hal_msp.o
#        C:\GIT\RevvyDemoKit\STM32F411\EWARM\RevvyDemo\Obj\stm32f4xx_hal_pwr.o
#        C:\GIT\RevvyDemoKit\STM32F411\EWARM\RevvyDemo\Obj\stm32f4xx_hal_pwr_ex.o
#        C:\GIT\RevvyDemoKit\STM32F411\EWARM\RevvyDemo\Obj\stm32f4xx_hal_rcc.o
#        C:\GIT\RevvyDemoKit\STM32F411\EWARM\RevvyDemo\Obj\stm32f4xx_hal_rcc_ex.o
#        C:\GIT\RevvyDemoKit\STM32F411\EWARM\RevvyDemo\Obj\stm32f4xx_hal_spi.o
#        C:\GIT\RevvyDemoKit\STM32F411\EWARM\RevvyDemo\Obj\stm32f4xx_hal_tim.o
#        C:\GIT\RevvyDemoKit\STM32F411\EWARM\RevvyDemo\Obj\stm32f4xx_hal_tim_ex.o
#        C:\GIT\RevvyDemoKit\STM32F411\EWARM\RevvyDemo\Obj\stm32f4xx_hal_timebase_tim.o
#        C:\GIT\RevvyDemoKit\STM32F411\EWARM\RevvyDemo\Obj\stm32f4xx_hal_uart.o
#        C:\GIT\RevvyDemoKit\STM32F411\EWARM\RevvyDemo\Obj\stm32f4xx_it.o
#        C:\GIT\RevvyDemoKit\STM32F411\EWARM\RevvyDemo\Obj\system_stm32f4xx.o
#        C:\GIT\RevvyDemoKit\STM32F411\EWARM\RevvyDemo\Obj\tasks.o
#        C:\GIT\RevvyDemoKit\STM32F411\EWARM\RevvyDemo\Obj\timers.o
#        C:\GIT\RevvyDemoKit\STM32F411\EWARM\RevvyDemo\Obj\WS2812_Lib.o
#        --redirect _Printf=_PrintfFull --redirect _Scanf=_ScanfFull -o
#        C:\GIT\RevvyDemoKit\STM32F411\EWARM\RevvyDemo\Exe\RevvyDemo.out --map
#        C:\GIT\RevvyDemoKit\STM32F411\EWARM\RevvyDemo\List\RevvyDemo.map
#        --config C:\GIT\RevvyDemoKit\STM32F411\EWARM/stm32f411xe_flash.icf
#        --semihosting --entry __iar_program_start --vfe --text_out locale)
#
###############################################################################

*******************************************************************************
*** RUNTIME MODEL ATTRIBUTES
***

CppFlavor       = *
__SystemLibrary = DLib
__dlib_version  = 6


*******************************************************************************
*** HEAP SELECTION
***

The basic heap was selected because no calls to memory allocation
functions were found in the application outside of system library
functions, and there are calls to deallocation functions in the
application.


*******************************************************************************
*** PLACEMENT SUMMARY
***

"A0":  place at 0x08000000 { ro section .intvec };
"P1":  place in [from 0x08000000 to 0x0807ffff] { ro };
define block CSTACK with size = 1K, alignment = 8 { };
define block HEAP with size = 512, alignment = 8 { };
"P2":  place in [from 0x20000000 to 0x2001ffff] {
          rw, block CSTACK, block HEAP };
initialize by copy { rw };

  Section            Kind        Address    Size  Object
  -------            ----        -------    ----  ------
"A0":                                      0x198
  .intvec            ro code  0x08000000   0x198  startup_stm32f411xe.o [1]
                            - 0x08000198   0x198

"P1":                                     0x7111
  .text              ro code  0x08000198  0x1d14  main.o [1]
  .text              ro code  0x08001eac    0x34  stm32f4xx_hal.o [1]
  .text              ro code  0x08001ee0    0x94  stm32f4xx_hal_cortex.o [1]
  .text              ro code  0x08001f74   0x4fc  stm32f4xx_hal_tim.o [1]
  .text              ro code  0x08002470    0xd2  stm32f4xx_hal_tim_ex.o [1]
  .text              ro code  0x08002544   0x714  stm32f4xx_hal_msp.o [1]
  .text              ro code  0x08002c58   0x95a  stm32f4xx_hal_i2c.o [1]
  .text              ro code  0x080035b2    0x24  stm32f4xx_hal_crc.o [1]
  .text              ro code  0x080035d8   0x514  stm32f4xx_hal_uart.o [1]
  .text              ro code  0x08003aec   0x226  stm32f4xx_hal_spi.o [1]
  .text              ro code  0x08003d14   0x2e0  stm32f4xx_hal_gpio.o [1]
  .text              ro code  0x08003ff4   0x194  stm32f411e_discovery_accelerometer.o [1]
  .text              ro code  0x08004188    0x48  cmsis_os.o [1]
  .text              ro code  0x080041d0     0x6  ABImemclr4.o [5]
  .text              ro code  0x080041d8   0x2fc  stm32f4xx_hal_rcc.o [1]
  .text              ro code  0x080044d4   0x1dc  stm32f4xx_hal_rcc.o [1]
  .text              ro code  0x080046b0   0x42a  stm32f4xx_hal_adc.o [1]
  .text              ro code  0x08004adc    0x48  FltToDbl.o [4]
  .text              ro code  0x08004b24   0x1a2  DblMul.o [4]
  .text              ro code  0x08004cc8   0x246  DblDiv.o [4]
  .text              ro code  0x08004f10    0x68  DblToFlt.o [4]
  .text              ro code  0x08004f78   0x1dc  cos_sin32.o [4]
  .text              ro code  0x08005154    0x12  math_wrappers64.o [4]
  .text              ro code  0x08005168   0x178  DblAdd.o [4]
  .text              ro code  0x080052e0    0x1a  U32ToDbl.o [4]
  .text              ro code  0x080052fc   0x102  sqrt.o [4]
  .text              ro code  0x08005400    0xe2  DblSub.o [4]
  .text              ro code  0x080054e4     0xc  stm32f4xx_hal.o [1]
  .text              ro code  0x080054f0   0x168  WS2812_Lib.o [1]
  .text              ro code  0x08005658    0x10  stm32f4xx_hal.o [1]
  .text              ro code  0x08005668    0x80  stm32f4xx_hal_timebase_tim.o [1]
  .text              ro code  0x080056e8     0x2  stm32f4xx_hal_tim.o [1]
  .text              ro code  0x080056ea     0x2  stm32f4xx_hal_tim.o [1]
  .text              ro code  0x080056ec     0x2  stm32f4xx_hal_tim.o [1]
  .text              ro code  0x080056ee     0x2  stm32f4xx_hal_tim_ex.o [1]
  .text              ro code  0x080056f0     0x2  stm32f4xx_hal_tim.o [1]
  .text              ro code  0x080056f2     0x2  stm32f4xx_hal_tim_ex.o [1]
  .text              ro code  0x080056f4   0x390  stm32f4xx_hal_dma.o [1]
  .text              ro code  0x08005a84     0x2  stm32f4xx_hal_uart.o [1]
  .text              ro code  0x08005a86     0x2  stm32f4xx_hal_uart.o [1]
  .text              ro code  0x08005a88     0x2  stm32f4xx_hal_uart.o [1]
  .text              ro code  0x08005a8a     0x2  stm32f4xx_hal_spi.o [1]
  .text              ro code  0x08005a8c     0x2  stm32f4xx_hal_spi.o [1]
  .text              ro code  0x08005a90   0x1c0  stm32f411e_discovery.o [1]
  .text              ro code  0x08005c50   0x534  tasks.o [1]
  .text              ro code  0x08006184    0x32  ABImemset48.o [5]
  .text              ro code  0x080061b8   0x22e  I64DivMod.o [5]
  .text              ro code  0x080063e6     0x2  stm32f4xx_hal_adc.o [1]
  .text              ro code  0x080063e8     0x2  stm32f4xx_hal_adc.o [1]
  .text              ro code  0x080063ec    0xc4  acos64.o [4]
  .text              ro code  0x080064b0    0xa6  ABImemcpy.o [5]
  .text              ro code  0x08006558   0x1c4  heap_4.o [1]
  .text              ro code  0x0800671c    0x90  list.o [1]
  .text              ro code  0x080067ac   0x1b4  port.o [1]
  .text              ro code  0x08006960     0x2  I64DivZer.o [5]
  .text              ro code  0x08006964    0x2e  DblCmpLe.o [4]
  .rodata            const    0x08006994    0x44  main.o [1]
  .text              ro code  0x080069d8   0x208  iar_Atan64.o [4]
  CODE               ro code  0x08006be0    0xa8  portasm.o [1]
  .text              ro code  0x08006c88    0x20  DblCmpEq.o [4]
  .text              ro code  0x08006ca8    0x2e  DblCmpGe.o [4]
  .text              ro code  0x08006cd8   0x25e  lsm303dlhc.o [1]
  .text              ro code  0x08006f38    0x22  S32ToDbl.o [4]
  .text              ro code  0x08006f5c    0x88  stm32f4xx_it.o [1]
  .text              ro code  0x08006fe4    0x60  system_stm32f4xx.o [1]
  .text              ro code  0x08007044    0x40  zero_init3.o [5]
  .text              ro code  0x08007084    0x38  packbits_init_single.o [5]
  .text              ro code  0x080070bc    0x28  data_init.o [5]
  .text              ro code  0x080070e4    0x22  fpinit_M.o [4]
  .iar.init_table    const    0x08007108    0x20  - Linker created -
  .text              ro code  0x08007128    0x1e  cmain.o [5]
  .text              ro code  0x08007146     0x4  low_level_init.o [3]
  .text              ro code  0x0800714a     0x4  exit.o [3]
  .text              ro code  0x08007150     0xa  cexit.o [5]
  .text              ro code  0x0800715c    0x14  exit.o [6]
  .text              ro code  0x08007170    0x10  startup_stm32f411xe.o [1]
  .text              ro code  0x08007180     0xc  cstartup_M.o [5]
  .rodata            const    0x0800718c     0x8  system_stm32f4xx.o [1]
  .text              ro code  0x08007194     0x4  startup_stm32f411xe.o [1]
  .text              ro code  0x08007198     0x4  startup_stm32f411xe.o [1]
  .text              ro code  0x0800719c     0x4  startup_stm32f411xe.o [1]
  .text              ro code  0x080071a0     0x4  startup_stm32f411xe.o [1]
  .text              ro code  0x080071a4     0x4  startup_stm32f411xe.o [1]
  .text              ro code  0x080071a8     0x4  startup_stm32f411xe.o [1]
  .text              ro code  0x080071ac     0x4  startup_stm32f411xe.o [1]
  .text              ro code  0x080071b0     0x4  startup_stm32f411xe.o [1]
  .text              ro code  0x080071b4     0x4  startup_stm32f411xe.o [1]
  .text              ro code  0x080071b8     0x4  startup_stm32f411xe.o [1]
  .text              ro code  0x080071bc     0x4  startup_stm32f411xe.o [1]
  .text              ro code  0x080071c0     0x4  startup_stm32f411xe.o [1]
  .text              ro code  0x080071c4     0x4  startup_stm32f411xe.o [1]
  .text              ro code  0x080071c8     0x4  startup_stm32f411xe.o [1]
  .text              ro code  0x080071cc     0x4  startup_stm32f411xe.o [1]
  .text              ro code  0x080071d0     0x4  startup_stm32f411xe.o [1]
  .text              ro code  0x080071d4     0x4  startup_stm32f411xe.o [1]
  .text              ro code  0x080071d8     0x4  startup_stm32f411xe.o [1]
  .text              ro code  0x080071dc     0x4  startup_stm32f411xe.o [1]
  .text              ro code  0x080071e0     0x4  startup_stm32f411xe.o [1]
  .text              ro code  0x080071e4     0x4  startup_stm32f411xe.o [1]
  .text              ro code  0x080071e8     0x4  startup_stm32f411xe.o [1]
  .text              ro code  0x080071ec     0x4  startup_stm32f411xe.o [1]
  .text              ro code  0x080071f0     0x4  startup_stm32f411xe.o [1]
  .text              ro code  0x080071f4     0x4  startup_stm32f411xe.o [1]
  .text              ro code  0x080071f8     0x4  startup_stm32f411xe.o [1]
  .text              ro code  0x080071fc     0x4  startup_stm32f411xe.o [1]
  .text              ro code  0x08007200     0x4  startup_stm32f411xe.o [1]
  .text              ro code  0x08007204     0x4  startup_stm32f411xe.o [1]
  .text              ro code  0x08007208     0x4  startup_stm32f411xe.o [1]
  .text              ro code  0x0800720c     0x4  startup_stm32f411xe.o [1]
  .text              ro code  0x08007210     0x4  startup_stm32f411xe.o [1]
  .text              ro code  0x08007214     0x4  startup_stm32f411xe.o [1]
  .text              ro code  0x08007218     0x4  startup_stm32f411xe.o [1]
  .text              ro code  0x0800721c     0x4  startup_stm32f411xe.o [1]
  .text              ro code  0x08007220     0x4  startup_stm32f411xe.o [1]
  .text              ro code  0x08007224     0x4  startup_stm32f411xe.o [1]
  .text              ro code  0x08007228     0x4  startup_stm32f411xe.o [1]
  .text              ro code  0x0800722c     0x4  startup_stm32f411xe.o [1]
  .text              ro code  0x08007230     0x4  startup_stm32f411xe.o [1]
  .text              ro code  0x08007234     0x4  startup_stm32f411xe.o [1]
  .text              ro code  0x08007238     0x4  startup_stm32f411xe.o [1]
  .text              ro code  0x0800723c     0x4  startup_stm32f411xe.o [1]
  .text              ro code  0x08007240     0x4  startup_stm32f411xe.o [1]
  .text              ro code  0x08007244     0x4  startup_stm32f411xe.o [1]
  .text              ro code  0x08007248     0x4  startup_stm32f411xe.o [1]
  .text              ro code  0x0800724c     0x4  startup_stm32f411xe.o [1]
  .text              ro code  0x08007250     0x4  startup_stm32f411xe.o [1]
  .text              ro code  0x08007254     0x4  startup_stm32f411xe.o [1]
  .text              ro code  0x08007258     0x4  startup_stm32f411xe.o [1]
  .text              ro code  0x0800725c     0x4  startup_stm32f411xe.o [1]
  .text              ro code  0x08007260     0x4  startup_stm32f411xe.o [1]
  .rodata            const    0x08007264     0x0  zero_init3.o [5]
  .rodata            const    0x08007264     0x0  packbits_init_single.o [5]
  Initializer bytes  const    0x08007264    0x45  <for P2-1>
                            - 0x080072a9  0x7111

"P2", part 1 of 3:                         0x199
  P2-1                        0x20000000   0x199  <Init block>
    .data            inited   0x20000000    0x2c  lsm303dlhc.o [1]
    .data            inited   0x2000002c    0xf8  main.o [1]
    .data            inited   0x20000124     0xc  port.o [1]
    .data            inited   0x20000130    0x58  stm32f411e_discovery.o [1]
    .data            inited   0x20000188     0xc  stm32f4xx_hal.o [1]
    .data            inited   0x20000194     0x4  system_stm32f4xx.o [1]
    .data            inited   0x20000198     0x1  WS2812_Lib.o [1]
                            - 0x20000199   0x199

"P2", part 2 of 3:                        0x436c
  .bss               zero     0x2000019c  0x3c18  heap_4.o [1]
  .bss               zero     0x20003db4   0x288  main.o [1]
  .bss               zero     0x2000403c    0xa4  WS2812_Lib.o [1]
  .bss               zero     0x200040e0    0xa0  tasks.o [1]
  .bss               zero     0x20004180    0x8c  tasks.o [1]
  .bss               zero     0x2000420c    0x7c  main.o [1]
  .bss               zero     0x20004288    0x60  main.o [1]
  .bss               zero     0x200042e8    0x60  main.o [1]
  .bss               zero     0x20004348    0x60  main.o [1]
  .bss               zero     0x200043a8    0x54  main.o [1]
  .bss               zero     0x200043fc    0x48  main.o [1]
  .bss               zero     0x20004444    0x3c  main.o [1]
  .bss               zero     0x20004480    0x3c  stm32f4xx_hal_timebase_tim.o [1]
  .bss               zero     0x200044bc    0x30  WS2812_Lib.o [1]
  .bss               zero     0x200044ec     0x8  main.o [1]
  .bss               zero     0x200044f4     0x8  stm32f411e_discovery_accelerometer.o [1]
  .bss               zero     0x200044fc     0x4  stm32f411e_discovery_accelerometer.o [1]
  .bss               zero     0x20004500     0x3  lsm303dlhc.o [1]
  .bss               zero     0x20004503     0x2  lsm303dlhc.o [1]
  .bss               zero     0x20004505     0x1  lsm303dlhc.o [1]
                            - 0x20004506  0x436a

"P2", part 3 of 3:                         0x400
  CSTACK                      0x20004508   0x400  <Block>
    CSTACK           uninit   0x20004508   0x400  <Block tail>
                            - 0x20004908   0x400


*******************************************************************************
*** INIT TABLE
***

          Address     Size
          -------     ----
Zero (__iar_zero_init3)
    1 destination range, total size 0x436a:
          0x2000019c  0x436a

Copy/packbits (__iar_packbits_init_single3)
    1 source range, total size 0x45 (16% of destination):
          0x08007264    0x45
    1 destination range, total size 0x199:
          0x20000000   0x199



*******************************************************************************
*** MODULE SUMMARY
***

    Module                                ro code  ro data  rw data
    ------                                -------  -------  -------
C:\GIT\RevvyDemoKit\STM32F411\EWARM\RevvyDemo\Obj: [1]
    WS2812_Lib.o                              360        1      213
    cmsis_os.o                                 72
    heap_4.o                                  452            15 384
    list.o                                    144
    lsm303dlhc.o                              606        7       50
    main.o                                  7 444      110    1 532
    port.o                                    436        2       12
    portasm.o                                 168
    startup_stm32f411xe.o                     632
    stm32f411e_discovery.o                    448       15       88
    stm32f411e_discovery_accelerometer.o      404                12
    stm32f4xx_hal.o                            80        2       12
    stm32f4xx_hal_adc.o                     1 070
    stm32f4xx_hal_cortex.o                    148
    stm32f4xx_hal_crc.o                        36
    stm32f4xx_hal_dma.o                       912
    stm32f4xx_hal_gpio.o                      736
    stm32f4xx_hal_i2c.o                     2 394
    stm32f4xx_hal_msp.o                     1 812
    stm32f4xx_hal_rcc.o                     1 240
    stm32f4xx_hal_spi.o                       554
    stm32f4xx_hal_tim.o                     1 284
    stm32f4xx_hal_tim_ex.o                    214
    stm32f4xx_hal_timebase_tim.o              128                60
    stm32f4xx_hal_uart.o                    1 306
    stm32f4xx_it.o                            136
    system_stm32f4xx.o                         96        8        4
    tasks.o                                 1 332               300
    ---------------------------------------------------------------
    Total:                                 24 644      145   17 667

command line: [2]
    ---------------------------------------------------------------
    Total:

dl7M_tlf.a: [3]
    exit.o                                      4
    low_level_init.o                            4
    ---------------------------------------------------------------
    Total:                                      8

m7M_tls.a: [4]
    DblAdd.o                                  376
    DblCmpEq.o                                 32
    DblCmpGe.o                                 46
    DblCmpLe.o                                 46
    DblDiv.o                                  582
    DblMul.o                                  418
    DblSub.o                                  226
    DblToFlt.o                                104
    FltToDbl.o                                 72
    S32ToDbl.o                                 34
    U32ToDbl.o                                 26
    acos64.o                                  196
    cos_sin32.o                               476
    fpinit_M.o                                 34
    iar_Atan64.o                              520
    math_wrappers64.o                          18
    sqrt.o                                    258
    ---------------------------------------------------------------
    Total:                                  3 464

rt7M_tl.a: [5]
    ABImemclr4.o                                6
    ABImemcpy.o                               166
    ABImemset48.o                              50
    I64DivMod.o                               558
    I64DivZer.o                                 2
    cexit.o                                    10
    cmain.o                                    30
    cstartup_M.o                               12
    data_init.o                                40
    packbits_init_single.o                     56
    zero_init3.o                               64
    ---------------------------------------------------------------
    Total:                                    994

shb_l.a: [6]
    exit.o                                     20
    ---------------------------------------------------------------
    Total:                                     20

    Gaps                                       42        4
    Linker created                                      32    1 024
-------------------------------------------------------------------
    Grand Total:                           29 172      181   18 691


*******************************************************************************
*** ENTRY LIST
***

Entry                      Address    Size  Type      Object
-----                      -------    ----  ----      ------
.iar.init_table$$Base   0x08007108           --   Gb  - Linker created -
.iar.init_table$$Limit  0x08007128           --   Gb  - Linker created -
?main                   0x08007129          Code  Gb  cmain.o [5]
ADC_Buf                 0x20004218    0x18  Data  Lc  main.o [1]
ADC_DMAConvCplt         0x08004a65    0x5a  Code  Lc  stm32f4xx_hal_adc.o [1]
ADC_DMAError            0x08004ac9    0x12  Code  Lc  stm32f4xx_hal_adc.o [1]
ADC_DMAHalfConvCplt     0x08004ac1     0x6  Code  Lc  stm32f4xx_hal_adc.o [1]
ADC_Init                0x08004951    0xf4  Code  Lc  stm32f4xx_hal_adc.o [1]
ADC_Values              0x20004230    0x18  Data  Lc  main.o [1]
AHBPrescTable           0x08007034    0x10  Data  Gb  system_stm32f4xx.o [1]
APBPrescTable           0x0800718c     0x8  Data  Gb  system_stm32f4xx.o [1]
AccelerometerDrv        0x200044fc     0x4  Data  Lc  stm32f411e_discovery_accelerometer.o [1]
BSP_ACCELERO_GetXYZ     0x0800401d    0x12  Code  Gb  stm32f411e_discovery_accelerometer.o [1]
BSP_ACCELERO_Init       0x08003ff5    0x28  Code  Gb  stm32f411e_discovery_accelerometer.o [1]
COMPASSACCELERO_IO_ITConfig
                        0x08005be5    0x48  Code  Gb  stm32f411e_discovery.o [1]
COMPASSACCELERO_IO_Init
                        0x08005bab    0x3a  Code  Gb  stm32f411e_discovery.o [1]
COMPASSACCELERO_IO_Read
                        0x08005c4f     0x2  Code  Gb  stm32f411e_discovery.o [1]
COMPASSACCELERO_IO_Write
                        0x08005c4d     0x2  Code  Gb  stm32f411e_discovery.o [1]
CSTACK$$Base            0x20004508           --   Gb  - Linker created -
CSTACK$$Limit           0x20004908           --   Gb  - Linker created -
DMA1_Stream3_IRQHandler
                        0x08006f7b     0x6  Code  Gb  stm32f4xx_it.o [1]
DMA2_Stream4_IRQHandler
                        0x08006fbb     0x6  Code  Gb  stm32f4xx_it.o [1]
DMA2_Stream5_IRQHandler
                        0x08006fc1     0x6  Code  Gb  stm32f4xx_it.o [1]
DMA_CalcBaseAndBitshift
                        0x08005a3d    0x2e  Code  Lc  stm32f4xx_hal_dma.o [1]
DMA_CalcBaseAndBitshift::flagBitshiftOffset
                        0x08005a7c     0x8  Data  Lc  stm32f4xx_hal_dma.o [1]
EXTI0_IRQHandler        0x08006f5d     0x6  Code  Gb  stm32f4xx_it.o [1]
EXTI1_IRQHandler        0x08006f63     0x6  Code  Gb  stm32f4xx_it.o [1]
EXTI2_IRQHandler        0x08006f69     0x6  Code  Gb  stm32f4xx_it.o [1]
EXTI3_IRQHandler        0x08006f6f     0x6  Code  Gb  stm32f4xx_it.o [1]
EXTI4_IRQHandler        0x08006f75     0x6  Code  Gb  stm32f4xx_it.o [1]
EXTI9_5_IRQHandler      0x08006f81    0x28  Code  Gb  stm32f4xx_it.o [1]
Error_Handler           0x08001e9d     0x2  Code  Gb  main.o [1]
HAL_ADC_ConfigChannel   0x0800480d   0x144  Code  Gb  stm32f4xx_hal_adc.o [1]
HAL_ADC_ConvCpltCallback
                        0x08000199    0x28  Code  Gb  main.o [1]
HAL_ADC_Init            0x080046b1    0x50  Code  Gb  stm32f4xx_hal_adc.o [1]
HAL_ADC_MspInit         0x08002583    0xce  Code  Gb  stm32f4xx_hal_msp.o [1]
HAL_ADC_Start_DMA       0x08004701   0x10c  Code  Gb  stm32f4xx_hal_adc.o [1]
HAL_CRC_Init            0x080035b3    0x24  Code  Gb  stm32f4xx_hal_crc.o [1]
HAL_CRC_MspInit         0x08002651    0x2a  Code  Gb  stm32f4xx_hal_msp.o [1]
HAL_DMA_Abort_IT        0x0800586f    0x24  Code  Gb  stm32f4xx_hal_dma.o [1]
HAL_DMA_IRQHandler      0x08005893   0x1a8  Code  Gb  stm32f4xx_hal_dma.o [1]
HAL_DMA_Init            0x080056f5    0xec  Code  Gb  stm32f4xx_hal_dma.o [1]
HAL_DMA_Start_IT        0x080057e1    0x8e  Code  Gb  stm32f4xx_hal_dma.o [1]
HAL_GPIO_DeInit         0x08003ead    0xf0  Code  Gb  stm32f4xx_hal_gpio.o [1]
HAL_GPIO_EXTI_Callback  0x08000ce5   0x1c4  Code  Gb  main.o [1]
HAL_GPIO_EXTI_IRQHandler
                        0x08003fbf    0x10  Code  Gb  stm32f4xx_hal_gpio.o [1]
HAL_GPIO_Init           0x08003d15   0x198  Code  Gb  stm32f4xx_hal_gpio.o [1]
HAL_GPIO_ReadPin        0x08003f9d     0xe  Code  Gb  stm32f4xx_hal_gpio.o [1]
HAL_GPIO_TogglePin      0x08003fb7     0x8  Code  Gb  stm32f4xx_hal_gpio.o [1]
HAL_GPIO_WritePin       0x08003fab     0xc  Code  Gb  stm32f4xx_hal_gpio.o [1]
HAL_GetTick             0x080054e5     0xc  Code  Wk  stm32f4xx_hal.o [1]
HAL_I2C_DeInit          0x08002d31    0x30  Code  Gb  stm32f4xx_hal_i2c.o [1]
HAL_I2C_GetState        0x080031bb     0x6  Code  Gb  stm32f4xx_hal_i2c.o [1]
HAL_I2C_Init            0x08002c59    0xd8  Code  Gb  stm32f4xx_hal_i2c.o [1]
HAL_I2C_Mem_Read        0x08002f25   0x290  Code  Gb  stm32f4xx_hal_i2c.o [1]
HAL_I2C_Mem_Write       0x08002d85   0x182  Code  Gb  stm32f4xx_hal_i2c.o [1]
HAL_I2C_MspDeInit       0x0800278b    0x54  Code  Gb  stm32f4xx_hal_msp.o [1]
HAL_I2C_MspInit         0x0800267b   0x110  Code  Gb  stm32f4xx_hal_msp.o [1]
HAL_IncTick             0x08005659    0x10  Code  Wk  stm32f4xx_hal.o [1]
HAL_Init                0x08001ead    0x30  Code  Gb  stm32f4xx_hal.o [1]
HAL_InitTick            0x08005669    0x6e  Code  Gb  stm32f4xx_hal_timebase_tim.o [1]
HAL_MspInit             0x08002545    0x3e  Code  Gb  stm32f4xx_hal_msp.o [1]
HAL_NVIC_EnableIRQ      0x08001f4d     0xa  Code  Gb  stm32f4xx_hal_cortex.o [1]
HAL_NVIC_SetPriority    0x08001efb    0x52  Code  Gb  stm32f4xx_hal_cortex.o [1]
HAL_NVIC_SetPriorityGrouping
                        0x08001ee1    0x1a  Code  Gb  stm32f4xx_hal_cortex.o [1]
HAL_RCC_ClockConfig     0x080044d5   0x110  Code  Gb  stm32f4xx_hal_rcc.o [1]
HAL_RCC_GetClockConfig  0x08004609    0x38  Code  Gb  stm32f4xx_hal_rcc.o [1]
HAL_RCC_GetPCLK1Freq    0x080045e5    0x10  Code  Gb  stm32f4xx_hal_rcc.o [1]
HAL_RCC_GetPCLK2Freq    0x080045f5     0xe  Code  Gb  stm32f4xx_hal_rcc.o [1]
HAL_RCC_OscConfig       0x080041d9   0x2fc  Code  Wk  stm32f4xx_hal_rcc.o [1]
HAL_SPI_Init            0x08003aed    0x7e  Code  Gb  stm32f4xx_hal_spi.o [1]
HAL_SPI_MspInit         0x080027df    0xe0  Code  Gb  stm32f4xx_hal_msp.o [1]
HAL_SPI_Transmit_DMA    0x08003b6b    0xac  Code  Gb  stm32f4xx_hal_spi.o [1]
HAL_SPI_TxCpltCallback  0x080054f1     0xa  Code  Gb  WS2812_Lib.o [1]
HAL_TIMEx_BreakCallback
                        0x080056ef     0x2  Code  Wk  stm32f4xx_hal_tim_ex.o [1]
HAL_TIMEx_CommutationCallback
                        0x080056f3     0x2  Code  Wk  stm32f4xx_hal_tim_ex.o [1]
HAL_TIMEx_ConfigBreakDeadTime
                        0x080024e7    0x5c  Code  Gb  stm32f4xx_hal_tim_ex.o [1]
HAL_TIMEx_MasterConfigSynchronization
                        0x0800249b    0x4c  Code  Gb  stm32f4xx_hal_tim_ex.o [1]
HAL_TIMEx_PWMN_Start    0x08002471     0xc  Code  Gb  stm32f4xx_hal_tim_ex.o [1]
HAL_TIM_Base_Init       0x08001f75    0x1e  Code  Gb  stm32f4xx_hal_tim.o [1]
HAL_TIM_Base_MspInit    0x080029f1    0x26  Code  Gb  stm32f4xx_hal_msp.o [1]
HAL_TIM_Base_Start      0x08001f93    0x12  Code  Gb  stm32f4xx_hal_tim.o [1]
HAL_TIM_Base_Start_IT   0x08001fa5    0x16  Code  Gb  stm32f4xx_hal_tim.o [1]
HAL_TIM_IRQHandler      0x08002081   0x14a  Code  Gb  stm32f4xx_hal_tim.o [1]
HAL_TIM_MspPostInit     0x08002a17   0x16a  Code  Gb  stm32f4xx_hal_msp.o [1]
HAL_TIM_PWM_ConfigChannel
                        0x080021cb    0xd0  Code  Gb  stm32f4xx_hal_tim.o [1]
HAL_TIM_PWM_Init        0x08001feb    0x1e  Code  Gb  stm32f4xx_hal_tim.o [1]
HAL_TIM_PWM_MspInit     0x080028bf   0x132  Code  Gb  stm32f4xx_hal_msp.o [1]
HAL_TIM_PWM_Start       0x08002009     0x2  Code  Gb  stm32f4xx_hal_tim.o [1]
HAL_TIM_PeriodElapsedCallback
                        0x08001e45     0xe  Code  Gb  main.o [1]
HAL_UART_IRQHandler     0x08003691   0x158  Code  Gb  stm32f4xx_hal_uart.o [1]
HAL_UART_Init           0x080035d9    0x44  Code  Gb  stm32f4xx_hal_uart.o [1]
HAL_UART_MspInit        0x08002b81    0x72  Code  Gb  stm32f4xx_hal_msp.o [1]
HAL_UART_Receive_IT     0x08003637    0x46  Code  Gb  stm32f4xx_hal_uart.o [1]
I2C_RequestMemoryRead   0x080032db   0x1e0  Code  Lc  stm32f4xx_hal_i2c.o [1]
I2C_RequestMemoryWrite  0x080031cd   0x10e  Code  Lc  stm32f4xx_hal_i2c.o [1]
I2C_WaitOnBTFFlagUntilTimeout
                        0x080034f5    0x34  Code  Lc  stm32f4xx_hal_i2c.o [1]
I2C_WaitOnRXNEFlagUntilTimeout
                        0x08003559    0x5a  Code  Lc  stm32f4xx_hal_i2c.o [1]
I2C_WaitOnTXEFlagUntilTimeout
                        0x080034c1    0x34  Code  Lc  stm32f4xx_hal_i2c.o [1]
I2Cx_Init               0x08005a91    0xb4  Code  Lc  stm32f411e_discovery.o [1]
I2Cx_ReadData           0x08005b73    0x38  Code  Lc  stm32f411e_discovery.o [1]
I2Cx_WriteData          0x08005b45    0x2e  Code  Lc  stm32f411e_discovery.o [1]
I2cHandle               0x20000130    0x54  Data  Lc  stm32f411e_discovery.o [1]
I2cxTimeout             0x20000184     0x4  Data  Gb  stm32f411e_discovery.o [1]
LSM303DLHC_AccClickITEnable
                        0x08006edd    0x40  Code  Gb  lsm303dlhc.o [1]
LSM303DLHC_AccFilterClickCmd
                        0x08006ea5    0x10  Code  Gb  lsm303dlhc.o [1]
LSM303DLHC_AccFilterCmd
                        0x08006d51    0x12  Code  Gb  lsm303dlhc.o [1]
LSM303DLHC_AccFilterConfig
                        0x08006d25    0x2c  Code  Gb  lsm303dlhc.o [1]
LSM303DLHC_AccFilterConfig::tmpreg
                        0x20004505     0x1  Data  Lc  lsm303dlhc.o [1]
LSM303DLHC_AccIT1Enable
                        0x08006ec5    0x18  Code  Gb  lsm303dlhc.o [1]
LSM303DLHC_AccInit      0x08006cd9    0x24  Code  Gb  lsm303dlhc.o [1]
LSM303DLHC_AccInit::ctrl1
                        0x20004503     0x1  Data  Lc  lsm303dlhc.o [1]
LSM303DLHC_AccInit::ctrl4
                        0x20004504     0x1  Data  Lc  lsm303dlhc.o [1]
LSM303DLHC_AccReadID    0x08006cfd    0x12  Code  Gb  lsm303dlhc.o [1]
LSM303DLHC_AccReadXYZ   0x08006d65   0x12c  Code  Gb  lsm303dlhc.o [1]
LSM303DLHC_AccReadXYZ::ctrlx
                        0x20004500     0x2  Data  Lc  lsm303dlhc.o [1]
LSM303DLHC_AccReadXYZ::sensitivity
                        0x20004502     0x1  Data  Lc  lsm303dlhc.o [1]
LSM303DLHC_AccRebootCmd
                        0x08006d0f    0x16  Code  Gb  lsm303dlhc.o [1]
LSM303DLHC_AccZClickITConfig
                        0x08006f1d    0x1a  Code  Gb  lsm303dlhc.o [1]
LSM303DLHC_MagReadXYZ   0x08004055   0x122  Code  Gb  stm32f411e_discovery_accelerometer.o [1]
LSM303DLHC_MagReadXYZ::buffer
                        0x200044f4     0x8  Data  Lc  stm32f411e_discovery_accelerometer.o [1]
Lsm303dlhcDrv           0x20000000    0x2c  Data  Gb  lsm303dlhc.o [1]
MAGNET_Init             0x0800402f    0x1e  Code  Gb  stm32f411e_discovery_accelerometer.o [1]
MX_ADC1_Init            0x0800093b    0xc8  Code  Lc  main.o [1]
MX_GPIO_Init            0x08000add   0x204  Code  Lc  main.o [1]
MX_TIM1_Init            0x08000a03    0xd2  Code  Lc  main.o [1]
PendSV_Handler          0x08006be1          Code  Gb  portasm.o [1]
Region$$Table$$Base     0x08007108           --   Gb  - Linker created -
Region$$Table$$Limit    0x08007128           --   Gb  - Linker created -
SPI_DMAError            0x08003ce1    0x1e  Code  Lc  stm32f4xx_hal_spi.o [1]
SPI_DMAHalfTransmitCplt
                        0x08003cd9     0x6  Code  Lc  stm32f4xx_hal_spi.o [1]
SPI_DMATransmitCplt     0x08003c19    0xbe  Code  Lc  stm32f4xx_hal_spi.o [1]
SVC_Handler             0x08006c39          Code  Gb  portasm.o [1]
StartCommTask           0x08001d4d    0x7c  Code  Gb  main.o [1]
StartControlTask        0x08001d43     0xa  Code  Gb  main.o [1]
StartDefaultTask        0x08001041     0xa  Code  Gb  main.o [1]
StartIdleTask           0x08001dc9    0x18  Code  Gb  main.o [1]
StartLedTask            0x08001df1    0x50  Code  Gb  main.o [1]
StartSensorTask         0x0800104d   0xcf6  Code  Gb  main.o [1]
SysTick_Handler         0x080068f5    0x26  Code  Gb  port.o [1]
SystemClock_Config      0x080008a5    0x96  Code  Gb  main.o [1]
SystemCoreClock         0x20000194     0x4  Data  Gb  system_stm32f4xx.o [1]
SystemInit              0x08006fe5    0x3a  Code  Gb  system_stm32f4xx.o [1]
TIM1_TRG_COM_TIM11_IRQHandler
                        0x08006fa9    0x12  Code  Gb  stm32f4xx_it.o [1]
TIM_Base_SetConfig      0x080022a5    0x7a  Code  Gb  stm32f4xx_hal_tim.o [1]
TIM_OC1_SetConfig       0x0800236f    0x4c  Code  Lc  stm32f4xx_hal_tim.o [1]
TIM_OC2_SetConfig       0x0800231f    0x50  Code  Gb  stm32f4xx_hal_tim.o [1]
TIM_OC3_SetConfig       0x080023bb    0x4c  Code  Lc  stm32f4xx_hal_tim.o [1]
TIM_OC4_SetConfig       0x0800240d    0x42  Code  Lc  stm32f4xx_hal_tim.o [1]
UART_DMAAbortOnError    0x08003805     0xc  Code  Lc  stm32f4xx_hal_uart.o [1]
UART_EndRxTransfer      0x080037e9    0x1c  Code  Lc  stm32f4xx_hal_uart.o [1]
UART_Receive_IT         0x08003811    0x8c  Code  Lc  stm32f4xx_hal_uart.o [1]
UART_SetConfig          0x0800389d   0x23e  Code  Lc  stm32f4xx_hal_uart.o [1]
USART6_IRQHandler       0x08006fc7     0x6  Code  Gb  stm32f4xx_it.o [1]
WS2812_Internal_Shift_Left_Using
                        0x080055db    0x50  Code  Lc  WS2812_Lib.o [1]
WS2812_LED_BUF_CH1      0x200044bc    0x30  Data  Lc  WS2812_Lib.o [1]
WS2812_One_RGB          0x080055b3    0x28  Code  Gb  WS2812_Lib.o [1]
WS2812_Refresh          0x08005565    0x4e  Code  Gb  WS2812_Lib.o [1]
WS2812_Rotate_Left      0x08005631     0x4  Code  Gb  WS2812_Lib.o [1]
WS2812_SPI_BUF          0x2000403c    0xa4  Data  Lc  WS2812_Lib.o [1]
__aeabi_cdcmpeq         0x08006c89          Code  Gb  DblCmpEq.o [4]
__aeabi_cdcmple         0x08006965          Code  Gb  DblCmpLe.o [4]
__aeabi_cdrcmple        0x08006ca9          Code  Gb  DblCmpGe.o [4]
__aeabi_d2f             0x08004f11          Code  Gb  DblToFlt.o [4]
__aeabi_dadd            0x08005169          Code  Gb  DblAdd.o [4]
__aeabi_ddiv            0x08004cc9          Code  Gb  DblDiv.o [4]
__aeabi_dmul            0x08004b25          Code  Gb  DblMul.o [4]
__aeabi_dsub            0x08005401          Code  Gb  DblSub.o [4]
__aeabi_f2d             0x08004add          Code  Gb  FltToDbl.o [4]
__aeabi_i2d             0x08006f39          Code  Gb  S32ToDbl.o [4]
__aeabi_ldiv0           0x08006961          Code  Gb  I64DivZer.o [5]
__aeabi_memclr4         0x080041d1          Code  Gb  ABImemclr4.o [5]
__aeabi_memcpy          0x080064b1          Code  Gb  ABImemcpy.o [5]
__aeabi_memcpy4         0x080064d1          Code  Gb  ABImemcpy.o [5]
__aeabi_memcpy8         0x080064d1          Code  Gb  ABImemcpy.o [5]
__aeabi_ui2d            0x080052e1          Code  Gb  U32ToDbl.o [4]
__aeabi_uldivmod        0x080061b9          Code  Gb  I64DivMod.o [5]
__cmain                 0x08007129          Code  Gb  cmain.o [5]
__exit                  0x0800715d    0x14  Code  Gb  exit.o [6]
__iar_Atan64            0x080069d9   0x170  Code  Gb  iar_Atan64.o [4]
__iar_Memset4_word      0x08006185          Code  Gb  ABImemset48.o [5]
__iar_Memset8_word      0x08006185          Code  Gb  ABImemset48.o [5]
__iar_Sin32             0x08004f79   0x198  Code  Lc  cos_sin32.o [4]
__iar_acos64            0x080063ed    0xc4  Code  Gb  acos64.o [4]
__iar_cos32             0x08005151     0x4  Code  Gb  cos_sin32.o [4]
__iar_cos_medium32      0x08005151     0x4  Code  Gb  cos_sin32.o [4]
__iar_cos_mediumf       0x08005151     0x4  Code  Gb  cos_sin32.o [4]
__iar_dadd              0x08005411          Code  Gb  DblSub.o [4]
__iar_data_init3        0x080070bd    0x28  Code  Gb  data_init.o [5]
__iar_dsub              0x08005179          Code  Gb  DblAdd.o [4]
__iar_dsubStart         0x0800518b          Code  Gb  DblAdd.o [4]
__iar_init_vfp          0x080070e5          Code  Gb  fpinit_M.o [4]
__iar_packbits_init_single3
                        0x08007085    0x38  Code  Gb  packbits_init_single.o [5]
__iar_program_start     0x08007181          Code  Gb  cstartup_M.o [5]
__iar_sqrt64            0x0800530d          Code  Gb  sqrt.o [4]
__iar_systems$$module {Abs}
                        0x00000001          Data  Gb  command line/config [2]
__iar_vfp___iar_sqrt64  0x080052fd          Code  Gb  sqrt.o [4]
__iar_vfp_acos          0x0800515b     0xc  Code  Gb  math_wrappers64.o [4]
__iar_vfp_sqrt          0x080052fd          Code  Gb  sqrt.o [4]
__iar_vfp_sqrtl         0x080052fd          Code  Gb  sqrt.o [4]
__iar_zero_init3        0x08007045    0x40  Code  Gb  zero_init3.o [5]
__low_level_init        0x08007147     0x4  Code  Gb  low_level_init.o [3]
__vector_table          0x08000000          Data  Gb  startup_stm32f411xe.o [1]
_call_main              0x08007135          Code  Gb  cmain.o [5]
_exit                   0x08007151          Code  Gb  cexit.o [5]
_main                   0x08007143          Code  Gb  cmain.o [5]
a                       0x08006ba0    0x40  Data  Lc  iar_Atan64.o [4]
accX                    0x20000084     0x4  Data  Lc  main.o [1]
accXFiltered            0x20000090     0x4  Data  Lc  main.o [1]
accY                    0x20000088     0x4  Data  Lc  main.o [1]
accYFiltered            0x20000094     0x4  Data  Lc  main.o [1]
accZ                    0x2000008c     0x4  Data  Lc  main.o [1]
accZFiltered            0x20000098     0x4  Data  Lc  main.o [1]
acos                    0x080063ed    0xc4  Code  Gb  acos64.o [4]
acosl                   0x080063ed    0xc4  Code  Gb  acos64.o [4]
batteryVoltage1         0x2000005c     0x4  Data  Lc  main.o [1]
batteryVoltage2         0x20000060     0x4  Data  Lc  main.o [1]
calculateLRSpeeds       0x08000ecd    0xf8  Code  Gb  main.o [1]
commTaskHandle          0x20004030     0x4  Data  Gb  main.o [1]
compassX                0x2000009c     0x4  Data  Lc  main.o [1]
compassY                0x200000a0     0x4  Data  Lc  main.o [1]
compassZ                0x200000a4     0x4  Data  Lc  main.o [1]
controlTaskHandle       0x2000402c     0x4  Data  Gb  main.o [1]
cosf                    0x08005151     0x4  Code  Gb  cos_sin32.o [4]
defaultTaskHandle       0x20004024     0x4  Data  Gb  main.o [1]
encoderSignalsPerRound  0x20000046     0x2  Data  Lc  main.o [1]
exit                    0x0800714b     0x4  Code  Gb  exit.o [3]
fCosPitch               0x20000080     0x4  Data  Lc  main.o [1]
fCosRoll                0x20000078     0x4  Data  Lc  main.o [1]
fNormAcc                0x20000070     0x4  Data  Lc  main.o [1]
fSinPitch               0x2000007c     0x4  Data  Lc  main.o [1]
fSinRoll                0x20000074     0x4  Data  Lc  main.o [1]
hadc1                   0x200043fc    0x48  Data  Gb  main.o [1]
hcrc                    0x2000401c     0x8  Data  Gb  main.o [1]
hdma_adc1               0x20004288    0x60  Data  Gb  main.o [1]
hdma_spi5_tx            0x200042e8    0x60  Data  Gb  main.o [1]
hdma_tim4_ch2           0x20004348    0x60  Data  Gb  main.o [1]
hi2c1                   0x20003e0c    0x54  Data  Gb  main.o [1]
hi2c3                   0x20003e60    0x54  Data  Gb  main.o [1]
hspi5                   0x20003db4    0x58  Data  Gb  main.o [1]
htim1                   0x20004444    0x3c  Data  Gb  main.o [1]
htim10                  0x20003fe0    0x3c  Data  Gb  main.o [1]
htim11                  0x20004480    0x3c  Data  Gb  stm32f4xx_hal_timebase_tim.o [1]
htim2                   0x20003eb4    0x3c  Data  Gb  main.o [1]
htim3                   0x20003ef0    0x3c  Data  Gb  main.o [1]
htim4                   0x20003f2c    0x3c  Data  Gb  main.o [1]
htim5                   0x20003f68    0x3c  Data  Gb  main.o [1]
htim9                   0x20003fa4    0x3c  Data  Gb  main.o [1]
huart6                  0x200043ac    0x40  Data  Gb  main.o [1]
idleTaskHandle          0x20004034     0x4  Data  Gb  main.o [1]
internalCounter         0x20000064     0x4  Data  Lc  main.o [1]
ledTaskHandle           0x20004038     0x4  Data  Gb  main.o [1]
main                    0x080001c1   0x64c  Code  Gb  main.o [1]
mot1Cntr                0x2000420c     0x2  Data  Lc  main.o [1]
mot1CntrPrev            0x20000032     0x2  Data  Lc  main.o [1]
mot1Dir                 0x2000002c     0x1  Data  Lc  main.o [1]
mot2Cntr                0x2000420e     0x2  Data  Lc  main.o [1]
mot2CntrPrev            0x20000034     0x2  Data  Lc  main.o [1]
mot2Dir                 0x2000002d     0x1  Data  Lc  main.o [1]
mot3Cntr                0x20004210     0x2  Data  Lc  main.o [1]
mot3CntrPrev            0x20000036     0x2  Data  Lc  main.o [1]
mot3Dir                 0x2000002e     0x1  Data  Lc  main.o [1]
mot4Cntr                0x20004212     0x2  Data  Lc  main.o [1]
mot4CntrPrev            0x20000038     0x2  Data  Lc  main.o [1]
mot4Dir                 0x2000002f     0x1  Data  Lc  main.o [1]
mot5Cntr                0x20004214     0x2  Data  Lc  main.o [1]
mot5CntrPrev            0x2000003a     0x2  Data  Lc  main.o [1]
mot5Dir                 0x20000030     0x1  Data  Lc  main.o [1]
mot6Cntr                0x20004216     0x2  Data  Lc  main.o [1]
mot6CntrPrev            0x2000003c     0x2  Data  Lc  main.o [1]
mot6Dir                 0x20000031     0x1  Data  Lc  main.o [1]
osDelay                 0x080041c3     0xe  Code  Gb  cmsis_os.o [1]
osKernelStart           0x08004189     0xa  Code  Gb  cmsis_os.o [1]
osThreadCreate          0x08004193    0x30  Code  Gb  cmsis_os.o [1]
pitch                   0x2000006c     0x4  Data  Lc  main.o [1]
prvAddCurrentTaskToDelayedList
                        0x08006111    0x64  Code  Lc  tasks.o [1]
prvAddNewTaskToReadyList
                        0x08005d13    0xe4  Code  Lc  tasks.o [1]
prvIdleTask             0x08006075    0x6c  Code  Lc  tasks.o [1]
prvInsertBlockIntoFreeList
                        0x080066cf    0x48  Code  Lc  heap_4.o [1]
prvResetNextTaskUnblockTime
                        0x080060e1    0x1c  Code  Lc  tasks.o [1]
prvTaskExitError        0x080067d5    0x28  Code  Lc  port.o [1]
pvPortMalloc            0x08006559   0x11e  Code  Gb  heap_4.o [1]
pxCurrentTCB            0x20004108     0x4  Data  Gb  tasks.o [1]
pxDelayedTaskList       0x2000410c     0x4  Data  Lc  tasks.o [1]
pxEnd                   0x200001a4     0x4  Data  Lc  heap_4.o [1]
pxOverflowDelayedTaskList
                        0x20004110     0x4  Data  Lc  tasks.o [1]
pxPortInitialiseStack   0x080067ad    0x26  Code  Gb  port.o [1]
pxReadyTasksLists       0x20004180    0x8c  Data  Lc  tasks.o [1]
receiveBuffer           0x200043a8     0x4  Data  Lc  main.o [1]
referenceAngle          0x200043f8     0x4  Data  Lc  main.o [1]
referenceSpeed          0x200043f4     0x4  Data  Lc  main.o [1]
referenceSpeedLeft      0x200044ec     0x4  Data  Lc  main.o [1]
referenceSpeedRight     0x200044f0     0x4  Data  Lc  main.o [1]
roll                    0x20000068     0x4  Data  Lc  main.o [1]
sen1AnalogValue         0x2000003e     0x2  Data  Lc  main.o [1]
sen1Cntr                0x20004248     0x4  Data  Lc  main.o [1]
sen1Distance            0x2000004c     0x4  Data  Lc  main.o [1]
sen1End                 0x20004250     0x4  Data  Lc  main.o [1]
sen1Length              0x20004254     0x4  Data  Lc  main.o [1]
sen1Start               0x2000424c     0x4  Data  Lc  main.o [1]
sen2AnalogValue         0x20000040     0x2  Data  Lc  main.o [1]
sen2Cntr                0x20004258     0x4  Data  Lc  main.o [1]
sen2Distance            0x20000050     0x4  Data  Lc  main.o [1]
sen2End                 0x20004260     0x4  Data  Lc  main.o [1]
sen2Length              0x20004264     0x4  Data  Lc  main.o [1]
sen2Start               0x2000425c     0x4  Data  Lc  main.o [1]
sen3AnalogValue         0x20000042     0x2  Data  Lc  main.o [1]
sen3Cntr                0x20004268     0x4  Data  Lc  main.o [1]
sen3Distance            0x20000054     0x4  Data  Lc  main.o [1]
sen3End                 0x20004270     0x4  Data  Lc  main.o [1]
sen3Length              0x20004274     0x4  Data  Lc  main.o [1]
sen3Start               0x2000426c     0x4  Data  Lc  main.o [1]
sen4AnalogValue         0x20000044     0x2  Data  Lc  main.o [1]
sen4Cntr                0x20004278     0x4  Data  Lc  main.o [1]
sen4Distance            0x20000058     0x4  Data  Lc  main.o [1]
sen4End                 0x20004280     0x4  Data  Lc  main.o [1]
sen4Length              0x20004284     0x4  Data  Lc  main.o [1]
sen4Start               0x2000427c     0x4  Data  Lc  main.o [1]
sensorTaskHandle        0x20004028     0x4  Data  Gb  main.o [1]
speedSensingTaskCycle_ms
                        0x20000048     0x2  Data  Lc  main.o [1]
spi_dma_ready           0x20000198     0x1  Data  Lc  WS2812_Lib.o [1]
spi_set_bit::highBitPatternLUT
                        0x08005648     0x8  Data  Lc  WS2812_Lib.o [1]
spi_set_bit::lowBitPatternLUT
                        0x08005650     0x8  Data  Lc  WS2812_Lib.o [1]
spi_set_byte            0x080054fb    0x6a  Code  Gb  WS2812_Lib.o [1]
sqrt                    0x0800530d          Code  Gb  sqrt.o [4]
sqrtl                   0x0800530d          Code  Gb  sqrt.o [4]
timeOutGuard            0x200043f0     0x4  Data  Lc  main.o [1]
timeStamp               0x200043ec     0x4  Data  Lc  main.o [1]
ucHeap                  0x200001b4  0x3c00  Data  Lc  heap_4.o [1]
ucMaxSysCallPriority    0x20000124     0x1  Data  Lc  port.o [1]
ulMaxPRIGROUPValue      0x2000012c     0x4  Data  Lc  port.o [1]
uwTick                  0x2000018c     0x4  Data  Gb  stm32f4xx_hal.o [1]
uwTickFreq              0x20000188     0x1  Data  Gb  stm32f4xx_hal.o [1]
uwTickPrio              0x20000190     0x4  Data  Gb  stm32f4xx_hal.o [1]
uxCriticalNesting       0x20000128     0x4  Data  Lc  port.o [1]
uxCurrentNumberOfTasks  0x2000412c     0x4  Data  Lc  tasks.o [1]
uxDeletedTasksWaitingCleanUp
                        0x20004114     0x4  Data  Lc  tasks.o [1]
uxListRemove            0x08006789    0x24  Code  Gb  list.o [1]
uxPendedTicks           0x2000413c     0x4  Data  Lc  tasks.o [1]
uxSchedulerSuspended    0x20004150     0x4  Data  Lc  tasks.o [1]
uxTaskNumber            0x20004148     0x4  Data  Lc  tasks.o [1]
uxTopReadyPriority      0x20004134     0x4  Data  Lc  tasks.o [1]
vListInitialise         0x0800671d    0x1a  Code  Gb  list.o [1]
vListInitialiseItem     0x08006737     0x6  Code  Gb  list.o [1]
vListInsert             0x08006755    0x34  Code  Gb  list.o [1]
vListInsertEnd          0x0800673d    0x18  Code  Gb  list.o [1]
vPortEnableVFP          0x08006c6d          Code  Gb  portasm.o [1]
vPortEnterCritical      0x080068a1    0x32  Code  Gb  port.o [1]
vPortExitCritical       0x080068d3    0x22  Code  Gb  port.o [1]
vPortFree               0x08006677    0x58  Code  Gb  heap_4.o [1]
vPortStartFirstTask     0x08006c55          Code  Gb  portasm.o [1]
vTaskDelay              0x08005df7    0x42  Code  Gb  tasks.o [1]
vTaskStartScheduler     0x08005e39    0x62  Code  Gb  tasks.o [1]
vTaskSuspendAll         0x08005e9b     0xc  Code  Gb  tasks.o [1]
vTaskSwitchContext      0x08006019    0x5a  Code  Gb  tasks.o [1]
wheelL1Angle_deg        0x200000d8     0x4  Data  Lc  main.o [1]
wheelL1FiltVelocity_mps
                        0x200000f4     0x4  Data  Lc  main.o [1]
wheelL1Odometer_m       0x200000a8     0x4  Data  Lc  main.o [1]
wheelL1Odometer_m_prev  0x200000ac     0x4  Data  Lc  main.o [1]
wheelL1RawVelocity_mps  0x200000f0     0x4  Data  Lc  main.o [1]
wheelL2Angle_deg        0x200000dc     0x4  Data  Lc  main.o [1]
wheelL2FiltVelocity_mps
                        0x200000fc     0x4  Data  Lc  main.o [1]
wheelL2Odometer_m       0x200000b0     0x4  Data  Lc  main.o [1]
wheelL2Odometer_m_prev  0x200000b4     0x4  Data  Lc  main.o [1]
wheelL2RawVelocity_mps  0x200000f8     0x4  Data  Lc  main.o [1]
wheelL3Angle_deg        0x200000e0     0x4  Data  Lc  main.o [1]
wheelL3FiltVelocity_mps
                        0x20000104     0x4  Data  Lc  main.o [1]
wheelL3Odometer_m       0x200000b8     0x4  Data  Lc  main.o [1]
wheelL3Odometer_m_prev  0x200000bc     0x4  Data  Lc  main.o [1]
wheelL3RawVelocity_mps  0x20000100     0x4  Data  Lc  main.o [1]
wheelR1Angle_deg        0x200000e4     0x4  Data  Lc  main.o [1]
wheelR1FiltVelocity_mps
                        0x2000010c     0x4  Data  Lc  main.o [1]
wheelR1Odometer_m       0x200000c0     0x4  Data  Lc  main.o [1]
wheelR1Odometer_m_prev  0x200000c4     0x4  Data  Lc  main.o [1]
wheelR1RawVelocity_mps  0x20000108     0x4  Data  Lc  main.o [1]
wheelR2Angle_deg        0x200000e8     0x4  Data  Lc  main.o [1]
wheelR2FiltVelocity_mps
                        0x20000114     0x4  Data  Lc  main.o [1]
wheelR2Odometer_m       0x200000c8     0x4  Data  Lc  main.o [1]
wheelR2Odometer_m_prev  0x200000cc     0x4  Data  Lc  main.o [1]
wheelR2RawVelocity_mps  0x20000110     0x4  Data  Lc  main.o [1]
wheelR3Angle_deg        0x200000ec     0x4  Data  Lc  main.o [1]
wheelR3FiltVelocity_mps
                        0x2000011c     0x4  Data  Lc  main.o [1]
wheelR3Odometer_m       0x200000d0     0x4  Data  Lc  main.o [1]
wheelR3Odometer_m_prev  0x200000d4     0x4  Data  Lc  main.o [1]
wheelR3RawVelocity_mps  0x20000118     0x4  Data  Lc  main.o [1]
wheelSize_m             0x20000120     0x4  Data  Lc  main.o [1]
xBlockAllocatedBit      0x200001b0     0x4  Data  Lc  heap_4.o [1]
xDelayedTaskList1       0x20004154    0x14  Data  Lc  tasks.o [1]
xDelayedTaskList2       0x20004168    0x14  Data  Lc  tasks.o [1]
xFreeBytesRemaining     0x200001a8     0x4  Data  Lc  heap_4.o [1]
xIdleTaskHandle         0x2000417c     0x4  Data  Lc  tasks.o [1]
xMinimumEverFreeBytesRemaining
                        0x200001ac     0x4  Data  Lc  heap_4.o [1]
xNextTaskUnblockTime    0x2000414c     0x4  Data  Lc  tasks.o [1]
xNumOfOverflows         0x20004144     0x4  Data  Lc  tasks.o [1]
xPendingReadyList       0x200040e0    0x14  Data  Lc  tasks.o [1]
xPortStartScheduler     0x080067fd    0xa4  Code  Gb  port.o [1]
xSchedulerRunning       0x20004138     0x4  Data  Lc  tasks.o [1]
xStart                  0x2000019c     0x8  Data  Lc  heap_4.o [1]
xSuspendedTaskList      0x20004118    0x14  Data  Lc  tasks.o [1]
xTaskCreate             0x08005c51    0xc2  Code  Gb  tasks.o [1]
xTaskIncrementTick      0x08005f53    0xc6  Code  Gb  tasks.o [1]
xTaskResumeAll          0x08005ea7    0xac  Code  Gb  tasks.o [1]
xTasksWaitingTermination
                        0x200040f4    0x14  Data  Lc  tasks.o [1]
xTickCount              0x20004130     0x4  Data  Lc  tasks.o [1]
xYieldPending           0x20004140     0x4  Data  Lc  tasks.o [1]


[1] = C:\GIT\RevvyDemoKit\STM32F411\EWARM\RevvyDemo\Obj
[2] = command line
[3] = dl7M_tlf.a
[4] = m7M_tls.a
[5] = rt7M_tl.a
[6] = shb_l.a

  29 172 bytes of readonly  code memory
     181 bytes of readonly  data memory
  18 691 bytes of readwrite data memory

Errors: none
Warnings: none
