###############################################################################
#
# IAR ELF Linker V8.20.1.14183/W32 for ARM                22/Feb/2019  14:24:08
# Copyright 2007-2017 IAR Systems AB.
#
#    Output file  =  
#        C:\GIT\RevvyDemoKit\STM32F411\EWARM\RevvyDemo\Exe\RevvyDemo.out
#    Map file     =  
#        C:\GIT\RevvyDemoKit\STM32F411\EWARM\RevvyDemo\List\RevvyDemo.map
#    Command line =  
#        -f C:\Users\david\AppData\Local\Temp\EWA851.tmp
#        (C:\GIT\RevvyDemoKit\STM32F411\EWARM\RevvyDemo\Obj\cmsis_os.o
#        C:\GIT\RevvyDemoKit\STM32F411\EWARM\RevvyDemo\Obj\croutine.o
#        C:\GIT\RevvyDemoKit\STM32F411\EWARM\RevvyDemo\Obj\event_groups.o
#        C:\GIT\RevvyDemoKit\STM32F411\EWARM\RevvyDemo\Obj\freertos.o
#        C:\GIT\RevvyDemoKit\STM32F411\EWARM\RevvyDemo\Obj\heap_4.o
#        C:\GIT\RevvyDemoKit\STM32F411\EWARM\RevvyDemo\Obj\list.o
#        C:\GIT\RevvyDemoKit\STM32F411\EWARM\RevvyDemo\Obj\lsm303dlhc.o
#        C:\GIT\RevvyDemoKit\STM32F411\EWARM\RevvyDemo\Obj\main.o
#        C:\GIT\RevvyDemoKit\STM32F411\EWARM\RevvyDemo\Obj\port.o
#        C:\GIT\RevvyDemoKit\STM32F411\EWARM\RevvyDemo\Obj\portasm.o
#        C:\GIT\RevvyDemoKit\STM32F411\EWARM\RevvyDemo\Obj\queue.o
#        C:\GIT\RevvyDemoKit\STM32F411\EWARM\RevvyDemo\Obj\startup_stm32f411xe.o
#        C:\GIT\RevvyDemoKit\STM32F411\EWARM\RevvyDemo\Obj\stm32f411e_discovery.o
#        C:\GIT\RevvyDemoKit\STM32F411\EWARM\RevvyDemo\Obj\stm32f411e_discovery_accelerometer.o
#        C:\GIT\RevvyDemoKit\STM32F411\EWARM\RevvyDemo\Obj\stm32f4xx_hal.o
#        C:\GIT\RevvyDemoKit\STM32F411\EWARM\RevvyDemo\Obj\stm32f4xx_hal_adc.o
#        C:\GIT\RevvyDemoKit\STM32F411\EWARM\RevvyDemo\Obj\stm32f4xx_hal_adc_ex.o
#        C:\GIT\RevvyDemoKit\STM32F411\EWARM\RevvyDemo\Obj\stm32f4xx_hal_cortex.o
#        C:\GIT\RevvyDemoKit\STM32F411\EWARM\RevvyDemo\Obj\stm32f4xx_hal_crc.o
#        C:\GIT\RevvyDemoKit\STM32F411\EWARM\RevvyDemo\Obj\stm32f4xx_hal_dma.o
#        C:\GIT\RevvyDemoKit\STM32F411\EWARM\RevvyDemo\Obj\stm32f4xx_hal_dma_ex.o
#        C:\GIT\RevvyDemoKit\STM32F411\EWARM\RevvyDemo\Obj\stm32f4xx_hal_flash.o
#        C:\GIT\RevvyDemoKit\STM32F411\EWARM\RevvyDemo\Obj\stm32f4xx_hal_flash_ex.o
#        C:\GIT\RevvyDemoKit\STM32F411\EWARM\RevvyDemo\Obj\stm32f4xx_hal_flash_ramfunc.o
#        C:\GIT\RevvyDemoKit\STM32F411\EWARM\RevvyDemo\Obj\stm32f4xx_hal_gpio.o
#        C:\GIT\RevvyDemoKit\STM32F411\EWARM\RevvyDemo\Obj\stm32f4xx_hal_i2c.o
#        C:\GIT\RevvyDemoKit\STM32F411\EWARM\RevvyDemo\Obj\stm32f4xx_hal_i2c_ex.o
#        C:\GIT\RevvyDemoKit\STM32F411\EWARM\RevvyDemo\Obj\stm32f4xx_hal_msp.o
#        C:\GIT\RevvyDemoKit\STM32F411\EWARM\RevvyDemo\Obj\stm32f4xx_hal_pwr.o
#        C:\GIT\RevvyDemoKit\STM32F411\EWARM\RevvyDemo\Obj\stm32f4xx_hal_pwr_ex.o
#        C:\GIT\RevvyDemoKit\STM32F411\EWARM\RevvyDemo\Obj\stm32f4xx_hal_rcc.o
#        C:\GIT\RevvyDemoKit\STM32F411\EWARM\RevvyDemo\Obj\stm32f4xx_hal_rcc_ex.o
#        C:\GIT\RevvyDemoKit\STM32F411\EWARM\RevvyDemo\Obj\stm32f4xx_hal_spi.o
#        C:\GIT\RevvyDemoKit\STM32F411\EWARM\RevvyDemo\Obj\stm32f4xx_hal_tim.o
#        C:\GIT\RevvyDemoKit\STM32F411\EWARM\RevvyDemo\Obj\stm32f4xx_hal_tim_ex.o
#        C:\GIT\RevvyDemoKit\STM32F411\EWARM\RevvyDemo\Obj\stm32f4xx_hal_timebase_tim.o
#        C:\GIT\RevvyDemoKit\STM32F411\EWARM\RevvyDemo\Obj\stm32f4xx_hal_uart.o
#        C:\GIT\RevvyDemoKit\STM32F411\EWARM\RevvyDemo\Obj\stm32f4xx_it.o
#        C:\GIT\RevvyDemoKit\STM32F411\EWARM\RevvyDemo\Obj\system_stm32f4xx.o
#        C:\GIT\RevvyDemoKit\STM32F411\EWARM\RevvyDemo\Obj\tasks.o
#        C:\GIT\RevvyDemoKit\STM32F411\EWARM\RevvyDemo\Obj\timers.o
#        C:\GIT\RevvyDemoKit\STM32F411\EWARM\RevvyDemo\Obj\WS2812_Lib.o
#        --redirect _Printf=_PrintfFull --redirect _Scanf=_ScanfFull -o
#        C:\GIT\RevvyDemoKit\STM32F411\EWARM\RevvyDemo\Exe\RevvyDemo.out --map
#        C:\GIT\RevvyDemoKit\STM32F411\EWARM\RevvyDemo\List\RevvyDemo.map
#        --config C:\GIT\RevvyDemoKit\STM32F411\EWARM/stm32f411xe_flash.icf
#        --semihosting --entry __iar_program_start --vfe --text_out locale)
#
###############################################################################

*******************************************************************************
*** RUNTIME MODEL ATTRIBUTES
***

CppFlavor       = *
__SystemLibrary = DLib
__dlib_version  = 6


*******************************************************************************
*** HEAP SELECTION
***

The basic heap was selected because no calls to memory allocation
functions were found in the application outside of system library
functions, and there are calls to deallocation functions in the
application.


*******************************************************************************
*** PLACEMENT SUMMARY
***

"A0":  place at 0x08000000 { ro section .intvec };
"P1":  place in [from 0x08000000 to 0x0807ffff] { ro };
define block CSTACK with size = 1K, alignment = 8 { };
define block HEAP with size = 512, alignment = 8 { };
"P2":  place in [from 0x20000000 to 0x2001ffff] {
          rw, block CSTACK, block HEAP };
initialize by copy { rw };

  Section            Kind        Address    Size  Object
  -------            ----        -------    ----  ------
"A0":                                      0x198
  .intvec            ro code  0x08000000   0x198  startup_stm32f411xe.o [1]
                            - 0x08000198   0x198

"P1":                                     0x83dd
  .text              ro code  0x08000198  0x2f44  main.o [1]
  .text              ro code  0x080030dc    0x34  stm32f4xx_hal.o [1]
  .text              ro code  0x08003110    0x94  stm32f4xx_hal_cortex.o [1]
  .text              ro code  0x080031a4   0x4fc  stm32f4xx_hal_tim.o [1]
  .text              ro code  0x080036a0    0xd2  stm32f4xx_hal_tim_ex.o [1]
  .text              ro code  0x08003774   0x714  stm32f4xx_hal_msp.o [1]
  .text              ro code  0x08003e88   0x95a  stm32f4xx_hal_i2c.o [1]
  .text              ro code  0x080047e2    0x24  stm32f4xx_hal_crc.o [1]
  .text              ro code  0x08004808   0x514  stm32f4xx_hal_uart.o [1]
  .text              ro code  0x08004d1c   0x226  stm32f4xx_hal_spi.o [1]
  .text              ro code  0x08004f44   0x2e0  stm32f4xx_hal_gpio.o [1]
  .text              ro code  0x08005224   0x194  stm32f411e_discovery_accelerometer.o [1]
  .text              ro code  0x080053b8    0x48  cmsis_os.o [1]
  .text              ro code  0x08005400     0x6  ABImemclr4.o [5]
  .text              ro code  0x08005408   0x2fc  stm32f4xx_hal_rcc.o [1]
  .text              ro code  0x08005704   0x1dc  stm32f4xx_hal_rcc.o [1]
  .text              ro code  0x080058e0   0x42a  stm32f4xx_hal_adc.o [1]
  .text              ro code  0x08005d0c    0x48  FltToDbl.o [4]
  .text              ro code  0x08005d54   0x1a2  DblMul.o [4]
  .text              ro code  0x08005ef8   0x246  DblDiv.o [4]
  .text              ro code  0x08006140    0x68  DblToFlt.o [4]
  .text              ro code  0x080061a8   0x1dc  cos_sin32.o [4]
  .text              ro code  0x08006384    0x12  math_wrappers64.o [4]
  .text              ro code  0x08006398   0x178  DblAdd.o [4]
  .text              ro code  0x08006510    0x1a  U32ToDbl.o [4]
  .text              ro code  0x0800652c    0x22  S32ToDbl.o [4]
  .text              ro code  0x08006550   0x102  sqrt.o [4]
  .text              ro code  0x08006654    0xe2  DblSub.o [4]
  .text              ro code  0x08006738    0x2e  DblCmpLe.o [4]
  .text              ro code  0x08006768     0xc  stm32f4xx_hal.o [1]
  .text              ro code  0x08006774   0x1b8  WS2812_Lib.o [1]
  .text              ro code  0x0800692c    0x10  stm32f4xx_hal.o [1]
  .text              ro code  0x0800693c    0x80  stm32f4xx_hal_timebase_tim.o [1]
  .text              ro code  0x080069bc     0x2  stm32f4xx_hal_tim.o [1]
  .text              ro code  0x080069be     0x2  stm32f4xx_hal_tim.o [1]
  .text              ro code  0x080069c0     0x2  stm32f4xx_hal_tim.o [1]
  .text              ro code  0x080069c2     0x2  stm32f4xx_hal_tim_ex.o [1]
  .text              ro code  0x080069c4     0x2  stm32f4xx_hal_tim.o [1]
  .text              ro code  0x080069c6     0x2  stm32f4xx_hal_tim_ex.o [1]
  .text              ro code  0x080069c8   0x390  stm32f4xx_hal_dma.o [1]
  .text              ro code  0x08006d58     0x2  stm32f4xx_hal_uart.o [1]
  .text              ro code  0x08006d5a     0x2  stm32f4xx_hal_uart.o [1]
  .text              ro code  0x08006d5c     0x2  stm32f4xx_hal_uart.o [1]
  .text              ro code  0x08006d5e     0x2  stm32f4xx_hal_spi.o [1]
  .text              ro code  0x08006d60     0x2  stm32f4xx_hal_spi.o [1]
  .text              ro code  0x08006d64   0x1c0  stm32f411e_discovery.o [1]
  .text              ro code  0x08006f24   0x534  tasks.o [1]
  .text              ro code  0x08007458    0x32  ABImemset48.o [5]
  .text              ro code  0x0800748c   0x22e  I64DivMod.o [5]
  .text              ro code  0x080076ba     0x2  stm32f4xx_hal_adc.o [1]
  .text              ro code  0x080076bc     0x2  stm32f4xx_hal_adc.o [1]
  .text              ro code  0x080076c0    0xc4  acos64.o [4]
  .text              ro code  0x08007784    0xa6  ABImemcpy.o [5]
  .text              ro code  0x0800782c   0x1c4  heap_4.o [1]
  .text              ro code  0x080079f0    0x90  list.o [1]
  .text              ro code  0x08007a80   0x1b4  port.o [1]
  .text              ro code  0x08007c34     0x2  I64DivZer.o [5]
  .text              ro code  0x08007c38   0x208  iar_Atan64.o [4]
  CODE               ro code  0x08007e40    0xa8  portasm.o [1]
  .text              ro code  0x08007ee8    0x20  DblCmpEq.o [4]
  .text              ro code  0x08007f08    0x2e  DblCmpGe.o [4]
  .text              ro code  0x08007f38   0x25e  lsm303dlhc.o [1]
  .text              ro code  0x08008198    0x88  stm32f4xx_it.o [1]
  .text              ro code  0x08008220    0x60  system_stm32f4xx.o [1]
  .rodata            const    0x08008280    0x54  main.o [1]
  .text              ro code  0x080082d4    0x40  zero_init3.o [5]
  .text              ro code  0x08008314    0x38  packbits_init_single.o [5]
  .text              ro code  0x0800834c    0x28  data_init.o [5]
  .text              ro code  0x08008374    0x22  fpinit_M.o [4]
  .iar.init_table    const    0x08008398    0x20  - Linker created -
  .text              ro code  0x080083b8    0x1e  cmain.o [5]
  .text              ro code  0x080083d6     0x4  low_level_init.o [3]
  .text              ro code  0x080083da     0x4  exit.o [3]
  .text              ro code  0x080083e0     0xa  cexit.o [5]
  .text              ro code  0x080083ec    0x14  exit.o [6]
  .text              ro code  0x08008400    0x10  startup_stm32f411xe.o [1]
  .text              ro code  0x08008410     0xc  cstartup_M.o [5]
  .rodata            const    0x0800841c     0x8  system_stm32f4xx.o [1]
  .text              ro code  0x08008424     0x4  startup_stm32f411xe.o [1]
  .text              ro code  0x08008428     0x4  startup_stm32f411xe.o [1]
  .text              ro code  0x0800842c     0x4  startup_stm32f411xe.o [1]
  .text              ro code  0x08008430     0x4  startup_stm32f411xe.o [1]
  .text              ro code  0x08008434     0x4  startup_stm32f411xe.o [1]
  .text              ro code  0x08008438     0x4  startup_stm32f411xe.o [1]
  .text              ro code  0x0800843c     0x4  startup_stm32f411xe.o [1]
  .text              ro code  0x08008440     0x4  startup_stm32f411xe.o [1]
  .text              ro code  0x08008444     0x4  startup_stm32f411xe.o [1]
  .text              ro code  0x08008448     0x4  startup_stm32f411xe.o [1]
  .text              ro code  0x0800844c     0x4  startup_stm32f411xe.o [1]
  .text              ro code  0x08008450     0x4  startup_stm32f411xe.o [1]
  .text              ro code  0x08008454     0x4  startup_stm32f411xe.o [1]
  .text              ro code  0x08008458     0x4  startup_stm32f411xe.o [1]
  .text              ro code  0x0800845c     0x4  startup_stm32f411xe.o [1]
  .text              ro code  0x08008460     0x4  startup_stm32f411xe.o [1]
  .text              ro code  0x08008464     0x4  startup_stm32f411xe.o [1]
  .text              ro code  0x08008468     0x4  startup_stm32f411xe.o [1]
  .text              ro code  0x0800846c     0x4  startup_stm32f411xe.o [1]
  .text              ro code  0x08008470     0x4  startup_stm32f411xe.o [1]
  .text              ro code  0x08008474     0x4  startup_stm32f411xe.o [1]
  .text              ro code  0x08008478     0x4  startup_stm32f411xe.o [1]
  .text              ro code  0x0800847c     0x4  startup_stm32f411xe.o [1]
  .text              ro code  0x08008480     0x4  startup_stm32f411xe.o [1]
  .text              ro code  0x08008484     0x4  startup_stm32f411xe.o [1]
  .text              ro code  0x08008488     0x4  startup_stm32f411xe.o [1]
  .text              ro code  0x0800848c     0x4  startup_stm32f411xe.o [1]
  .text              ro code  0x08008490     0x4  startup_stm32f411xe.o [1]
  .text              ro code  0x08008494     0x4  startup_stm32f411xe.o [1]
  .text              ro code  0x08008498     0x4  startup_stm32f411xe.o [1]
  .text              ro code  0x0800849c     0x4  startup_stm32f411xe.o [1]
  .text              ro code  0x080084a0     0x4  startup_stm32f411xe.o [1]
  .text              ro code  0x080084a4     0x4  startup_stm32f411xe.o [1]
  .text              ro code  0x080084a8     0x4  startup_stm32f411xe.o [1]
  .text              ro code  0x080084ac     0x4  startup_stm32f411xe.o [1]
  .text              ro code  0x080084b0     0x4  startup_stm32f411xe.o [1]
  .text              ro code  0x080084b4     0x4  startup_stm32f411xe.o [1]
  .text              ro code  0x080084b8     0x4  startup_stm32f411xe.o [1]
  .text              ro code  0x080084bc     0x4  startup_stm32f411xe.o [1]
  .text              ro code  0x080084c0     0x4  startup_stm32f411xe.o [1]
  .text              ro code  0x080084c4     0x4  startup_stm32f411xe.o [1]
  .text              ro code  0x080084c8     0x4  startup_stm32f411xe.o [1]
  .text              ro code  0x080084cc     0x4  startup_stm32f411xe.o [1]
  .text              ro code  0x080084d0     0x4  startup_stm32f411xe.o [1]
  .text              ro code  0x080084d4     0x4  startup_stm32f411xe.o [1]
  .text              ro code  0x080084d8     0x4  startup_stm32f411xe.o [1]
  .text              ro code  0x080084dc     0x4  startup_stm32f411xe.o [1]
  .text              ro code  0x080084e0     0x4  startup_stm32f411xe.o [1]
  .text              ro code  0x080084e4     0x4  startup_stm32f411xe.o [1]
  .text              ro code  0x080084e8     0x4  startup_stm32f411xe.o [1]
  .text              ro code  0x080084ec     0x4  startup_stm32f411xe.o [1]
  .text              ro code  0x080084f0     0x4  startup_stm32f411xe.o [1]
  .rodata            const    0x080084f4     0x0  zero_init3.o [5]
  .rodata            const    0x080084f4     0x0  packbits_init_single.o [5]
  Initializer bytes  const    0x080084f4    0x81  <for P2-1>
                            - 0x08008575  0x83dd

"P2", part 1 of 3:                         0x341
  P2-1                        0x20000000   0x341  <Init block>
    .data            inited   0x20000000    0x2c  lsm303dlhc.o [1]
    .data            inited   0x2000002c    0x60  main.o [1]
    .data            inited   0x2000008c    0x80  main.o [1]
    .data            inited   0x2000010c    0xf0  main.o [1]
    .data            inited   0x200001fc    0xcc  main.o [1]
    .data            inited   0x200002c8     0x4  main.o [1]
    .data            inited   0x200002cc     0xc  port.o [1]
    .data            inited   0x200002d8    0x58  stm32f411e_discovery.o [1]
    .data            inited   0x20000330     0xc  stm32f4xx_hal.o [1]
    .data            inited   0x2000033c     0x4  system_stm32f4xx.o [1]
    .data            inited   0x20000340     0x1  WS2812_Lib.o [1]
                            - 0x20000341   0x341

"P2", part 2 of 3:                        0x42fc
  .bss               zero     0x20000344  0x3c18  heap_4.o [1]
  .bss               zero     0x20003f5c   0x28c  main.o [1]
  .bss               zero     0x200041e8    0xa4  WS2812_Lib.o [1]
  .bss               zero     0x2000428c    0xa0  tasks.o [1]
  .bss               zero     0x2000432c    0x8c  tasks.o [1]
  .bss               zero     0x200043b8    0x60  main.o [1]
  .bss               zero     0x20004418    0x60  main.o [1]
  .bss               zero     0x20004478    0x60  main.o [1]
  .bss               zero     0x200044d8    0x48  main.o [1]
  .bss               zero     0x20004520    0x3c  main.o [1]
  .bss               zero     0x2000455c    0x3c  stm32f4xx_hal_timebase_tim.o [1]
  .bss               zero     0x20004598    0x30  main.o [1]
  .bss               zero     0x200045c8    0x30  main.o [1]
  .bss               zero     0x200045f8    0x30  WS2812_Lib.o [1]
  .bss               zero     0x20004628     0x8  stm32f411e_discovery_accelerometer.o [1]
  .bss               zero     0x20004630     0x4  main.o [1]
  .bss               zero     0x20004634     0x4  stm32f411e_discovery_accelerometer.o [1]
  .bss               zero     0x20004638     0x3  lsm303dlhc.o [1]
  .bss               zero     0x2000463b     0x2  lsm303dlhc.o [1]
  .bss               zero     0x2000463d     0x1  lsm303dlhc.o [1]
                            - 0x2000463e  0x42fa

"P2", part 3 of 3:                         0x400
  CSTACK                      0x20004640   0x400  <Block>
    CSTACK           uninit   0x20004640   0x400  <Block tail>
                            - 0x20004a40   0x400


*******************************************************************************
*** INIT TABLE
***

          Address     Size
          -------     ----
Zero (__iar_zero_init3)
    1 destination range, total size 0x42fa:
          0x20000344  0x42fa

Copy/packbits (__iar_packbits_init_single3)
    1 source range, total size 0x81 (15% of destination):
          0x080084f4    0x81
    1 destination range, total size 0x341:
          0x20000000   0x341



*******************************************************************************
*** MODULE SUMMARY
***

    Module                                ro code  ro data  rw data
    ------                                -------  -------  -------
C:\GIT\RevvyDemoKit\STM32F411\EWARM\RevvyDemo\Obj: [1]
    WS2812_Lib.o                              440        1      213
    cmsis_os.o                                 72
    heap_4.o                                  452            15 384
    list.o                                    144
    lsm303dlhc.o                              606        6       50
    main.o                                 12 100      188    1 844
    port.o                                    436        2       12
    portasm.o                                 168
    startup_stm32f411xe.o                     632
    stm32f411e_discovery.o                    448       14       88
    stm32f411e_discovery_accelerometer.o      404                12
    stm32f4xx_hal.o                            80        2       12
    stm32f4xx_hal_adc.o                     1 070
    stm32f4xx_hal_cortex.o                    148
    stm32f4xx_hal_crc.o                        36
    stm32f4xx_hal_dma.o                       912
    stm32f4xx_hal_gpio.o                      736
    stm32f4xx_hal_i2c.o                     2 394
    stm32f4xx_hal_msp.o                     1 812
    stm32f4xx_hal_rcc.o                     1 240
    stm32f4xx_hal_spi.o                       554
    stm32f4xx_hal_tim.o                     1 284
    stm32f4xx_hal_tim_ex.o                    214
    stm32f4xx_hal_timebase_tim.o              128                60
    stm32f4xx_hal_uart.o                    1 306
    stm32f4xx_it.o                            136
    system_stm32f4xx.o                         96        8        4
    tasks.o                                 1 332               300
    ---------------------------------------------------------------
    Total:                                 29 380      221   17 979

command line: [2]
    ---------------------------------------------------------------
    Total:

dl7M_tlf.a: [3]
    exit.o                                      4
    low_level_init.o                            4
    ---------------------------------------------------------------
    Total:                                      8

m7M_tls.a: [4]
    DblAdd.o                                  376
    DblCmpEq.o                                 32
    DblCmpGe.o                                 46
    DblCmpLe.o                                 46
    DblDiv.o                                  582
    DblMul.o                                  418
    DblSub.o                                  226
    DblToFlt.o                                104
    FltToDbl.o                                 72
    S32ToDbl.o                                 34
    U32ToDbl.o                                 26
    acos64.o                                  196
    cos_sin32.o                               476
    fpinit_M.o                                 34
    iar_Atan64.o                              520
    math_wrappers64.o                          18
    sqrt.o                                    258
    ---------------------------------------------------------------
    Total:                                  3 464

rt7M_tl.a: [5]
    ABImemclr4.o                                6
    ABImemcpy.o                               166
    ABImemset48.o                              50
    I64DivMod.o                               558
    I64DivZer.o                                 2
    cexit.o                                    10
    cmain.o                                    30
    cstartup_M.o                               12
    data_init.o                                40
    packbits_init_single.o                     56
    zero_init3.o                               64
    ---------------------------------------------------------------
    Total:                                    994

shb_l.a: [6]
    exit.o                                     20
    ---------------------------------------------------------------
    Total:                                     20

    Gaps                                       44        2
    Linker created                                      32    1 024
-------------------------------------------------------------------
    Grand Total:                           33 910      255   19 003


*******************************************************************************
*** ENTRY LIST
***

Entry                      Address    Size  Type      Object
-----                      -------    ----  ----      ------
.iar.init_table$$Base   0x08008398           --   Gb  - Linker created -
.iar.init_table$$Limit  0x080083b8           --   Gb  - Linker created -
?main                   0x080083b9          Code  Gb  cmain.o [5]
ADC_Buf                 0x20004598    0x18  Data  Lc  main.o [1]
ADC_DMAConvCplt         0x08005c95    0x5a  Code  Lc  stm32f4xx_hal_adc.o [1]
ADC_DMAError            0x08005cf9    0x12  Code  Lc  stm32f4xx_hal_adc.o [1]
ADC_DMAHalfConvCplt     0x08005cf1     0x6  Code  Lc  stm32f4xx_hal_adc.o [1]
ADC_Init                0x08005b81    0xf4  Code  Lc  stm32f4xx_hal_adc.o [1]
ADC_Values              0x200045b0    0x18  Data  Lc  main.o [1]
AHBPrescTable           0x08008270    0x10  Data  Gb  system_stm32f4xx.o [1]
APBPrescTable           0x0800841c     0x8  Data  Gb  system_stm32f4xx.o [1]
AccelerometerDrv        0x20004634     0x4  Data  Lc  stm32f411e_discovery_accelerometer.o [1]
BSP_ACCELERO_GetXYZ     0x0800524d    0x12  Code  Gb  stm32f411e_discovery_accelerometer.o [1]
BSP_ACCELERO_Init       0x08005225    0x28  Code  Gb  stm32f411e_discovery_accelerometer.o [1]
COMPASSACCELERO_IO_ITConfig
                        0x08006eb9    0x48  Code  Gb  stm32f411e_discovery.o [1]
COMPASSACCELERO_IO_Init
                        0x08006e7f    0x3a  Code  Gb  stm32f411e_discovery.o [1]
COMPASSACCELERO_IO_Read
                        0x08006f23     0x2  Code  Gb  stm32f411e_discovery.o [1]
COMPASSACCELERO_IO_Write
                        0x08006f21     0x2  Code  Gb  stm32f411e_discovery.o [1]
CSTACK$$Base            0x20004640           --   Gb  - Linker created -
CSTACK$$Limit           0x20004a40           --   Gb  - Linker created -
DMA1_Stream3_IRQHandler
                        0x080081b7     0x6  Code  Gb  stm32f4xx_it.o [1]
DMA2_Stream4_IRQHandler
                        0x080081f7     0x6  Code  Gb  stm32f4xx_it.o [1]
DMA2_Stream5_IRQHandler
                        0x080081fd     0x6  Code  Gb  stm32f4xx_it.o [1]
DMA_CalcBaseAndBitshift
                        0x08006d11    0x2e  Code  Lc  stm32f4xx_hal_dma.o [1]
DMA_CalcBaseAndBitshift::flagBitshiftOffset
                        0x08006d50     0x8  Data  Lc  stm32f4xx_hal_dma.o [1]
EXTI0_IRQHandler        0x08008199     0x6  Code  Gb  stm32f4xx_it.o [1]
EXTI1_IRQHandler        0x0800819f     0x6  Code  Gb  stm32f4xx_it.o [1]
EXTI2_IRQHandler        0x080081a5     0x6  Code  Gb  stm32f4xx_it.o [1]
EXTI3_IRQHandler        0x080081ab     0x6  Code  Gb  stm32f4xx_it.o [1]
EXTI4_IRQHandler        0x080081b1     0x6  Code  Gb  stm32f4xx_it.o [1]
EXTI9_5_IRQHandler      0x080081bd    0x28  Code  Gb  stm32f4xx_it.o [1]
Error_Handler           0x08003085     0x2  Code  Gb  main.o [1]
HAL_ADC_ConfigChannel   0x08005a3d   0x144  Code  Gb  stm32f4xx_hal_adc.o [1]
HAL_ADC_ConvCpltCallback
                        0x08000199    0x28  Code  Gb  main.o [1]
HAL_ADC_Init            0x080058e1    0x50  Code  Gb  stm32f4xx_hal_adc.o [1]
HAL_ADC_MspInit         0x080037b3    0xce  Code  Gb  stm32f4xx_hal_msp.o [1]
HAL_ADC_Start_DMA       0x08005931   0x10c  Code  Gb  stm32f4xx_hal_adc.o [1]
HAL_CRC_Init            0x080047e3    0x24  Code  Gb  stm32f4xx_hal_crc.o [1]
HAL_CRC_MspInit         0x08003881    0x2a  Code  Gb  stm32f4xx_hal_msp.o [1]
HAL_DMA_Abort_IT        0x08006b43    0x24  Code  Gb  stm32f4xx_hal_dma.o [1]
HAL_DMA_IRQHandler      0x08006b67   0x1a8  Code  Gb  stm32f4xx_hal_dma.o [1]
HAL_DMA_Init            0x080069c9    0xec  Code  Gb  stm32f4xx_hal_dma.o [1]
HAL_DMA_Start_IT        0x08006ab5    0x8e  Code  Gb  stm32f4xx_hal_dma.o [1]
HAL_GPIO_DeInit         0x080050dd    0xf0  Code  Gb  stm32f4xx_hal_gpio.o [1]
HAL_GPIO_EXTI_Callback  0x08000d0d   0x1e8  Code  Gb  main.o [1]
HAL_GPIO_EXTI_IRQHandler
                        0x080051ef    0x10  Code  Gb  stm32f4xx_hal_gpio.o [1]
HAL_GPIO_Init           0x08004f45   0x198  Code  Gb  stm32f4xx_hal_gpio.o [1]
HAL_GPIO_ReadPin        0x080051cd     0xe  Code  Gb  stm32f4xx_hal_gpio.o [1]
HAL_GPIO_TogglePin      0x080051e7     0x8  Code  Gb  stm32f4xx_hal_gpio.o [1]
HAL_GPIO_WritePin       0x080051db     0xc  Code  Gb  stm32f4xx_hal_gpio.o [1]
HAL_GetTick             0x08006769     0xc  Code  Wk  stm32f4xx_hal.o [1]
HAL_I2C_DeInit          0x08003f61    0x30  Code  Gb  stm32f4xx_hal_i2c.o [1]
HAL_I2C_GetState        0x080043eb     0x6  Code  Gb  stm32f4xx_hal_i2c.o [1]
HAL_I2C_Init            0x08003e89    0xd8  Code  Gb  stm32f4xx_hal_i2c.o [1]
HAL_I2C_Mem_Read        0x08004155   0x290  Code  Gb  stm32f4xx_hal_i2c.o [1]
HAL_I2C_Mem_Write       0x08003fb5   0x182  Code  Gb  stm32f4xx_hal_i2c.o [1]
HAL_I2C_MspDeInit       0x080039bb    0x54  Code  Gb  stm32f4xx_hal_msp.o [1]
HAL_I2C_MspInit         0x080038ab   0x110  Code  Gb  stm32f4xx_hal_msp.o [1]
HAL_IncTick             0x0800692d    0x10  Code  Wk  stm32f4xx_hal.o [1]
HAL_Init                0x080030dd    0x30  Code  Gb  stm32f4xx_hal.o [1]
HAL_InitTick            0x0800693d    0x6e  Code  Gb  stm32f4xx_hal_timebase_tim.o [1]
HAL_MspInit             0x08003775    0x3e  Code  Gb  stm32f4xx_hal_msp.o [1]
HAL_NVIC_EnableIRQ      0x0800317d     0xa  Code  Gb  stm32f4xx_hal_cortex.o [1]
HAL_NVIC_SetPriority    0x0800312b    0x52  Code  Gb  stm32f4xx_hal_cortex.o [1]
HAL_NVIC_SetPriorityGrouping
                        0x08003111    0x1a  Code  Gb  stm32f4xx_hal_cortex.o [1]
HAL_RCC_ClockConfig     0x08005705   0x110  Code  Gb  stm32f4xx_hal_rcc.o [1]
HAL_RCC_GetClockConfig  0x08005839    0x38  Code  Gb  stm32f4xx_hal_rcc.o [1]
HAL_RCC_GetPCLK1Freq    0x08005815    0x10  Code  Gb  stm32f4xx_hal_rcc.o [1]
HAL_RCC_GetPCLK2Freq    0x08005825     0xe  Code  Gb  stm32f4xx_hal_rcc.o [1]
HAL_RCC_OscConfig       0x08005409   0x2fc  Code  Wk  stm32f4xx_hal_rcc.o [1]
HAL_SPI_Init            0x08004d1d    0x7e  Code  Gb  stm32f4xx_hal_spi.o [1]
HAL_SPI_MspInit         0x08003a0f    0xe0  Code  Gb  stm32f4xx_hal_msp.o [1]
HAL_SPI_Transmit_DMA    0x08004d9b    0xac  Code  Gb  stm32f4xx_hal_spi.o [1]
HAL_SPI_TxCpltCallback  0x08006775     0xa  Code  Gb  WS2812_Lib.o [1]
HAL_TIMEx_BreakCallback
                        0x080069c3     0x2  Code  Wk  stm32f4xx_hal_tim_ex.o [1]
HAL_TIMEx_CommutationCallback
                        0x080069c7     0x2  Code  Wk  stm32f4xx_hal_tim_ex.o [1]
HAL_TIMEx_ConfigBreakDeadTime
                        0x08003717    0x5c  Code  Gb  stm32f4xx_hal_tim_ex.o [1]
HAL_TIMEx_MasterConfigSynchronization
                        0x080036cb    0x4c  Code  Gb  stm32f4xx_hal_tim_ex.o [1]
HAL_TIMEx_PWMN_Start    0x080036a1     0xc  Code  Gb  stm32f4xx_hal_tim_ex.o [1]
HAL_TIM_Base_Init       0x080031a5    0x1e  Code  Gb  stm32f4xx_hal_tim.o [1]
HAL_TIM_Base_MspInit    0x08003c21    0x26  Code  Gb  stm32f4xx_hal_msp.o [1]
HAL_TIM_Base_Start      0x080031c3    0x12  Code  Gb  stm32f4xx_hal_tim.o [1]
HAL_TIM_Base_Start_IT   0x080031d5    0x16  Code  Gb  stm32f4xx_hal_tim.o [1]
HAL_TIM_IRQHandler      0x080032b1   0x14a  Code  Gb  stm32f4xx_hal_tim.o [1]
HAL_TIM_MspPostInit     0x08003c47   0x16a  Code  Gb  stm32f4xx_hal_msp.o [1]
HAL_TIM_PWM_ConfigChannel
                        0x080033fb    0xd0  Code  Gb  stm32f4xx_hal_tim.o [1]
HAL_TIM_PWM_Init        0x0800321b    0x1e  Code  Gb  stm32f4xx_hal_tim.o [1]
HAL_TIM_PWM_MspInit     0x08003aef   0x132  Code  Gb  stm32f4xx_hal_msp.o [1]
HAL_TIM_PWM_Start       0x08003239     0x2  Code  Gb  stm32f4xx_hal_tim.o [1]
HAL_TIM_PeriodElapsedCallback
                        0x08003031     0xe  Code  Gb  main.o [1]
HAL_UART_IRQHandler     0x080048c1   0x158  Code  Gb  stm32f4xx_hal_uart.o [1]
HAL_UART_Init           0x08004809    0x44  Code  Gb  stm32f4xx_hal_uart.o [1]
HAL_UART_MspInit        0x08003db1    0x72  Code  Gb  stm32f4xx_hal_msp.o [1]
HAL_UART_Receive_IT     0x08004867    0x46  Code  Gb  stm32f4xx_hal_uart.o [1]
I2C_RequestMemoryRead   0x0800450b   0x1e0  Code  Lc  stm32f4xx_hal_i2c.o [1]
I2C_RequestMemoryWrite  0x080043fd   0x10e  Code  Lc  stm32f4xx_hal_i2c.o [1]
I2C_WaitOnBTFFlagUntilTimeout
                        0x08004725    0x34  Code  Lc  stm32f4xx_hal_i2c.o [1]
I2C_WaitOnRXNEFlagUntilTimeout
                        0x08004789    0x5a  Code  Lc  stm32f4xx_hal_i2c.o [1]
I2C_WaitOnTXEFlagUntilTimeout
                        0x080046f1    0x34  Code  Lc  stm32f4xx_hal_i2c.o [1]
I2Cx_Init               0x08006d65    0xb4  Code  Lc  stm32f411e_discovery.o [1]
I2Cx_ReadData           0x08006e47    0x38  Code  Lc  stm32f411e_discovery.o [1]
I2Cx_WriteData          0x08006e19    0x2e  Code  Lc  stm32f411e_discovery.o [1]
I2cHandle               0x200002d8    0x54  Data  Lc  stm32f411e_discovery.o [1]
I2cxTimeout             0x2000032c     0x4  Data  Gb  stm32f411e_discovery.o [1]
LSM303DLHC_AccClickITEnable
                        0x0800813d    0x40  Code  Gb  lsm303dlhc.o [1]
LSM303DLHC_AccFilterClickCmd
                        0x08008105    0x10  Code  Gb  lsm303dlhc.o [1]
LSM303DLHC_AccFilterCmd
                        0x08007fb1    0x12  Code  Gb  lsm303dlhc.o [1]
LSM303DLHC_AccFilterConfig
                        0x08007f85    0x2c  Code  Gb  lsm303dlhc.o [1]
LSM303DLHC_AccFilterConfig::tmpreg
                        0x2000463d     0x1  Data  Lc  lsm303dlhc.o [1]
LSM303DLHC_AccIT1Enable
                        0x08008125    0x18  Code  Gb  lsm303dlhc.o [1]
LSM303DLHC_AccInit      0x08007f39    0x24  Code  Gb  lsm303dlhc.o [1]
LSM303DLHC_AccInit::ctrl1
                        0x2000463b     0x1  Data  Lc  lsm303dlhc.o [1]
LSM303DLHC_AccInit::ctrl4
                        0x2000463c     0x1  Data  Lc  lsm303dlhc.o [1]
LSM303DLHC_AccReadID    0x08007f5d    0x12  Code  Gb  lsm303dlhc.o [1]
LSM303DLHC_AccReadXYZ   0x08007fc5   0x12c  Code  Gb  lsm303dlhc.o [1]
LSM303DLHC_AccReadXYZ::ctrlx
                        0x20004638     0x2  Data  Lc  lsm303dlhc.o [1]
LSM303DLHC_AccReadXYZ::sensitivity
                        0x2000463a     0x1  Data  Lc  lsm303dlhc.o [1]
LSM303DLHC_AccRebootCmd
                        0x08007f6f    0x16  Code  Gb  lsm303dlhc.o [1]
LSM303DLHC_AccZClickITConfig
                        0x0800817d    0x1a  Code  Gb  lsm303dlhc.o [1]
LSM303DLHC_MagReadXYZ   0x08005285   0x122  Code  Gb  stm32f411e_discovery_accelerometer.o [1]
LSM303DLHC_MagReadXYZ::buffer
                        0x20004628     0x8  Data  Lc  stm32f411e_discovery_accelerometer.o [1]
Lsm303dlhcDrv           0x20000000    0x2c  Data  Gb  lsm303dlhc.o [1]
MAGNET_Init             0x0800525f    0x1e  Code  Gb  stm32f411e_discovery_accelerometer.o [1]
MX_ADC1_Init            0x08000963    0xc8  Code  Lc  main.o [1]
MX_GPIO_Init            0x08000b05   0x204  Code  Lc  main.o [1]
MX_TIM1_Init            0x08000a2b    0xd2  Code  Lc  main.o [1]
PendSV_Handler          0x08007e41          Code  Gb  portasm.o [1]
Region$$Table$$Base     0x08008398           --   Gb  - Linker created -
Region$$Table$$Limit    0x080083b8           --   Gb  - Linker created -
SPI_DMAError            0x08004f11    0x1e  Code  Lc  stm32f4xx_hal_spi.o [1]
SPI_DMAHalfTransmitCplt
                        0x08004f09     0x6  Code  Lc  stm32f4xx_hal_spi.o [1]
SPI_DMATransmitCplt     0x08004e49    0xbe  Code  Lc  stm32f4xx_hal_spi.o [1]
SVC_Handler             0x08007e99          Code  Gb  portasm.o [1]
StartApplicationTask    0x08002f51    0xd6  Code  Gb  main.o [1]
StartCommTask           0x08002bb5    0xa0  Code  Gb  main.o [1]
StartControlTask        0x08002295   0x920  Code  Gb  main.o [1]
StartDefaultTask        0x0800110d     0xa  Code  Gb  main.o [1]
StartIdleTask           0x08002c59    0x1a  Code  Gb  main.o [1]
StartLedTask            0x08002c81   0x2a2  Code  Gb  main.o [1]
StartSensorTask         0x08001119  0x1166  Code  Gb  main.o [1]
SysTick_Handler         0x08007bc9    0x26  Code  Gb  port.o [1]
SystemClock_Config      0x080008cd    0x96  Code  Gb  main.o [1]
SystemCoreClock         0x2000033c     0x4  Data  Gb  system_stm32f4xx.o [1]
SystemInit              0x08008221    0x3a  Code  Gb  system_stm32f4xx.o [1]
TIM1_TRG_COM_TIM11_IRQHandler
                        0x080081e5    0x12  Code  Gb  stm32f4xx_it.o [1]
TIM_Base_SetConfig      0x080034d5    0x7a  Code  Gb  stm32f4xx_hal_tim.o [1]
TIM_OC1_SetConfig       0x0800359f    0x4c  Code  Lc  stm32f4xx_hal_tim.o [1]
TIM_OC2_SetConfig       0x0800354f    0x50  Code  Gb  stm32f4xx_hal_tim.o [1]
TIM_OC3_SetConfig       0x080035eb    0x4c  Code  Lc  stm32f4xx_hal_tim.o [1]
TIM_OC4_SetConfig       0x0800363d    0x42  Code  Lc  stm32f4xx_hal_tim.o [1]
UART_DMAAbortOnError    0x08004a35     0xc  Code  Lc  stm32f4xx_hal_uart.o [1]
UART_EndRxTransfer      0x08004a19    0x1c  Code  Lc  stm32f4xx_hal_uart.o [1]
UART_Receive_IT         0x08004a41    0x8c  Code  Lc  stm32f4xx_hal_uart.o [1]
UART_SetConfig          0x08004acd   0x23e  Code  Lc  stm32f4xx_hal_uart.o [1]
USART6_IRQHandler       0x08008203     0x6  Code  Gb  stm32f4xx_it.o [1]
WS2812_All_RGB          0x08006867    0x48  Code  Gb  WS2812_Lib.o [1]
WS2812_LED_BUF_CH1      0x200045f8    0x30  Data  Lc  WS2812_Lib.o [1]
WS2812_One_RGB          0x0800683f    0x28  Code  Gb  WS2812_Lib.o [1]
WS2812_Refresh          0x080067e9    0x56  Code  Gb  WS2812_Lib.o [1]
WS2812_Revvy_Shift_Right
                        0x080068af    0x54  Code  Gb  WS2812_Lib.o [1]
WS2812_SPI_BUF          0x200041e8    0xa4  Data  Lc  WS2812_Lib.o [1]
__aeabi_cdcmpeq         0x08007ee9          Code  Gb  DblCmpEq.o [4]
__aeabi_cdcmple         0x08006739          Code  Gb  DblCmpLe.o [4]
__aeabi_cdrcmple        0x08007f09          Code  Gb  DblCmpGe.o [4]
__aeabi_d2f             0x08006141          Code  Gb  DblToFlt.o [4]
__aeabi_dadd            0x08006399          Code  Gb  DblAdd.o [4]
__aeabi_ddiv            0x08005ef9          Code  Gb  DblDiv.o [4]
__aeabi_dmul            0x08005d55          Code  Gb  DblMul.o [4]
__aeabi_dsub            0x08006655          Code  Gb  DblSub.o [4]
__aeabi_f2d             0x08005d0d          Code  Gb  FltToDbl.o [4]
__aeabi_i2d             0x0800652d          Code  Gb  S32ToDbl.o [4]
__aeabi_ldiv0           0x08007c35          Code  Gb  I64DivZer.o [5]
__aeabi_memclr4         0x08005401          Code  Gb  ABImemclr4.o [5]
__aeabi_memcpy          0x08007785          Code  Gb  ABImemcpy.o [5]
__aeabi_memcpy4         0x080077a5          Code  Gb  ABImemcpy.o [5]
__aeabi_memcpy8         0x080077a5          Code  Gb  ABImemcpy.o [5]
__aeabi_ui2d            0x08006511          Code  Gb  U32ToDbl.o [4]
__aeabi_uldivmod        0x0800748d          Code  Gb  I64DivMod.o [5]
__cmain                 0x080083b9          Code  Gb  cmain.o [5]
__exit                  0x080083ed    0x14  Code  Gb  exit.o [6]
__iar_Atan64            0x08007c39   0x170  Code  Gb  iar_Atan64.o [4]
__iar_Memset4_word      0x08007459          Code  Gb  ABImemset48.o [5]
__iar_Memset8_word      0x08007459          Code  Gb  ABImemset48.o [5]
__iar_Sin32             0x080061a9   0x198  Code  Lc  cos_sin32.o [4]
__iar_acos64            0x080076c1    0xc4  Code  Gb  acos64.o [4]
__iar_cos32             0x08006381     0x4  Code  Gb  cos_sin32.o [4]
__iar_cos_medium32      0x08006381     0x4  Code  Gb  cos_sin32.o [4]
__iar_cos_mediumf       0x08006381     0x4  Code  Gb  cos_sin32.o [4]
__iar_dadd              0x08006665          Code  Gb  DblSub.o [4]
__iar_data_init3        0x0800834d    0x28  Code  Gb  data_init.o [5]
__iar_dsub              0x080063a9          Code  Gb  DblAdd.o [4]
__iar_dsubStart         0x080063bb          Code  Gb  DblAdd.o [4]
__iar_init_vfp          0x08008375          Code  Gb  fpinit_M.o [4]
__iar_packbits_init_single3
                        0x08008315    0x38  Code  Gb  packbits_init_single.o [5]
__iar_program_start     0x08008411          Code  Gb  cstartup_M.o [5]
__iar_sqrt64            0x08006561          Code  Gb  sqrt.o [4]
__iar_systems$$module {Abs}
                        0x00000001          Data  Gb  command line/config [2]
__iar_vfp___iar_sqrt64  0x08006551          Code  Gb  sqrt.o [4]
__iar_vfp_acos          0x0800638b     0xc  Code  Gb  math_wrappers64.o [4]
__iar_vfp_sqrt          0x08006551          Code  Gb  sqrt.o [4]
__iar_vfp_sqrtl         0x08006551          Code  Gb  sqrt.o [4]
__iar_zero_init3        0x080082d5    0x40  Code  Gb  zero_init3.o [5]
__low_level_init        0x080083d7     0x4  Code  Gb  low_level_init.o [3]
__vector_table          0x08000000          Data  Gb  startup_stm32f411xe.o [1]
_call_main              0x080083c5          Code  Gb  cmain.o [5]
_exit                   0x080083e1          Code  Gb  cexit.o [5]
_main                   0x080083d3          Code  Gb  cmain.o [5]
a                       0x08007e00    0x40  Data  Lc  iar_Atan64.o [4]
accX                    0x20000164     0x4  Data  Lc  main.o [1]
accXFiltered            0x20000170     0x4  Data  Lc  main.o [1]
accY                    0x20000168     0x4  Data  Lc  main.o [1]
accYFiltered            0x20000174     0x4  Data  Lc  main.o [1]
accZ                    0x2000016c     0x4  Data  Lc  main.o [1]
accZFiltered            0x20000178     0x4  Data  Lc  main.o [1]
acos                    0x080076c1    0xc4  Code  Gb  acos64.o [4]
acosl                   0x080076c1    0xc4  Code  Gb  acos64.o [4]
angleIncrement          0x200002c8     0x4  Data  Lc  main.o [1]
antiWindup              0x200002ac     0x4  Data  Lc  main.o [1]
applicationTaskHandle   0x200041e4     0x4  Data  Gb  main.o [1]
autonomousActive        0x2000008f     0x1  Data  Lc  main.o [1]
batteryVoltage1         0x200000d0     0x4  Data  Lc  main.o [1]
batteryVoltage2         0x200000d4     0x4  Data  Lc  main.o [1]
bumperActive            0x2000008e     0x1  Data  Lc  main.o [1]
buttonState             0x2000008c     0x1  Data  Lc  main.o [1]
calculateLRSpeeds       0x08000f19   0x104  Code  Gb  main.o [1]
commTaskHandle          0x200041d8     0x4  Data  Gb  main.o [1]
compassX                0x2000017c     0x4  Data  Lc  main.o [1]
compassY                0x20000180     0x4  Data  Lc  main.o [1]
compassZ                0x20000184     0x4  Data  Lc  main.o [1]
controlTaskHandle       0x200041d4     0x4  Data  Gb  main.o [1]
cosf                    0x08006381     0x4  Code  Gb  cos_sin32.o [4]
ctrlD                   0x200002b8     0x4  Data  Lc  main.o [1]
ctrlI                   0x200002b4     0x4  Data  Lc  main.o [1]
ctrlP                   0x200002b0     0x4  Data  Lc  main.o [1]
ctrlP_pos               0x200002c4     0x4  Data  Lc  main.o [1]
currSpeedLeft           0x2000020c     0x4  Data  Lc  main.o [1]
currSpeedRight          0x20000210     0x4  Data  Lc  main.o [1]
defaultTaskHandle       0x200041cc     0x4  Data  Gb  main.o [1]
encoderSignalsPerRound  0x2000011e     0x2  Data  Lc  main.o [1]
exit                    0x080083db     0x4  Code  Gb  exit.o [3]
fCosPitch               0x20000160     0x4  Data  Lc  main.o [1]
fCosRoll                0x20000158     0x4  Data  Lc  main.o [1]
fNormAcc                0x20000150     0x4  Data  Lc  main.o [1]
fSinPitch               0x2000015c     0x4  Data  Lc  main.o [1]
fSinRoll                0x20000154     0x4  Data  Lc  main.o [1]
hadc1                   0x200044d8    0x48  Data  Gb  main.o [1]
hcrc                    0x200041c4     0x8  Data  Gb  main.o [1]
hdma_adc1               0x200043b8    0x60  Data  Gb  main.o [1]
hdma_spi5_tx            0x20004418    0x60  Data  Gb  main.o [1]
hdma_tim4_ch2           0x20004478    0x60  Data  Gb  main.o [1]
hi2c1                   0x20003fb4    0x54  Data  Gb  main.o [1]
hi2c3                   0x20004008    0x54  Data  Gb  main.o [1]
hspi5                   0x20003f5c    0x58  Data  Gb  main.o [1]
htim1                   0x20004520    0x3c  Data  Gb  main.o [1]
htim10                  0x20004188    0x3c  Data  Gb  main.o [1]
htim11                  0x2000455c    0x3c  Data  Gb  stm32f4xx_hal_timebase_tim.o [1]
htim2                   0x2000405c    0x3c  Data  Gb  main.o [1]
htim3                   0x20004098    0x3c  Data  Gb  main.o [1]
htim4                   0x200040d4    0x3c  Data  Gb  main.o [1]
htim5                   0x20004110    0x3c  Data  Gb  main.o [1]
htim9                   0x2000414c    0x3c  Data  Gb  main.o [1]
huart6                  0x2000003c    0x40  Data  Gb  main.o [1]
idleTaskHandle          0x200041dc     0x4  Data  Gb  main.o [1]
internalCounter         0x20000144     0x4  Data  Lc  main.o [1]
ledTaskHandle           0x200041e0     0x4  Data  Gb  main.o [1]
main                    0x080001c1   0x65e  Code  Gb  main.o [1]
maxDutyCycle            0x200002a8     0x4  Data  Lc  main.o [1]
maxVelocity             0x2000007c     0x4  Data  Lc  main.o [1]
messageCounter          0x20000038     0x1  Data  Lc  main.o [1]
messageCounterPrev      0x20000039     0x1  Data  Lc  main.o [1]
mot1Cntr                0x20000090     0x2  Data  Lc  main.o [1]
mot1CntrPrev            0x20000112     0x2  Data  Lc  main.o [1]
mot1Dir                 0x2000010c     0x1  Data  Lc  main.o [1]
mot2Cntr                0x20000092     0x2  Data  Lc  main.o [1]
mot2CntrPrev            0x20000114     0x2  Data  Lc  main.o [1]
mot2Dir                 0x2000010d     0x1  Data  Lc  main.o [1]
mot3Cntr                0x20000094     0x2  Data  Lc  main.o [1]
mot3CntrPrev            0x20000116     0x2  Data  Lc  main.o [1]
mot3Dir                 0x2000010e     0x1  Data  Lc  main.o [1]
mot4Cntr                0x20000096     0x2  Data  Lc  main.o [1]
mot4CntrPrev            0x20000118     0x2  Data  Lc  main.o [1]
mot4Dir                 0x2000010f     0x1  Data  Lc  main.o [1]
mot5Cntr                0x20000098     0x2  Data  Lc  main.o [1]
mot5CntrPrev            0x2000011a     0x2  Data  Lc  main.o [1]
mot5Dir                 0x20000110     0x1  Data  Lc  main.o [1]
mot6Cntr                0x2000009a     0x2  Data  Lc  main.o [1]
mot6CntrPrev            0x2000011c     0x2  Data  Lc  main.o [1]
mot6Dir                 0x20000111     0x1  Data  Lc  main.o [1]
nextSpeedLeft           0x200001fc     0x4  Data  Lc  main.o [1]
nextSpeedRight          0x20000200     0x4  Data  Lc  main.o [1]
osDelay                 0x080053f3     0xe  Code  Gb  cmsis_os.o [1]
osKernelStart           0x080053b9     0xa  Code  Gb  cmsis_os.o [1]
osThreadCreate          0x080053c3    0x30  Code  Gb  cmsis_os.o [1]
pitch                   0x2000014c     0x4  Data  Lc  main.o [1]
positionErrorL3_deg     0x200002bc     0x4  Data  Lc  main.o [1]
positionErrorR3_deg     0x200002c0     0x4  Data  Lc  main.o [1]
processButtons          0x08001029    0x68  Code  Gb  main.o [1]
prvAddCurrentTaskToDelayedList
                        0x080073e5    0x64  Code  Lc  tasks.o [1]
prvAddNewTaskToReadyList
                        0x08006fe7    0xe4  Code  Lc  tasks.o [1]
prvIdleTask             0x08007349    0x6c  Code  Lc  tasks.o [1]
prvInsertBlockIntoFreeList
                        0x080079a3    0x48  Code  Lc  heap_4.o [1]
prvResetNextTaskUnblockTime
                        0x080073b5    0x1c  Code  Lc  tasks.o [1]
prvTaskExitError        0x08007aa9    0x28  Code  Lc  port.o [1]
pvPortMalloc            0x0800782d   0x11e  Code  Gb  heap_4.o [1]
pxCurrentTCB            0x200042b4     0x4  Data  Gb  tasks.o [1]
pxDelayedTaskList       0x200042b8     0x4  Data  Lc  tasks.o [1]
pxEnd                   0x2000034c     0x4  Data  Lc  heap_4.o [1]
pxOverflowDelayedTaskList
                        0x200042bc     0x4  Data  Lc  tasks.o [1]
pxPortInitialiseStack   0x08007a81    0x26  Code  Gb  port.o [1]
pxReadyTasksLists       0x2000432c    0x8c  Data  Lc  tasks.o [1]
receiveBuffer           0x2000002c     0xc  Data  Lc  main.o [1]
referenceAngle          0x20000100     0x4  Data  Lc  main.o [1]
referenceAngleL3_deg    0x20000104     0x4  Data  Lc  main.o [1]
referenceAngleR3_deg    0x20000108     0x4  Data  Lc  main.o [1]
referenceSpeed          0x200000fc     0x4  Data  Lc  main.o [1]
referenceSpeedLeft      0x200000f8     0x4  Data  Lc  main.o [1]
referenceSpeedRight     0x20004630     0x4  Data  Lc  main.o [1]
reqSpeedLeft            0x20000204     0x4  Data  Lc  main.o [1]
reqSpeedRight           0x20000208     0x4  Data  Lc  main.o [1]
roll                    0x20000148     0x4  Data  Lc  main.o [1]
sen1AnalogValue         0x200000a4     0x2  Data  Lc  main.o [1]
sen1Cntr                0x200045c8     0x4  Data  Lc  main.o [1]
sen1DebounceCounter     0x2000009c     0x2  Data  Lc  main.o [1]
sen1Distance            0x20000124     0x4  Data  Lc  main.o [1]
sen1DistanceFiltered    0x200000c0     0x4  Data  Lc  main.o [1]
sen1DistancePrev        0x20000128     0x4  Data  Lc  main.o [1]
sen1End                 0x200045d0     0x4  Data  Lc  main.o [1]
sen1Length              0x200000b0     0x4  Data  Lc  main.o [1]
sen1Start               0x200045cc     0x4  Data  Lc  main.o [1]
sen2AnalogValue         0x200000a6     0x2  Data  Lc  main.o [1]
sen2Cntr                0x200045d4     0x4  Data  Lc  main.o [1]
sen2DebounceCounter     0x2000009e     0x2  Data  Lc  main.o [1]
sen2Distance            0x2000012c     0x4  Data  Lc  main.o [1]
sen2DistanceFiltered    0x200000c4     0x4  Data  Lc  main.o [1]
sen2DistancePrev        0x20000130     0x4  Data  Lc  main.o [1]
sen2End                 0x200045dc     0x4  Data  Lc  main.o [1]
sen2Length              0x200000b4     0x4  Data  Lc  main.o [1]
sen2Start               0x200045d8     0x4  Data  Lc  main.o [1]
sen3AnalogValue         0x200000a8     0x2  Data  Lc  main.o [1]
sen3Cntr                0x200045e0     0x4  Data  Lc  main.o [1]
sen3DebounceCounter     0x200000a0     0x2  Data  Lc  main.o [1]
sen3Distance            0x20000134     0x4  Data  Lc  main.o [1]
sen3DistanceFiltered    0x200000c8     0x4  Data  Lc  main.o [1]
sen3DistancePrev        0x20000138     0x4  Data  Lc  main.o [1]
sen3End                 0x200045e8     0x4  Data  Lc  main.o [1]
sen3Length              0x200000b8     0x4  Data  Lc  main.o [1]
sen3Start               0x200045e4     0x4  Data  Lc  main.o [1]
sen4AnalogValue         0x200000aa     0x2  Data  Lc  main.o [1]
sen4Cntr                0x200045ec     0x4  Data  Lc  main.o [1]
sen4DebounceCounter     0x200000a2     0x2  Data  Lc  main.o [1]
sen4Distance            0x2000013c     0x4  Data  Lc  main.o [1]
sen4DistanceFiltered    0x200000cc     0x4  Data  Lc  main.o [1]
sen4DistancePrev        0x20000140     0x4  Data  Lc  main.o [1]
sen4End                 0x200045f4     0x4  Data  Lc  main.o [1]
sen4Length              0x200000bc     0x4  Data  Lc  main.o [1]
sen4Start               0x200045f0     0x4  Data  Lc  main.o [1]
sensorTaskHandle        0x200041d0     0x4  Data  Gb  main.o [1]
speedRampRate           0x20000214     0x4  Data  Lc  main.o [1]
speedSensingTaskCycle_ms
                        0x20000120     0x2  Data  Lc  main.o [1]
spi_dma_ready           0x20000340     0x1  Data  Lc  WS2812_Lib.o [1]
spi_set_bit::highBitPatternLUT
                        0x0800691c     0x8  Data  Lc  WS2812_Lib.o [1]
spi_set_bit::lowBitPatternLUT
                        0x08006924     0x8  Data  Lc  WS2812_Lib.o [1]
spi_set_byte            0x0800677f    0x6a  Code  Gb  WS2812_Lib.o [1]
sqrt                    0x08006561          Code  Gb  sqrt.o [4]
sqrtl                   0x08006561          Code  Gb  sqrt.o [4]
timeOutGuard            0x20000084     0x4  Data  Lc  main.o [1]
timeOutGuardMax         0x20000088     0x4  Data  Lc  main.o [1]
timeStamp               0x20000080     0x4  Data  Lc  main.o [1]
ucHeap                  0x2000035c  0x3c00  Data  Lc  heap_4.o [1]
ucMaxSysCallPriority    0x200002cc     0x1  Data  Lc  port.o [1]
ulMaxPRIGROUPValue      0x200002d4     0x4  Data  Lc  port.o [1]
ultrasonicActive        0x2000008d     0x1  Data  Lc  main.o [1]
ultrasonicDebounceLimit
                        0x200000ac     0x2  Data  Lc  main.o [1]
uwTick                  0x20000334     0x4  Data  Gb  stm32f4xx_hal.o [1]
uwTickFreq              0x20000330     0x1  Data  Gb  stm32f4xx_hal.o [1]
uwTickPrio              0x20000338     0x4  Data  Gb  stm32f4xx_hal.o [1]
uxCriticalNesting       0x200002d0     0x4  Data  Lc  port.o [1]
uxCurrentNumberOfTasks  0x200042d8     0x4  Data  Lc  tasks.o [1]
uxDeletedTasksWaitingCleanUp
                        0x200042c0     0x4  Data  Lc  tasks.o [1]
uxListRemove            0x08007a5d    0x24  Code  Gb  list.o [1]
uxPendedTicks           0x200042e8     0x4  Data  Lc  tasks.o [1]
uxSchedulerSuspended    0x200042fc     0x4  Data  Lc  tasks.o [1]
uxTaskNumber            0x200042f4     0x4  Data  Lc  tasks.o [1]
uxTopReadyPriority      0x200042e0     0x4  Data  Lc  tasks.o [1]
vListInitialise         0x080079f1    0x1a  Code  Gb  list.o [1]
vListInitialiseItem     0x08007a0b     0x6  Code  Gb  list.o [1]
vListInsert             0x08007a29    0x34  Code  Gb  list.o [1]
vListInsertEnd          0x08007a11    0x18  Code  Gb  list.o [1]
vPortEnableVFP          0x08007ecd          Code  Gb  portasm.o [1]
vPortEnterCritical      0x08007b75    0x32  Code  Gb  port.o [1]
vPortExitCritical       0x08007ba7    0x22  Code  Gb  port.o [1]
vPortFree               0x0800794b    0x58  Code  Gb  heap_4.o [1]
vPortStartFirstTask     0x08007eb5          Code  Gb  portasm.o [1]
vTaskDelay              0x080070cb    0x42  Code  Gb  tasks.o [1]
vTaskStartScheduler     0x0800710d    0x62  Code  Gb  tasks.o [1]
vTaskSuspendAll         0x0800716f     0xc  Code  Gb  tasks.o [1]
vTaskSwitchContext      0x080072ed    0x5a  Code  Gb  tasks.o [1]
wheelL1Angle_deg        0x200001b8     0x4  Data  Lc  main.o [1]
wheelL1FiltVelocity_mps
                        0x200000e0     0x4  Data  Lc  main.o [1]
wheelL1FiltVelocity_rpm
                        0x200001cc     0x4  Data  Lc  main.o [1]
wheelL1Odometer_m       0x20000188     0x4  Data  Lc  main.o [1]
wheelL1Odometer_m_prev  0x2000018c     0x4  Data  Lc  main.o [1]
wheelL1RawVelocity_mps  0x200001c8     0x4  Data  Lc  main.o [1]
wheelL1SumControl       0x20000228     0x4  Data  Lc  main.o [1]
wheelL1SumControlBeforeSaturation
                        0x2000022c     0x4  Data  Lc  main.o [1]
wheelL1VelocityDerivatedError
                        0x20000224     0x4  Data  Lc  main.o [1]
wheelL1VelocityError    0x20000218     0x4  Data  Lc  main.o [1]
wheelL1VelocityErrorBefore
                        0x2000021c     0x4  Data  Lc  main.o [1]
wheelL1VelocityIntError
                        0x20000220     0x4  Data  Lc  main.o [1]
wheelL2Angle_deg        0x200001bc     0x4  Data  Lc  main.o [1]
wheelL2FiltVelocity_mps
                        0x200000e4     0x4  Data  Lc  main.o [1]
wheelL2FiltVelocity_rpm
                        0x200001d4     0x4  Data  Lc  main.o [1]
wheelL2Odometer_m       0x20000190     0x4  Data  Lc  main.o [1]
wheelL2Odometer_m_prev  0x20000194     0x4  Data  Lc  main.o [1]
wheelL2RawVelocity_mps  0x200001d0     0x4  Data  Lc  main.o [1]
wheelL2SumControl       0x20000240     0x4  Data  Lc  main.o [1]
wheelL2SumControlBeforeSaturation
                        0x20000244     0x4  Data  Lc  main.o [1]
wheelL2VelocityDerivatedError
                        0x2000023c     0x4  Data  Lc  main.o [1]
wheelL2VelocityError    0x20000230     0x4  Data  Lc  main.o [1]
wheelL2VelocityErrorBefore
                        0x20000234     0x4  Data  Lc  main.o [1]
wheelL2VelocityIntError
                        0x20000238     0x4  Data  Lc  main.o [1]
wheelL3Angle_deg        0x200000d8     0x4  Data  Lc  main.o [1]
wheelL3FiltVelocity_mps
                        0x200000e8     0x4  Data  Lc  main.o [1]
wheelL3FiltVelocity_rpm
                        0x200001dc     0x4  Data  Lc  main.o [1]
wheelL3Odometer_m       0x20000198     0x4  Data  Lc  main.o [1]
wheelL3Odometer_m_prev  0x2000019c     0x4  Data  Lc  main.o [1]
wheelL3RawVelocity_mps  0x200001d8     0x4  Data  Lc  main.o [1]
wheelL3SumControl       0x20000258     0x4  Data  Lc  main.o [1]
wheelL3SumControlBeforeSaturation
                        0x2000025c     0x4  Data  Lc  main.o [1]
wheelL3VelocityDerivatedError
                        0x20000254     0x4  Data  Lc  main.o [1]
wheelL3VelocityError    0x20000248     0x4  Data  Lc  main.o [1]
wheelL3VelocityErrorBefore
                        0x2000024c     0x4  Data  Lc  main.o [1]
wheelL3VelocityIntError
                        0x20000250     0x4  Data  Lc  main.o [1]
wheelR1Angle_deg        0x200001c0     0x4  Data  Lc  main.o [1]
wheelR1FiltVelocity_mps
                        0x200000ec     0x4  Data  Lc  main.o [1]
wheelR1FiltVelocity_rpm
                        0x200001e4     0x4  Data  Lc  main.o [1]
wheelR1Odometer_m       0x200001a0     0x4  Data  Lc  main.o [1]
wheelR1Odometer_m_prev  0x200001a4     0x4  Data  Lc  main.o [1]
wheelR1RawVelocity_mps  0x200001e0     0x4  Data  Lc  main.o [1]
wheelR1SumControl       0x20000270     0x4  Data  Lc  main.o [1]
wheelR1SumControlBeforeSaturation
                        0x20000274     0x4  Data  Lc  main.o [1]
wheelR1VelocityDerivatedError
                        0x2000026c     0x4  Data  Lc  main.o [1]
wheelR1VelocityError    0x20000260     0x4  Data  Lc  main.o [1]
wheelR1VelocityErrorBefore
                        0x20000264     0x4  Data  Lc  main.o [1]
wheelR1VelocityIntError
                        0x20000268     0x4  Data  Lc  main.o [1]
wheelR2Angle_deg        0x200001c4     0x4  Data  Lc  main.o [1]
wheelR2FiltVelocity_mps
                        0x200000f0     0x4  Data  Lc  main.o [1]
wheelR2FiltVelocity_rpm
                        0x200001ec     0x4  Data  Lc  main.o [1]
wheelR2Odometer_m       0x200001a8     0x4  Data  Lc  main.o [1]
wheelR2Odometer_m_prev  0x200001ac     0x4  Data  Lc  main.o [1]
wheelR2RawVelocity_mps  0x200001e8     0x4  Data  Lc  main.o [1]
wheelR2SumControl       0x20000288     0x4  Data  Lc  main.o [1]
wheelR2SumControlBeforeSaturation
                        0x2000028c     0x4  Data  Lc  main.o [1]
wheelR2VelocityDerivatedError
                        0x20000284     0x4  Data  Lc  main.o [1]
wheelR2VelocityError    0x20000278     0x4  Data  Lc  main.o [1]
wheelR2VelocityErrorBefore
                        0x2000027c     0x4  Data  Lc  main.o [1]
wheelR2VelocityIntError
                        0x20000280     0x4  Data  Lc  main.o [1]
wheelR3Angle_deg        0x200000dc     0x4  Data  Lc  main.o [1]
wheelR3FiltVelocity_mps
                        0x200000f4     0x4  Data  Lc  main.o [1]
wheelR3FiltVelocity_rpm
                        0x200001f4     0x4  Data  Lc  main.o [1]
wheelR3Odometer_m       0x200001b0     0x4  Data  Lc  main.o [1]
wheelR3Odometer_m_prev  0x200001b4     0x4  Data  Lc  main.o [1]
wheelR3RawVelocity_mps  0x200001f0     0x4  Data  Lc  main.o [1]
wheelR3SumControl       0x200002a0     0x4  Data  Lc  main.o [1]
wheelR3SumControlBeforeSaturation
                        0x200002a4     0x4  Data  Lc  main.o [1]
wheelR3VelocityDerivatedError
                        0x2000029c     0x4  Data  Lc  main.o [1]
wheelR3VelocityError    0x20000290     0x4  Data  Lc  main.o [1]
wheelR3VelocityErrorBefore
                        0x20000294     0x4  Data  Lc  main.o [1]
wheelR3VelocityIntError
                        0x20000298     0x4  Data  Lc  main.o [1]
wheelSize_m             0x200001f8     0x4  Data  Lc  main.o [1]
xBlockAllocatedBit      0x20000358     0x4  Data  Lc  heap_4.o [1]
xDelayedTaskList1       0x20004300    0x14  Data  Lc  tasks.o [1]
xDelayedTaskList2       0x20004314    0x14  Data  Lc  tasks.o [1]
xFreeBytesRemaining     0x20000350     0x4  Data  Lc  heap_4.o [1]
xIdleTaskHandle         0x20004328     0x4  Data  Lc  tasks.o [1]
xMinimumEverFreeBytesRemaining
                        0x20000354     0x4  Data  Lc  heap_4.o [1]
xNextTaskUnblockTime    0x200042f8     0x4  Data  Lc  tasks.o [1]
xNumOfOverflows         0x200042f0     0x4  Data  Lc  tasks.o [1]
xPendingReadyList       0x2000428c    0x14  Data  Lc  tasks.o [1]
xPortStartScheduler     0x08007ad1    0xa4  Code  Gb  port.o [1]
xSchedulerRunning       0x200042e4     0x4  Data  Lc  tasks.o [1]
xStart                  0x20000344     0x8  Data  Lc  heap_4.o [1]
xSuspendedTaskList      0x200042c4    0x14  Data  Lc  tasks.o [1]
xTaskCreate             0x08006f25    0xc2  Code  Gb  tasks.o [1]
xTaskIncrementTick      0x08007227    0xc6  Code  Gb  tasks.o [1]
xTaskResumeAll          0x0800717b    0xac  Code  Gb  tasks.o [1]
xTasksWaitingTermination
                        0x200042a0    0x14  Data  Lc  tasks.o [1]
xTickCount              0x200042dc     0x4  Data  Lc  tasks.o [1]
xYieldPending           0x200042ec     0x4  Data  Lc  tasks.o [1]


[1] = C:\GIT\RevvyDemoKit\STM32F411\EWARM\RevvyDemo\Obj
[2] = command line
[3] = dl7M_tlf.a
[4] = m7M_tls.a
[5] = rt7M_tl.a
[6] = shb_l.a

  33 910 bytes of readonly  code memory
     255 bytes of readonly  data memory
  19 003 bytes of readwrite data memory

Errors: none
Warnings: none
